WARNING: All log messages before absl::InitializeLog() is called are written to STDERR
I0000 00:00:1788861546.094255 3354364 port.cc:153] oneDNN custom operations are on. You may see slightly different numerical results due to floating-point round-off errors from different computation orders. To turn them off, set the environment variable `TF_ENABLE_ONEDNN_OPTS=0`.
WARNING: All log messages before absl::InitializeLog() is called are written to STDERR
I0000 00:00:1788861547.490704 3354364 port.cc:153] oneDNN custom operations are on. You may see slightly different numerical results due to floating-point round-off errors from different computation orders. To turn them off, set the environment variable `TF_ENABLE_ONEDNN_OPTS=0`.
[fit] F_toy_cv: 3668671 candidates, nt 64 (integration 253), loaded in 41 s
      params ['k_hit', 'k_ms', 'k_ioni', 'k_rad', 'm_Z', 'Gamma_Z', 'shape1', 'shape2', 'shape3', 'shape4', 'shape5']
      norm_window [60.0, 120.0], upsample 4, self_consistent_sigma True, jensen exact, corr_form fluctuation, background uniform
  minimiser: method trust-exact, engine device
      seeded from /home/david_w/orcd/pool/zmass/fitresults/fit_F_toy.json: ['m_Z', 'Gamma_Z', 'shape1', 'shape2', 'shape3', 'shape4', 'shape5']
      7 free, 4 fixed ['k_hit', 'k_ioni', 'k_ms', 'k_rad']; 112 chunks of 32768

  reference point: NLL 10994223.973207, |grad|inf 3.815   [value+grad 7.8 s, Hessian 60.9 s (pfor), peak RSS 16.7 GB]
  Hessian eigenvalues [7.0605e-02 2.4976e-01 9.6940e+02 2.9751e+04 6.9135e+04 1.1077e+05
 4.8652e+10] (cond 6.89e+11)

  --- expected (Asimov) errors from the reference-point information (n = 3668671) ---
    parameter        error   N=3.67e+06
         m_Z       2.0059       2.0059
     Gamma_Z       3.7608       3.7608
      shape1       0.0191       0.0191
      shape2       0.0239       0.0239
      shape3       0.0163       0.0163
      shape4       0.0084       0.0084
      shape5       0.0017       0.0017
    correlations:
                   m_Z   Gamma_Z    shape1    shape2    shape3    shape4    shape5
         m_Z    1.0000    0.0595    0.3201    0.3508    0.4787    0.3713   -0.4224
     Gamma_Z    0.0595    1.0000    0.0382   -0.0043    0.0296    0.3587   -0.2798
      shape1    0.3201    0.0382    1.0000    0.9640    0.9495    0.6908   -0.8265
      shape2    0.3508   -0.0043    0.9640    1.0000    0.9294    0.7361   -0.8580
      shape3    0.4787    0.0296    0.9495    0.9294    1.0000    0.6663   -0.8168
      shape4    0.3713    0.3587    0.6908    0.7361    0.6663    1.0000   -0.9740
      shape5   -0.4224   -0.2798   -0.8265   -0.8580   -0.8168   -0.9740    1.0000
       it    1     106.0 s
       it    2     159.0 s
       it    3     211.8 s
     minimiser: 3 iterations, 264.9 s, peak host RSS 16.7 GB, peak TF device 15.40 GB, {'value': 0, 'grad': 6, 'hessp': 0}

  fit: 3 iterations, 265 s, NLL 10994223.721575, |grad|inf 0.0061
  sandwich in 159 s: error ratio [1.0932 1.097  1.0651 1.0485 1.0625 0.9877 1.0005]

  --- fitted values / observed information (n = 3668671) ---
    parameter        error   N=3.67e+06
         m_Z       2.0054       2.0054
     Gamma_Z       3.7567       3.7567
      shape1       0.0190       0.0190
      shape2       0.0238       0.0238
      shape3       0.0162       0.0162
      shape4       0.0084       0.0084
      shape5       0.0017       0.0017
    correlations:
                   m_Z   Gamma_Z    shape1    shape2    shape3    shape4    shape5
         m_Z    1.0000    0.0592    0.3200    0.3509    0.4794    0.3713   -0.4225
     Gamma_Z    0.0592    1.0000    0.0381   -0.0045    0.0295    0.3585   -0.2800
      shape1    0.3200    0.0381    1.0000    0.9635    0.9490    0.6905   -0.8256
      shape2    0.3509   -0.0045    0.9635    1.0000    0.9285    0.7363   -0.8575
      shape3    0.4794    0.0295    0.9490    0.9285    1.0000    0.6658   -0.8158
      shape4    0.3713    0.3585    0.6905    0.7363    0.6658    1.0000   -0.9742
      shape5   -0.4225   -0.2800   -0.8256   -0.8575   -0.8158   -0.9742    1.0000

    fitted values (sandwich errors where available):
      parameter        fitted       error       truth    fit-truth    pull
           m_Z      -3.75184     2.19229    +0.00000     -3.75184   -1.71
       Gamma_Z      -4.72999     4.12104    +0.00190     -4.73189   -1.15
        shape1      -0.33134     0.02024           -            -       -
        shape2      -0.05756     0.02493           -            -       -
        shape3      -0.10619     0.01725           -            -       -
        shape4      -0.29019     0.00828           -            -       -
        shape5      +0.05024     0.00171           -            -       -

    convergence, the DIAGONAL NEWTON STEP at the stop (|grad|inf = 0.0061 is not the test):
      parameter      gradient  step [sigma]
           m_Z   +2.8068e-10      +0.00000  <-- POI
       Gamma_Z   +1.5616e-09      +0.00000  <-- POI
        shape1   +5.1657e-06      +0.00000
        shape2   +2.6984e-05      +0.00000
        shape3   +0.00015097      +0.00000
        shape4   +0.00094515      +0.00001
        shape5    +0.0061023      +0.00001
      worst POI step 0.0000 sigma (requirement < 0.05) -> CONVERGED

  -> /home/david_w/orcd/pool/zmass/fitresults/fit_F_toy_cv.json
