WARNING: All log messages before absl::InitializeLog() is called are written to STDERR
I0000 00:00:1788877074.157116 3825164 port.cc:153] oneDNN custom operations are on. You may see slightly different numerical results due to floating-point round-off errors from different computation orders. To turn them off, set the environment variable `TF_ENABLE_ONEDNN_OPTS=0`.
WARNING: All log messages before absl::InitializeLog() is called are written to STDERR
I0000 00:00:1788877110.668105 3825164 port.cc:153] oneDNN custom operations are on. You may see slightly different numerical results due to floating-point round-off errors from different computation orders. To turn them off, set the environment variable `TF_ENABLE_ONEDNN_OPTS=0`.
[fit] F_toydc_cv: 3668671 candidates, nt 64 (integration 253), loaded in 72 s
      params ['k_hit', 'k_ms', 'k_ioni', 'k_rad', 'm_Z', 'Gamma_Z', 'shape1', 'shape2', 'shape3', 'shape4', 'shape5']
      norm_window [60.0, 120.0], upsample 4, self_consistent_sigma True, jensen exact, corr_form fluctuation, background uniform
  minimiser: method trust-exact, engine device
      seeded from /home/david_w/orcd/pool/zmass/fitresults/fit_F_toydc.json: ['m_Z', 'Gamma_Z', 'shape1', 'shape2', 'shape3', 'shape4', 'shape5']
      7 free, 4 fixed ['k_hit', 'k_ioni', 'k_ms', 'k_rad']; 112 chunks of 32768

  reference point: NLL 10933540.904057, |grad|inf 3.007   [value+grad 21.0 s, Hessian 62.7 s (pfor), peak RSS 16.8 GB]
  Hessian eigenvalues [7.0234e-02 2.4286e-01 1.1615e+03 2.4109e+04 6.7905e+04 1.0598e+05
 7.9891e+10] (cond 1.14e+12)

  --- expected (Asimov) errors from the reference-point information (n = 3668671) ---
    parameter        error   N=3.67e+06
         m_Z       2.0328       2.0328
     Gamma_Z       3.7714       3.7714
      shape1       0.0176       0.0176
      shape2       0.0220       0.0220
      shape3       0.0155       0.0155
      shape4       0.0097       0.0097
      shape5       0.0019       0.0019
    correlations:
                   m_Z   Gamma_Z    shape1    shape2    shape3    shape4    shape5
         m_Z    1.0000    0.0504    0.3606    0.3915    0.5254    0.3984   -0.4483
     Gamma_Z    0.0504    1.0000    0.0169   -0.0194    0.0058    0.3348   -0.2671
      shape1    0.3606    0.0169    1.0000    0.9500    0.9411    0.7214   -0.8260
      shape2    0.3915   -0.0194    0.9500    1.0000    0.9074    0.7847   -0.8716
      shape3    0.5254    0.0058    0.9411    0.9074    1.0000    0.6817   -0.8035
      shape4    0.3984    0.3348    0.7214    0.7847    0.6817    1.0000   -0.9830
      shape5   -0.4483   -0.2671   -0.8260   -0.8716   -0.8035   -0.9830    1.0000
       it    1     111.3 s
       it    2     168.3 s
       it    3     224.3 s
       it    4     280.1 s
       it    5     335.8 s
     minimiser: 5 iterations, 391.6 s, peak host RSS 16.8 GB, peak TF device 15.62 GB, {'value': 0, 'grad': 8, 'hessp': 0}

  fit: 5 iterations, 392 s, NLL 10933537.086231, |grad|inf 0.000202
  sandwich in 155 s: error ratio [1.184  1.1693 1.4245 1.4157 1.387  1.3661 1.371 ]

  --- fitted values / observed information (n = 3668671) ---
    parameter        error   N=3.67e+06
         m_Z       2.0269       2.0269
     Gamma_Z       3.7605       3.7605
      shape1       0.0176       0.0176
      shape2       0.0221       0.0221
      shape3       0.0155       0.0155
      shape4       0.0096       0.0096
      shape5       0.0019       0.0019
    correlations:
                   m_Z   Gamma_Z    shape1    shape2    shape3    shape4    shape5
         m_Z    1.0000    0.0553    0.3576    0.3883    0.5223    0.3964   -0.4461
     Gamma_Z    0.0553    1.0000    0.0234   -0.0126    0.0122    0.3402   -0.2727
      shape1    0.3576    0.0234    1.0000    0.9503    0.9412    0.7200   -0.8257
      shape2    0.3883   -0.0126    0.9503    1.0000    0.9076    0.7834   -0.8714
      shape3    0.5223    0.0122    0.9412    0.9076    1.0000    0.6803   -0.8033
      shape4    0.3964    0.3402    0.7200    0.7834    0.6803    1.0000   -0.9827
      shape5   -0.4461   -0.2727   -0.8257   -0.8714   -0.8033   -0.9827    1.0000

    fitted values (sandwich errors where available):
      parameter        fitted       error       truth    fit-truth    pull
           m_Z      +8.73359     2.39986    +0.00000     +8.73359    3.64
       Gamma_Z      -5.25616     4.39698    +0.00190     -5.25806   -1.20
        shape1      -0.44559     0.02511           -            -       -
        shape2      -0.27185     0.03126           -            -       -
        shape3      -0.20975     0.02153           -            -       -
        shape4      -0.35498     0.01316           -            -       -
        shape5      +0.06385     0.00257           -            -       -

    convergence: EDM = 0.5 g^T H^-1 g = 4.057e-19 (requirement < 0.001) -> CONVERGED
      |grad|inf = 0.000202 is NOT the test: the Hessian's condition number is ~1e6 here
      parameter      gradient  FULL step [sig]   diag proxy
           m_Z   +1.3379e-11         +0.00000     +0.00000  <-- POI
       Gamma_Z   +8.1997e-11         +0.00000     +0.00000  <-- POI
        shape1   +2.0627e-07         +0.00000     +0.00000
        shape2   +9.3729e-07         +0.00000     +0.00000
        shape3   +4.9791e-06         +0.00000     +0.00000
        shape4   +3.1186e-05         +0.00000     +0.00000
        shape5   +0.00020186         -0.00000     +0.00000
      worst POI displacement 0.0000 sigma (the diagonal proxy said 0.0000)

  -> /home/david_w/orcd/pool/zmass/fitresults/fit_F_toydc_cv.json
