WARNING: All log messages before absl::InitializeLog() is called are written to STDERR
I0000 00:00:1788861545.870833 4163613 port.cc:153] oneDNN custom operations are on. You may see slightly different numerical results due to floating-point round-off errors from different computation orders. To turn them off, set the environment variable `TF_ENABLE_ONEDNN_OPTS=0`.
WARNING: All log messages before absl::InitializeLog() is called are written to STDERR
I0000 00:00:1788861547.202173 4163613 port.cc:153] oneDNN custom operations are on. You may see slightly different numerical results due to floating-point round-off errors from different computation orders. To turn them off, set the environment variable `TF_ENABLE_ONEDNN_OPTS=0`.
[fit] F_toydc_cv: 3668671 candidates, nt 64 (integration 253), loaded in 39 s
      params ['k_hit', 'k_ms', 'k_ioni', 'k_rad', 'm_Z', 'Gamma_Z', 'shape1', 'shape2', 'shape3', 'shape4', 'shape5']
      norm_window [60.0, 120.0], upsample 4, self_consistent_sigma True, jensen exact, corr_form fluctuation, background uniform
  minimiser: method trust-exact, engine device
      seeded from /home/david_w/orcd/pool/zmass/fitresults/fit_F_toydc.json: ['m_Z', 'Gamma_Z', 'shape1', 'shape2', 'shape3', 'shape4', 'shape5']
      7 free, 4 fixed ['k_hit', 'k_ioni', 'k_ms', 'k_rad']; 112 chunks of 32768

  reference point: NLL 10933540.904057, |grad|inf 3.007   [value+grad 7.5 s, Hessian 60.1 s (pfor), peak RSS 16.7 GB]
  Hessian eigenvalues [7.0223e-02 2.4286e-01 1.1615e+03 2.4109e+04 6.7905e+04 1.0598e+05
 7.9891e+10] (cond 1.14e+12)

  --- expected (Asimov) errors from the reference-point information (n = 3668671) ---
    parameter        error   N=3.67e+06
         m_Z       2.0328       2.0328
     Gamma_Z       3.7714       3.7714
      shape1       0.0176       0.0176
      shape2       0.0220       0.0220
      shape3       0.0155       0.0155
      shape4       0.0097       0.0097
      shape5       0.0019       0.0019
    correlations:
                   m_Z   Gamma_Z    shape1    shape2    shape3    shape4    shape5
         m_Z    1.0000    0.0504    0.3606    0.3915    0.5254    0.3984   -0.4483
     Gamma_Z    0.0504    1.0000    0.0169   -0.0194    0.0058    0.3348   -0.2671
      shape1    0.3606    0.0169    1.0000    0.9500    0.9411    0.7214   -0.8260
      shape2    0.3915   -0.0194    0.9500    1.0000    0.9074    0.7847   -0.8716
      shape3    0.5254    0.0058    0.9411    0.9074    1.0000    0.6817   -0.8035
      shape4    0.3984    0.3348    0.7214    0.7847    0.6817    1.0000   -0.9830
      shape5   -0.4483   -0.2671   -0.8260   -0.8716   -0.8035   -0.9830    1.0000
       it    1     104.5 s
       it    2     156.7 s
       it    3     208.9 s
       it    4     261.2 s
       it    5     313.4 s
     minimiser: 5 iterations, 365.6 s, peak host RSS 16.7 GB, peak TF device 15.46 GB, {'value': 0, 'grad': 8, 'hessp': 0}

  fit: 5 iterations, 366 s, NLL 10933537.086231, |grad|inf 0.000203
  sandwich in 148 s: error ratio [1.184  1.1693 1.4245 1.4157 1.387  1.3661 1.371 ]

  --- fitted values / observed information (n = 3668671) ---
    parameter        error   N=3.67e+06
         m_Z       2.0269       2.0269
     Gamma_Z       3.7605       3.7605
      shape1       0.0176       0.0176
      shape2       0.0221       0.0221
      shape3       0.0155       0.0155
      shape4       0.0096       0.0096
      shape5       0.0019       0.0019
    correlations:
                   m_Z   Gamma_Z    shape1    shape2    shape3    shape4    shape5
         m_Z    1.0000    0.0553    0.3576    0.3883    0.5223    0.3964   -0.4461
     Gamma_Z    0.0553    1.0000    0.0234   -0.0126    0.0122    0.3402   -0.2727
      shape1    0.3576    0.0234    1.0000    0.9503    0.9412    0.7200   -0.8257
      shape2    0.3883   -0.0126    0.9503    1.0000    0.9076    0.7834   -0.8714
      shape3    0.5223    0.0122    0.9412    0.9076    1.0000    0.6803   -0.8033
      shape4    0.3964    0.3402    0.7200    0.7834    0.6803    1.0000   -0.9827
      shape5   -0.4461   -0.2727   -0.8257   -0.8714   -0.8033   -0.9827    1.0000

    fitted values (sandwich errors where available):
      parameter        fitted       error       truth    fit-truth    pull
           m_Z      +8.73359     2.39986    +0.00000     +8.73359    3.64
       Gamma_Z      -5.25616     4.39698    +0.00190     -5.25806   -1.20
        shape1      -0.44559     0.02511           -            -       -
        shape2      -0.27185     0.03126           -            -       -
        shape3      -0.20975     0.02153           -            -       -
        shape4      -0.35498     0.01316           -            -       -
        shape5      +0.06385     0.00257           -            -       -

    convergence, the DIAGONAL NEWTON STEP at the stop (|grad|inf = 0.000203 is not the test):
      parameter      gradient  step [sigma]
           m_Z   +2.2574e-11      +0.00000  <-- POI
       Gamma_Z   +8.2677e-11      +0.00000  <-- POI
        shape1   +2.0866e-07      +0.00000
        shape2   +9.4175e-07      +0.00000
        shape3        +5e-06      +0.00000
        shape4   +3.1329e-05      +0.00000
        shape5   +0.00020279      +0.00000
      worst POI step 0.0000 sigma (requirement < 0.05) -> CONVERGED

  -> /home/david_w/orcd/pool/zmass/fitresults/fit_F_toydc_cv.json
