############ joint_v2  07:49:52  card /home/david_w/orcd/pool/zmass/cards/joint_v2.hdf5  hess pfor
WARNING: All log messages before absl::InitializeLog() is called are written to STDERR
I0000 00:00:1788781809.726977  534073 port.cc:153] oneDNN custom operations are on. You may see slightly different numerical results due to floating-point round-off errors from different computation orders. To turn them off, set the environment variable `TF_ENABLE_ONEDNN_OPTS=0`.
WARNING: All log messages before absl::InitializeLog() is called are written to STDERR
I0000 00:00:1788781844.523158  534073 port.cc:153] oneDNN custom operations are on. You may see slightly different numerical results due to floating-point round-off errors from different computation orders. To turn them off, set the environment variable `TF_ENABLE_ONEDNN_OPTS=0`.
[fit_joint] joint_v2: 2 mass term(s) ['zmass', 'jpsi'], 6682662 candidates, loaded in 246 s
      zmass: 3682662 candidates, nt 64 (integration 253), 103 params, chunk 32768, kernel tabulated, corr_form fluctuation, jensen exact, scale_param None
      jpsi: 3000000 candidates, nt 64 (integration 64), 96 params, chunk 32768, kernel delta, corr_form fluctuation, jensen exact, scale_param None
External likelihood term 'hitchi2': the Hessian is singular and the gradient has a component outside its range, so the term is unbounded below and cannot be centered. Using the pseudo-inverse for the in-range part; absolute NLL values remain offset.
  external term 'hitchi2': 92 parameters, 92 of them free; const 0, lognorm -784.129
      99 free (92 of them calibration parameters), 4 fixed; 205 chunks
Traceback (most recent call last):
  File "/orcd/pool/005/david_w/zmass/fullscale/fit_joint.py", line 616, in <module>
    sys.exit(main())
             ~~~~^^
  File "/orcd/pool/005/david_w/zmass/fullscale/fit_joint.py", line 477, in main
    H0 = obj.hess(x0)
  File "/orcd/pool/005/david_w/zmass/fullscale/fit_joint.py", line 224, in hess
    H = self.inner.hess(xf, mode=mode)
  File "/orcd/pool/005/david_w/zmass/fullscale/chunkfit.py", line 314, in hess
    H = H + piece(v, it, t, ci)
            ~~~~~^^^^^^^^^^^^^^
  File "/orcd/pool/005/david_w/zmass/fullscale/chunkfit.py", line 284, in _hess_piece_pfor
    return t2.jacobian(g, v).numpy()
           ~~~~~~~~~~~^^^^^^
  File "/home/david_w/orcd/pool/env/tf/lib/python3.13/site-packages/tensorflow/python/eager/backprop.py", line 1170, in jacobian
    output = pfor_ops.pfor(loop_fn, target_size,
                           parallel_iterations=parallel_iterations)
  File "/home/david_w/orcd/pool/env/tf/lib/python3.13/site-packages/tensorflow/python/ops/parallel_for/control_flow_ops.py", line 228, in pfor
    outputs = f()
  File "/home/david_w/orcd/pool/env/tf/lib/python3.13/site-packages/tensorflow/python/util/traceback_utils.py", line 167, in error_handler
    raise e.with_traceback(filtered_tb) from None
  File "/home/david_w/orcd/pool/env/tf/lib/python3.13/site-packages/tensorflow/python/eager/execute.py", line 59, in quick_execute
    except TypeError as e:
    ...<5 lines>...
      raise e
tensorflow.python.framework.errors_impl.ResourceExhaustedError: Graph execution error:

Detected at node gradient_tape/Mul_9/pfor/Mul defined at (most recent call last):
  File "/orcd/pool/005/david_w/zmass/fullscale/fit_joint.py", line 616, in <module>

  File "/orcd/pool/005/david_w/zmass/fullscale/fit_joint.py", line 477, in main

  File "/orcd/pool/005/david_w/zmass/fullscale/fit_joint.py", line 224, in hess

  File "/orcd/pool/005/david_w/zmass/fullscale/chunkfit.py", line 314, in hess

  File "/orcd/pool/005/david_w/zmass/fullscale/chunkfit.py", line 284, in _hess_piece_pfor

  File "/home/david_w/orcd/pool/env/tf/lib/python3.13/site-packages/tensorflow/python/ops/parallel_for/control_flow_ops.py", line 212, in f

failed to allocate memory
	 [[{{node gradient_tape/Mul_9/pfor/Mul}}]]
Hint: If you want to see a list of allocated tensors when OOM happens, add report_tensor_allocations_upon_oom to RunOptions for current allocation info. This isn't available when running in Eager mode.
 [Op:__inference_f_558746]
############ done 07:58:57
