NVIDIA H200, 143771 MiB
############ Ss9  15:42:20  card /home/david_w/orcd/pool/zmass/cards/z_full380_fl_s9.hdf5  method trust-exact 
WARNING: All log messages before absl::InitializeLog() is called are written to STDERR
I0000 00:00:1788896541.131515 2907391 port.cc:153] oneDNN custom operations are on. You may see slightly different numerical results due to floating-point round-off errors from different computation orders. To turn them off, set the environment variable `TF_ENABLE_ONEDNN_OPTS=0`.
WARNING: All log messages before absl::InitializeLog() is called are written to STDERR
I0000 00:00:1788896542.540647 2907391 port.cc:153] oneDNN custom operations are on. You may see slightly different numerical results due to floating-point round-off errors from different computation orders. To turn them off, set the environment variable `TF_ENABLE_ONEDNN_OPTS=0`.
z_dummy {'axes': [Integer(0, 1, underflow=False, overflow=False, name='bin')], 'masked': False, 'flow': False, 'start': 0, 'stop': 1}
[38;21mINFO:unbinned.py: unbinned term 'zmass': 4445 of 3682662 candidates (0.1207 %) have |c_i/sigma_i| above corr_coeff_max = 0.08; the quadratic coefficient is bounded there[0m
[38;21mINFO:unbinned.py: Loaded unbinned term 'zmass' (kind MassCF, channel z): 3682662 candidates, 113 chunk(s) of 32768, parameters ['k_hit', 'k_ms', 'k_ioni', 'k_rad', 'm_Z', 'Gamma_Z', 'shape1', 'shape2', 'shape3', 'shape4', 'shape5', 'shape6', 'shape7', 'shape8', 'shape9'][0m
[38;21mINFO:unbinned_params.py: UnbinnedParams: 2 POI(s) ['m_Z', 'Gamma_Z'], 13 nuisance(s) ['k_hit', 'k_ms', 'k_ioni', 'k_rad', 'shape1', 'shape2', 'shape3', 'shape4', 'shape5', 'shape6', 'shape7', 'shape8', 'shape9'], 0 with a Gaussian prior[0m
[38;21mINFO:fitter.py: Unblinding 2 parameters: ['m_Z', 'Gamma_Z'][0m
[38;21mINFO:fitter.py: unbinned term 'zmass': 3682662 candidates in 113 chunk(s) of 32768, graph loop[0m
[38;21mINFO:fitter.py: 1 unbinned term(s): the Hessian is assembled from Hessian-vector products rather than from the vectorised jacobian, and the HVP is revrev.[0m
[38;21mINFO:fitter.py: Perform iterative fit[0m
[38;21mINFO:fitter.py: [minimize] method=trust-exact options={}[0m
[38;21mINFO:fitter.py:   - Condition number: 1001726703222263.6[0m
[38;21mINFO:fitter.py:   - edmval: 10347.333386034745[0m
[33;21mWARNING:fitter.py: 2 floating parameter(s) have an essentially zero Hessian diagonal (0.448 against a scale of 6.49e+13): [np.str_('m_Z'), np.str_('Gamma_Z')]. Nothing in the likelihood constrains them, so the trust-region subproblem is singular. Freeze them or give them a prior; this is NOT the frozen-parameter case and is deliberately not regularised away.[0m
[38;21mINFO:fitter.py:   - Condition number: 5304726264001.276[0m
[38;21mINFO:fitter.py:   - edmval: 56500.594855606556[0m
[38;21mINFO:snapshot.py: Wrote parameter snapshot (periodic) to /home/david_w/orcd/pool/zmass/fitresults/native/rabbit_Ss9.snapshot.hdf5; resume with --externalPostfit /home/david_w/orcd/pool/zmass/fitresults/native/rabbit_Ss9.snapshot.hdf5[0m
[38;21mINFO:fitter.py:   - Condition number: 34467118248146.887[0m
[38;21mINFO:fitter.py:   - edmval: 34564.88485614117[0m
[38;21mINFO:fitter.py:   - Condition number: 61275472284394.83[0m
[38;21mINFO:fitter.py:   - edmval: 22768.290503765922[0m
[38;21mINFO:fitter.py:   - Condition number: 484250327458703.7[0m
[38;21mINFO:fitter.py:   - edmval: 22873.665096488727[0m
[38;21mINFO:fitter.py:   - Condition number: 3.5316347963479452e+16[0m
[38;21mINFO:fitter.py:   - edmval: 21750.969342539087[0m
[38;21mINFO:fitter.py:   - Condition number: 8.012917417956911e+17[0m
[38;21mINFO:fitter.py:   - edmval: 14591.13265941292[0m
[38;21mINFO:fitter.py:   - Condition number: 2.1585366207153783e+19[0m
[38;21mINFO:fitter.py:   - edmval: 12785.924211099744[0m
[38;21mINFO:snapshot.py: Wrote parameter snapshot (periodic) to /home/david_w/orcd/pool/zmass/fitresults/native/rabbit_Ss9.snapshot.hdf5; resume with --externalPostfit /home/david_w/orcd/pool/zmass/fitresults/native/rabbit_Ss9.snapshot.hdf5[0m
[38;21mINFO:fitter.py:   - Condition number: 8.301203540999762e+20[0m
[38;21mINFO:fitter.py:   - edmval: 10190.816135406494[0m
[38;21mINFO:fitter.py:   - Condition number: 8.963862441342989e+23[0m
[38;21mINFO:fitter.py:   - edmval: 7513.26473069191[0m
[38;21mINFO:fitter.py:   - Condition number: 6.765057472741261e+23[0m
[38;21mINFO:fitter.py:   - edmval: 655.4218427743763[0m
[38;21mINFO:fitter.py:   - Condition number: 2.629022346643177e+17[0m
[38;21mINFO:fitter.py:   - edmval: 8419.340048033395[0m
[38;21mINFO:fitter.py:   - Condition number: 1.7525652809224326e+20[0m
[38;21mINFO:fitter.py:   - edmval: 32324.312426939607[0m
[38;21mINFO:fitter.py:   - Condition number: 1.665563883464916e+20[0m
[38;21mINFO:fitter.py:   - edmval: 31144.867470785975[0m
[38;21mINFO:snapshot.py: Wrote parameter snapshot (periodic) to /home/david_w/orcd/pool/zmass/fitresults/native/rabbit_Ss9.snapshot.hdf5; resume with --externalPostfit /home/david_w/orcd/pool/zmass/fitresults/native/rabbit_Ss9.snapshot.hdf5[0m
[38;21mINFO:fitter.py:   - Condition number: 6.037611338771015e+18[0m
[38;21mINFO:fitter.py:   - edmval: 8831.790185210295[0m
[38;21mINFO:fitter.py:   - Condition number: 3.495644390296197e+18[0m
[38;21mINFO:fitter.py:   - edmval: 9380.706508979987[0m
[38;21mINFO:fitter.py:   - Condition number: 2.7923312701573135e+18[0m
[38;21mINFO:fitter.py:   - edmval: 10338.898298223568[0m
[38;21mINFO:fitter.py:   - Condition number: 2.705205992192591e+18[0m
[38;21mINFO:fitter.py:   - edmval: 10602.155806023948[0m
[38;21mINFO:fitter.py:   - Condition number: 2.70821596376762e+18[0m
[38;21mINFO:fitter.py:   - edmval: 10606.225296122811[0m
[38;21mINFO:fitter.py:   - Condition number: 2.7141453716299044e+18[0m
[38;21mINFO:fitter.py:   - edmval: 10605.283013156371[0m
[38;21mINFO:snapshot.py: Wrote parameter snapshot (periodic) to /home/david_w/orcd/pool/zmass/fitresults/native/rabbit_Ss9.snapshot.hdf5; resume with --externalPostfit /home/david_w/orcd/pool/zmass/fitresults/native/rabbit_Ss9.snapshot.hdf5[0m
[38;21mINFO:fitter.py:   - Condition number: 2.7244249504579604e+18[0m
[38;21mINFO:fitter.py:   - edmval: 10602.27097423738[0m
[38;21mINFO:fitter.py:   - Condition number: 2.4169917779238856e+18[0m
[38;21mINFO:fitter.py:   - edmval: 10560.411455138337[0m
[38;21mINFO:fitter.py:   - Condition number: 2.8190631954139156e+18[0m
[38;21mINFO:fitter.py:   - edmval: 10557.886932059682[0m
[38;21mINFO:fitter.py:   - Condition number: 2.927506025130444e+18[0m
[38;21mINFO:fitter.py:   - edmval: 10452.42542561076[0m
[38;21mINFO:fitter.py:   - Condition number: 3.0552102198766484e+18[0m
[38;21mINFO:fitter.py:   - edmval: 10355.018083157662[0m
[38;21mINFO:fitter.py:   - Condition number: 3.0945015052579195e+18[0m
[38;21mINFO:fitter.py:   - edmval: 10433.864829182414[0m
[38;21mINFO:snapshot.py: Wrote parameter snapshot (periodic) to /home/david_w/orcd/pool/zmass/fitresults/native/rabbit_Ss9.snapshot.hdf5; resume with --externalPostfit /home/david_w/orcd/pool/zmass/fitresults/native/rabbit_Ss9.snapshot.hdf5[0m
[38;21mINFO:fitter.py:   - Condition number: 3.2183318382267776e+18[0m
[38;21mINFO:fitter.py:   - edmval: 10314.376261377343[0m
[38;21mINFO:fitter.py:   - Condition number: 3.2056434152108887e+18[0m
[38;21mINFO:fitter.py:   - edmval: 10459.959382950598[0m
[38;21mINFO:fitter.py:   - Condition number: 3.3617088906939146e+18[0m
[38;21mINFO:fitter.py:   - edmval: 10218.567127972572[0m
[38;21mINFO:fitter.py:   - Condition number: 3.280182398382142e+18[0m
[38;21mINFO:fitter.py:   - edmval: 10445.132531205347[0m
[38;21mINFO:fitter.py:   - Condition number: 3.5836367830908037e+18[0m
[38;21mINFO:fitter.py:   - edmval: 9851.40290021403[0m
[38;21mINFO:fitter.py:   - Condition number: 3.316047618952611e+18[0m
[38;21mINFO:fitter.py:   - edmval: 10218.734196693063[0m
[38;21mINFO:snapshot.py: Wrote parameter snapshot (periodic) to /home/david_w/orcd/pool/zmass/fitresults/native/rabbit_Ss9.snapshot.hdf5; resume with --externalPostfit /home/david_w/orcd/pool/zmass/fitresults/native/rabbit_Ss9.snapshot.hdf5[0m
[38;21mINFO:fitter.py:   - Condition number: 4.1580110193736156e+18[0m
[38;21mINFO:fitter.py:   - edmval: 8921.471224087814[0m
[38;21mINFO:fitter.py:   - Condition number: 3.298110684046025e+18[0m
[38;21mINFO:fitter.py:   - edmval: 9112.381006358002[0m
[38;21mINFO:fitter.py:   - Condition number: 3.4943205500004096e+18[0m
[38;21mINFO:fitter.py:   - edmval: 7681.081100008363[0m
[38;21mINFO:fitter.py:   - Condition number: 2.847087167068164e+18[0m
[38;21mINFO:fitter.py:   - edmval: 6230.215594178095[0m
[38;21mINFO:fitter.py:   - Condition number: 2.6570316619216614e+18[0m
[38;21mINFO:fitter.py:   - edmval: 3612.5114631959586[0m
[38;21mINFO:fitter.py:   - Condition number: 1.5057626410140262e+18[0m
[38;21mINFO:fitter.py:   - edmval: 1044.7001932271814[0m
[38;21mINFO:snapshot.py: Wrote parameter snapshot (periodic) to /home/david_w/orcd/pool/zmass/fitresults/native/rabbit_Ss9.snapshot.hdf5; resume with --externalPostfit /home/david_w/orcd/pool/zmass/fitresults/native/rabbit_Ss9.snapshot.hdf5[0m
[38;21mINFO:fitter.py:   - Condition number: 8.558287034488198e+17[0m
[38;21mINFO:fitter.py:   - edmval: 91.25429090310354[0m
[38;21mINFO:fitter.py:   - Condition number: 1.3239248155696259e+18[0m
[38;21mINFO:fitter.py:   - edmval: 50.08197871304583[0m
[38;21mINFO:fitter.py:   - Condition number: 1.4334153546862508e+18[0m
[38;21mINFO:fitter.py:   - edmval: 65.40628650697181[0m
[38;21mINFO:fitter.py:   - Condition number: 7.040069734913114e+18[0m
[38;21mINFO:fitter.py:   - edmval: 5597.529978570761[0m
[38;21mINFO:fitter.py:   - Condition number: 5.743477205559825e+18[0m
[38;21mINFO:fitter.py:   - edmval: 7116.019733352936[0m
[38;21mINFO:fitter.py:   - Condition number: 3.540022711355496e+18[0m
[38;21mINFO:fitter.py:   - edmval: 2406.390317280282[0m
[38;21mINFO:snapshot.py: Wrote parameter snapshot (periodic) to /home/david_w/orcd/pool/zmass/fitresults/native/rabbit_Ss9.snapshot.hdf5; resume with --externalPostfit /home/david_w/orcd/pool/zmass/fitresults/native/rabbit_Ss9.snapshot.hdf5[0m
[38;21mINFO:fitter.py:   - Condition number: 1.6897000885437594e+18[0m
[38;21mINFO:fitter.py:   - edmval: 1042.929340727802[0m
[38;21mINFO:fitter.py:   - Condition number: 9.714758611855967e+17[0m
[38;21mINFO:fitter.py:   - edmval: 149.15301635293872[0m
[38;21mINFO:fitter.py:   - Condition number: 8.810797441690228e+17[0m
[38;21mINFO:fitter.py:   - edmval: 44.602749569370644[0m
[38;21mINFO:fitter.py:   - Condition number: 5.624059895292524e+17[0m
[38;21mINFO:fitter.py:   - edmval: 46.56532912878902[0m
[38;21mINFO:fitter.py:   - Condition number: 3.439506943534696e+17[0m
[38;21mINFO:fitter.py:   - edmval: 45.39973458099121[0m
[38;21mINFO:fitter.py:   - Condition number: 2.094544495078714e+17[0m
[38;21mINFO:fitter.py:   - edmval: 47.62760714640899[0m
[38;21mINFO:snapshot.py: Wrote parameter snapshot (periodic) to /home/david_w/orcd/pool/zmass/fitresults/native/rabbit_Ss9.snapshot.hdf5; resume with --externalPostfit /home/david_w/orcd/pool/zmass/fitresults/native/rabbit_Ss9.snapshot.hdf5[0m
[38;21mINFO:fitter.py:   - Condition number: 1.3503786704448272e+17[0m
[38;21mINFO:fitter.py:   - edmval: 40.90999227068096[0m
[38;21mINFO:fitter.py:   - Condition number: 9.559667638819688e+16[0m
[38;21mINFO:fitter.py:   - edmval: 43.01022317400202[0m
[38;21mINFO:fitter.py:   - Condition number: 9.563320993748818e+16[0m
[38;21mINFO:fitter.py:   - edmval: 35.15180794575281[0m
[38;21mINFO:fitter.py:   - Condition number: 5.9093408818437064e+16[0m
[38;21mINFO:fitter.py:   - edmval: 28.9742754366016[0m
[38;21mINFO:fitter.py:   - Condition number: 8.7149405202315e+16[0m
[38;21mINFO:fitter.py:   - edmval: 83.38080046057439[0m
[38;21mINFO:fitter.py:   - Condition number: 4.2084692199378936e+16[0m
[38;21mINFO:fitter.py:   - edmval: 21.709239811247244[0m
[38;21mINFO:snapshot.py: Wrote parameter snapshot (periodic) to /home/david_w/orcd/pool/zmass/fitresults/native/rabbit_Ss9.snapshot.hdf5; resume with --externalPostfit /home/david_w/orcd/pool/zmass/fitresults/native/rabbit_Ss9.snapshot.hdf5[0m
[38;21mINFO:fitter.py:   - Condition number: 2.0921307301340212e+16[0m
[38;21mINFO:fitter.py:   - edmval: 19.110445280190106[0m
[38;21mINFO:fitter.py:   - Condition number: 6.039254529615477e+16[0m
[38;21mINFO:fitter.py:   - edmval: 371.066466967779[0m
[38;21mINFO:fitter.py:   - Condition number: 3.114648538552724e+16[0m
[38;21mINFO:fitter.py:   - edmval: 84.37094484213958[0m
[38;21mINFO:fitter.py:   - Condition number: 2.15618919611953e+16[0m
[38;21mINFO:fitter.py:   - edmval: 39.11130478031919[0m
[38;21mINFO:fitter.py:   - Condition number: 1.4836909781838464e+16[0m
[38;21mINFO:fitter.py:   - edmval: 20.379321274673202[0m
[38;21mINFO:fitter.py:   - Condition number: 8001695265732525.0[0m
[38;21mINFO:fitter.py:   - edmval: 16.05125031299258[0m
[38;21mINFO:snapshot.py: Wrote parameter snapshot (periodic) to /home/david_w/orcd/pool/zmass/fitresults/native/rabbit_Ss9.snapshot.hdf5; resume with --externalPostfit /home/david_w/orcd/pool/zmass/fitresults/native/rabbit_Ss9.snapshot.hdf5[0m
[38;21mINFO:fitter.py:   - Condition number: 4245928980077902.0[0m
[38;21mINFO:fitter.py:   - edmval: 15.51420543242375[0m
[38;21mINFO:fitter.py:   - Condition number: 2451569030703351.0[0m
[38;21mINFO:fitter.py:   - edmval: 16.493713388999367[0m
[38;21mINFO:fitter.py:   - Condition number: 1617134875477102.5[0m
[38;21mINFO:fitter.py:   - edmval: 16.55536754092077[0m
[38;21mINFO:fitter.py:   - Condition number: 1074606595418935.2[0m
[38;21mINFO:fitter.py:   - edmval: 17.700929820560532[0m
[38;21mINFO:fitter.py:   - Condition number: 1012713242727466.1[0m
[38;21mINFO:fitter.py:   - edmval: 15.721443120700314[0m
[38;21mINFO:fitter.py:   - Condition number: 794588088972870.8[0m
[38;21mINFO:fitter.py:   - edmval: 15.759649477201947[0m
[38;21mINFO:snapshot.py: Wrote parameter snapshot (periodic) to /home/david_w/orcd/pool/zmass/fitresults/native/rabbit_Ss9.snapshot.hdf5; resume with --externalPostfit /home/david_w/orcd/pool/zmass/fitresults/native/rabbit_Ss9.snapshot.hdf5[0m
[38;21mINFO:fitter.py:   - Condition number: 1694370675402002.0[0m
[38;21mINFO:fitter.py:   - edmval: 82.04247579409093[0m
[38;21mINFO:fitter.py:   - Condition number: 1141913049456333.2[0m
[38;21mINFO:fitter.py:   - edmval: 27.296699956257726[0m
[38;21mINFO:fitter.py:   - Condition number: 1015717789107020.2[0m
[38;21mINFO:fitter.py:   - edmval: 20.791000369584253[0m
[38;21mINFO:fitter.py:   - Condition number: 754344586574722.0[0m
[38;21mINFO:fitter.py:   - edmval: 14.23744151400092[0m
