############ P2smoke  14:15:11  card /home/david_w/orcd/pool/zmass/cards/joint_ok_n500k.hdf5  method trust-exact
NVIDIA H200, 143771 MiB, 590.48.01
WARNING: All log messages before absl::InitializeLog() is called are written to STDERR
I0000 00:00:1788891312.369883 3437973 port.cc:153] oneDNN custom operations are on. You may see slightly different numerical results due to floating-point round-off errors from different computation orders. To turn them off, set the environment variable `TF_ENABLE_ONEDNN_OPTS=0`.
WARNING: All log messages before absl::InitializeLog() is called are written to STDERR
I0000 00:00:1788891314.247205 3437973 port.cc:153] oneDNN custom operations are on. You may see slightly different numerical results due to floating-point round-off errors from different computation orders. To turn them off, set the environment variable `TF_ENABLE_ONEDNN_OPTS=0`.
calib_dummy {'axes': [Integer(0, 1, underflow=False, overflow=False, name='bin')], 'masked': False, 'flow': False, 'start': 0, 'stop': 1}
[38;21mINFO:unbinned.py: unbinned term 'jpsi': 10 of 500000 candidates (0.0020 %) have |c_i/sigma_i| above corr_coeff_max = 0.08; the quadratic coefficient is bounded there[0m
[38;21mINFO:unbinned.py: Loaded unbinned term 'jpsi' (kind MassCF, channel jpsi): 500000 candidates, 62 chunk(s) of 8192, parameters ['k_hit', 'k_ms', 'k_ioni', 'k_rad', 'bfield_mode0', 'bfield_mode1', 'bfield_mode2', 'bfield_mode3', 'bfield_mode4', 'bfield_mode5', 'bfield_mode6', 'bfield_mode7', 'bfield_mode8', 'bfield_mode9', 'bfield_mode10', 'bfield_mode11', 'bfield_mode12', 'bfield_mode13', 'bfield_mode14', 'bfield_mode15', 'bfield_mode16', 'bfield_mode17', 'bfield_mode18', 'bfield_mode19', 'bfield_mode20', 'bfield_mode21', 'bfield_mode22', 'bfield_mode23', 'bfield_mode24', 'bfield_mode25', 'bfield_mode26', 'bfield_mode27', 'bfield_mode28', 'bfield_mode29', 'bfield_mode30', 'bfield_mode31', 'bfield_mode32', 'bfield_mode33', 'bfield_mode34', 'bfield_mode35', 'bfield_mode36', 'bfield_mode37', 'bfield_mode38', 'bfield_mode39', 'bfield_mode40', 'bfield_mode41', 'bfield_mode42', 'bfield_mode43', 'bfield_mode44', 'bfield_mode45', 'bfield_mode46', 'bfield_mode47', 'bfield_mode48', 'bfield_mode49', 'material_other', 'material_beampipe', 'material_bpix_active_L1', 'material_bpix_active_L2', 'material_bpix_active_L3', 'material_bpix_services', 'material_bpix_support6', 'material_bpix_support7', 'material_fpix_active_D1', 'material_fpix_active_D2', 'material_fpix_support', 'material_tib_active_L1', 'material_tib_active_L2', 'material_tib_active_L3', 'material_tib_active_L4', 'material_tibtid_services', 'material_tib_support', 'material_tid_active_R1', 'material_tid_active_R2', 'material_tid_active_R3', 'material_tid_support', 'material_tob_active_L1', 'material_tob_active_L2', 'material_tob_active_L3', 'material_tob_active_L4', 'material_tob_active_L5', 'material_tob_active_L6', 'material_tob_services', 'material_tob_support', 'material_tec_active_R1', 'material_tec_active_R2', 'material_tec_active_R3', 'material_tec_active_R4', 'material_tec_active_R5', 'material_tec_active_R6', 'material_tec_active_R7', 'material_tec_services', 'material_tec_structure', 'material_thermal_screen', 'material_support_tube', 'material_pp1_cables', 'material_pixel_patch'][0m
[38;21mINFO:unbinned.py: unbinned term 'zmass': 594 of 500000 candidates (0.1188 %) have |c_i/sigma_i| above corr_coeff_max = 0.08; the quadratic coefficient is bounded there[0m
[38;21mINFO:unbinned.py: Loaded unbinned term 'zmass' (kind MassCF, channel z): 500000 candidates, 62 chunk(s) of 8192, parameters ['k_hit', 'k_ms', 'k_ioni', 'k_rad', 'm_Z', 'Gamma_Z', 'shape1', 'shape2', 'shape3', 'shape4', 'shape5', 'bfield_mode0', 'bfield_mode1', 'bfield_mode2', 'bfield_mode3', 'bfield_mode4', 'bfield_mode5', 'bfield_mode6', 'bfield_mode7', 'bfield_mode8', 'bfield_mode9', 'bfield_mode10', 'bfield_mode11', 'bfield_mode12', 'bfield_mode13', 'bfield_mode14', 'bfield_mode15', 'bfield_mode16', 'bfield_mode17', 'bfield_mode18', 'bfield_mode19', 'bfield_mode20', 'bfield_mode21', 'bfield_mode22', 'bfield_mode23', 'bfield_mode24', 'bfield_mode25', 'bfield_mode26', 'bfield_mode27', 'bfield_mode28', 'bfield_mode29', 'bfield_mode30', 'bfield_mode31', 'bfield_mode32', 'bfield_mode33', 'bfield_mode34', 'bfield_mode35', 'bfield_mode36', 'bfield_mode37', 'bfield_mode38', 'bfield_mode39', 'bfield_mode40', 'bfield_mode41', 'bfield_mode42', 'bfield_mode43', 'bfield_mode44', 'bfield_mode45', 'bfield_mode46', 'bfield_mode47', 'bfield_mode48', 'bfield_mode49', 'material_other', 'material_beampipe', 'material_bpix_active_L1', 'material_bpix_active_L2', 'material_bpix_active_L3', 'material_bpix_services', 'material_bpix_support6', 'material_bpix_support7', 'material_fpix_active_D1', 'material_fpix_active_D2', 'material_fpix_support', 'material_tib_active_L1', 'material_tib_active_L2', 'material_tib_active_L3', 'material_tib_active_L4', 'material_tibtid_services', 'material_tib_support', 'material_tid_active_R1', 'material_tid_active_R2', 'material_tid_active_R3', 'material_tid_support', 'material_tob_active_L1', 'material_tob_active_L2', 'material_tob_active_L3', 'material_tob_active_L4', 'material_tob_active_L5', 'material_tob_active_L6', 'material_tob_services', 'material_tob_support', 'material_tec_active_R1', 'material_tec_active_R2', 'material_tec_active_R3', 'material_tec_active_R4', 'material_tec_active_R5', 'material_tec_active_R6', 'material_tec_active_R7', 'material_tec_services', 'material_tec_structure', 'material_thermal_screen', 'material_support_tube', 'material_pp1_cables', 'material_pixel_patch'][0m
Traceback (most recent call last):
  File "/home/david_w/orcd/pool/zmass/rabbit-vmass/bin/rabbit_fit.py", line 1089, in <module>
    main()
    ~~~~^^
  File "/home/david_w/orcd/pool/zmass/rabbit-vmass/bin/rabbit_fit.py", line 920, in main
    param_model = ph.load_models(model_specs, indata, **vars(args))
  File "/home/david_w/orcd/pool/zmass/rabbit-vmass/rabbit/param_models/helpers.py", line 41, in load_models
    models = [load_model(spec[0], indata, *spec[1:], **kwargs) for spec in model_specs]
              ~~~~~~~~~~^^^^^^^^^^^^^^^^^^^^^^^^^^^^^^^^^^^^^^
  File "/home/david_w/orcd/pool/zmass/rabbit-vmass/rabbit/param_models/helpers.py", line 25, in load_model
    model = common.load_class_from_module(
        class_name, baseline_models, base_dir="rabbit.param_models"
    )
  File "/home/david_w/orcd/pool/zmass/rabbit-vmass/rabbit/common.py", line 33, in load_class_from_module
    raise ValueError(
        f"Class {class_name} not found, available classes are {class_module_dict.keys()}"
    )
ValueError: Class ExternalParams bundle:global_params not found, available classes are dict_keys(['Ones', 'Mu', 'Mixture', 'AxisNormModel', 'AxisExpModel', 'AxisBernsteinModel', 'ABCD', 'ExtendedABCD', 'SmoothABCD', 'SmoothExtendedABCD', 'ABCDIsoMT', 'ExtendedABCDIsoMT', 'SmoothABCDIsoMT', 'SmoothExtendedABCDIsoMT', 'UnbinnedParams', 'ExternalParams'])
############ done 14:16:28
