############ P2smoke  15:09:31  card /home/david_w/orcd/pool/zmass/cards/joint_ok_n500k.hdf5  method trust-exact
NVIDIA H200, 143771 MiB, 590.48.01
WARNING: All log messages before absl::InitializeLog() is called are written to STDERR
I0000 00:00:1788894571.532586 2475008 port.cc:153] oneDNN custom operations are on. You may see slightly different numerical results due to floating-point round-off errors from different computation orders. To turn them off, set the environment variable `TF_ENABLE_ONEDNN_OPTS=0`.
WARNING: All log messages before absl::InitializeLog() is called are written to STDERR
I0000 00:00:1788894572.945726 2475008 port.cc:153] oneDNN custom operations are on. You may see slightly different numerical results due to floating-point round-off errors from different computation orders. To turn them off, set the environment variable `TF_ENABLE_ONEDNN_OPTS=0`.
calib_dummy {'axes': [Integer(0, 1, underflow=False, overflow=False, name='bin')], 'masked': False, 'flow': False, 'start': 0, 'stop': 1}
[38;21mINFO:unbinned.py: unbinned term 'jpsi': 10 of 500000 candidates (0.0020 %) have |c_i/sigma_i| above corr_coeff_max = 0.08; the quadratic coefficient is bounded there[0m
[38;21mINFO:unbinned.py: unbinned term 'jpsi': D is 79.3% dense over 500000 x 92, stored DENSE (sparse_dense_matmul has no deterministic GPU kernel, and below ~1/3 density COO is the larger representation anyway)[0m
[38;21mINFO:unbinned.py: Loaded unbinned term 'jpsi' (kind MassCF, channel jpsi): 500000 candidates, 62 chunk(s) of 8192, parameters ['k_hit', 'k_ms', 'k_ioni', 'k_rad', 'bfield_mode0', 'bfield_mode1', 'bfield_mode2', 'bfield_mode3', 'bfield_mode4', 'bfield_mode5', 'bfield_mode6', 'bfield_mode7', 'bfield_mode8', 'bfield_mode9', 'bfield_mode10', 'bfield_mode11', 'bfield_mode12', 'bfield_mode13', 'bfield_mode14', 'bfield_mode15', 'bfield_mode16', 'bfield_mode17', 'bfield_mode18', 'bfield_mode19', 'bfield_mode20', 'bfield_mode21', 'bfield_mode22', 'bfield_mode23', 'bfield_mode24', 'bfield_mode25', 'bfield_mode26', 'bfield_mode27', 'bfield_mode28', 'bfield_mode29', 'bfield_mode30', 'bfield_mode31', 'bfield_mode32', 'bfield_mode33', 'bfield_mode34', 'bfield_mode35', 'bfield_mode36', 'bfield_mode37', 'bfield_mode38', 'bfield_mode39', 'bfield_mode40', 'bfield_mode41', 'bfield_mode42', 'bfield_mode43', 'bfield_mode44', 'bfield_mode45', 'bfield_mode46', 'bfield_mode47', 'bfield_mode48', 'bfield_mode49', 'material_other', 'material_beampipe', 'material_bpix_active_L1', 'material_bpix_active_L2', 'material_bpix_active_L3', 'material_bpix_services', 'material_bpix_support6', 'material_bpix_support7', 'material_fpix_active_D1', 'material_fpix_active_D2', 'material_fpix_support', 'material_tib_active_L1', 'material_tib_active_L2', 'material_tib_active_L3', 'material_tib_active_L4', 'material_tibtid_services', 'material_tib_support', 'material_tid_active_R1', 'material_tid_active_R2', 'material_tid_active_R3', 'material_tid_support', 'material_tob_active_L1', 'material_tob_active_L2', 'material_tob_active_L3', 'material_tob_active_L4', 'material_tob_active_L5', 'material_tob_active_L6', 'material_tob_services', 'material_tob_support', 'material_tec_active_R1', 'material_tec_active_R2', 'material_tec_active_R3', 'material_tec_active_R4', 'material_tec_active_R5', 'material_tec_active_R6', 'material_tec_active_R7', 'material_tec_services', 'material_tec_structure', 'material_thermal_screen', 'material_support_tube', 'material_pp1_cables', 'material_pixel_patch'][0m
[38;21mINFO:unbinned.py: unbinned term 'zmass': 594 of 500000 candidates (0.1188 %) have |c_i/sigma_i| above corr_coeff_max = 0.08; the quadratic coefficient is bounded there[0m
[38;21mINFO:unbinned.py: unbinned term 'zmass': D is 82.3% dense over 500000 x 92, stored DENSE (sparse_dense_matmul has no deterministic GPU kernel, and below ~1/3 density COO is the larger representation anyway)[0m
[38;21mINFO:unbinned.py: Loaded unbinned term 'zmass' (kind MassCF, channel z): 500000 candidates, 62 chunk(s) of 8192, parameters ['k_hit', 'k_ms', 'k_ioni', 'k_rad', 'm_Z', 'Gamma_Z', 'shape1', 'shape2', 'shape3', 'shape4', 'shape5', 'bfield_mode0', 'bfield_mode1', 'bfield_mode2', 'bfield_mode3', 'bfield_mode4', 'bfield_mode5', 'bfield_mode6', 'bfield_mode7', 'bfield_mode8', 'bfield_mode9', 'bfield_mode10', 'bfield_mode11', 'bfield_mode12', 'bfield_mode13', 'bfield_mode14', 'bfield_mode15', 'bfield_mode16', 'bfield_mode17', 'bfield_mode18', 'bfield_mode19', 'bfield_mode20', 'bfield_mode21', 'bfield_mode22', 'bfield_mode23', 'bfield_mode24', 'bfield_mode25', 'bfield_mode26', 'bfield_mode27', 'bfield_mode28', 'bfield_mode29', 'bfield_mode30', 'bfield_mode31', 'bfield_mode32', 'bfield_mode33', 'bfield_mode34', 'bfield_mode35', 'bfield_mode36', 'bfield_mode37', 'bfield_mode38', 'bfield_mode39', 'bfield_mode40', 'bfield_mode41', 'bfield_mode42', 'bfield_mode43', 'bfield_mode44', 'bfield_mode45', 'bfield_mode46', 'bfield_mode47', 'bfield_mode48', 'bfield_mode49', 'material_other', 'material_beampipe', 'material_bpix_active_L1', 'material_bpix_active_L2', 'material_bpix_active_L3', 'material_bpix_services', 'material_bpix_support6', 'material_bpix_support7', 'material_fpix_active_D1', 'material_fpix_active_D2', 'material_fpix_support', 'material_tib_active_L1', 'material_tib_active_L2', 'material_tib_active_L3', 'material_tib_active_L4', 'material_tibtid_services', 'material_tib_support', 'material_tid_active_R1', 'material_tid_active_R2', 'material_tid_active_R3', 'material_tid_support', 'material_tob_active_L1', 'material_tob_active_L2', 'material_tob_active_L3', 'material_tob_active_L4', 'material_tob_active_L5', 'material_tob_active_L6', 'material_tob_services', 'material_tob_support', 'material_tec_active_R1', 'material_tec_active_R2', 'material_tec_active_R3', 'material_tec_active_R4', 'material_tec_active_R5', 'material_tec_active_R6', 'material_tec_active_R7', 'material_tec_services', 'material_tec_structure', 'material_thermal_screen', 'material_support_tube', 'material_pp1_cables', 'material_pixel_patch'][0m
[38;21mINFO:external_params.py: ExternalParams['global_params']: 52 POI(s), 51 nuisance(s), 42 with a Gaussian prior[0m
[38;21mINFO:fitter.py: Unblinding 52 parameters: ['bfield_mode0', 'bfield_mode1', 'bfield_mode2', 'bfield_mode3', 'bfield_mode4', 'bfield_mode5', 'bfield_mode6', 'bfield_mode7', 'bfield_mode8', 'bfield_mode9', 'bfield_mode10', 'bfield_mode11', 'bfield_mode12', 'bfield_mode13', 'bfield_mode14', 'bfield_mode15', 'bfield_mode16', 'bfield_mode17', 'bfield_mode18', 'bfield_mode19', 'bfield_mode20', 'bfield_mode21', 'bfield_mode22', 'bfield_mode23', 'bfield_mode24', 'bfield_mode25', 'bfield_mode26', 'bfield_mode27', 'bfield_mode28', 'bfield_mode29', 'bfield_mode30', 'bfield_mode31', 'bfield_mode32', 'bfield_mode33', 'bfield_mode34', 'bfield_mode35', 'bfield_mode36', 'bfield_mode37', 'bfield_mode38', 'bfield_mode39', 'bfield_mode40', 'bfield_mode41', 'bfield_mode42', 'bfield_mode43', 'bfield_mode44', 'bfield_mode45', 'bfield_mode46', 'bfield_mode47', 'bfield_mode48', 'bfield_mode49', 'm_Z', 'Gamma_Z'][0m
[38;21mINFO:fitter.py: [paramPriors] applying Gaussian priors to 42/103 ParamModel params:[0m
[38;21mINFO:fitter.py:     material_other: μ=0 σ=0.04[0m
[38;21mINFO:fitter.py:     material_beampipe: μ=0 σ=0.0001[0m
[38;21mINFO:fitter.py:     material_bpix_active_L1: μ=0 σ=0.0004[0m
[38;21mINFO:fitter.py:     material_bpix_active_L2: μ=0 σ=0.0004[0m
[38;21mINFO:fitter.py:     material_bpix_active_L3: μ=0 σ=0.0004[0m
[38;21mINFO:fitter.py:     material_bpix_services: μ=0 σ=0.01[0m
[38;21mINFO:fitter.py:     material_bpix_support6: μ=0 σ=0.0025[0m
[38;21mINFO:fitter.py:     material_bpix_support7: μ=0 σ=0.01[0m
[38;21mINFO:fitter.py:     material_fpix_active_D1: μ=0 σ=0.0004[0m
[38;21mINFO:fitter.py:     material_fpix_active_D2: μ=0 σ=0.0004[0m
[38;21mINFO:fitter.py:     material_fpix_support: μ=0 σ=0.0025[0m
[38;21mINFO:fitter.py:     material_tib_active_L1: μ=0 σ=0.0004[0m
[38;21mINFO:fitter.py:     material_tib_active_L2: μ=0 σ=0.0004[0m
[38;21mINFO:fitter.py:     material_tib_active_L3: μ=0 σ=0.0004[0m
[38;21mINFO:fitter.py:     material_tib_active_L4: μ=0 σ=0.0004[0m
[38;21mINFO:fitter.py:     material_tibtid_services: μ=0 σ=0.01[0m
[38;21mINFO:fitter.py:     material_tib_support: μ=0 σ=0.0025[0m
[38;21mINFO:fitter.py:     material_tid_active_R1: μ=0 σ=0.0004[0m
[38;21mINFO:fitter.py:     material_tid_active_R2: μ=0 σ=0.0004[0m
[38;21mINFO:fitter.py:     material_tid_active_R3: μ=0 σ=0.0004[0m
[38;21mINFO:fitter.py:     material_tid_support: μ=0 σ=0.0025[0m
[38;21mINFO:fitter.py:     material_tob_active_L1: μ=0 σ=0.0004[0m
[38;21mINFO:fitter.py:     material_tob_active_L2: μ=0 σ=0.0004[0m
[38;21mINFO:fitter.py:     material_tob_active_L3: μ=0 σ=0.0004[0m
[38;21mINFO:fitter.py:     material_tob_active_L4: μ=0 σ=0.0004[0m
[38;21mINFO:fitter.py:     material_tob_active_L5: μ=0 σ=0.0004[0m
[38;21mINFO:fitter.py:     material_tob_active_L6: μ=0 σ=0.0004[0m
[38;21mINFO:fitter.py:     material_tob_services: μ=0 σ=0.01[0m
[38;21mINFO:fitter.py:     material_tob_support: μ=0 σ=0.0025[0m
[38;21mINFO:fitter.py:     material_tec_active_R1: μ=0 σ=0.0004[0m
[38;21mINFO:fitter.py:     material_tec_active_R2: μ=0 σ=0.0004[0m
[38;21mINFO:fitter.py:     material_tec_active_R3: μ=0 σ=0.0004[0m
[38;21mINFO:fitter.py:     material_tec_active_R4: μ=0 σ=0.0004[0m
[38;21mINFO:fitter.py:     material_tec_active_R5: μ=0 σ=0.0004[0m
[38;21mINFO:fitter.py:     material_tec_active_R6: μ=0 σ=0.0004[0m
[38;21mINFO:fitter.py:     material_tec_active_R7: μ=0 σ=0.0004[0m
[38;21mINFO:fitter.py:     material_tec_services: μ=0 σ=0.01[0m
[38;21mINFO:fitter.py:     material_tec_structure: μ=0 σ=0.0025[0m
[38;21mINFO:fitter.py:     material_thermal_screen: μ=0 σ=0.0025[0m
[38;21mINFO:fitter.py:     material_support_tube: μ=0 σ=0.0025[0m
[38;21mINFO:fitter.py:     material_pp1_cables: μ=0 σ=0.01[0m
[38;21mINFO:fitter.py:     material_pixel_patch: μ=0 σ=0.01[0m
External likelihood term 'hitchi2': the Hessian is singular and the gradient has a component outside its range, so the term is unbounded below and cannot be centered. Using the pseudo-inverse for the in-range part; absolute NLL values remain offset.
[38;21mINFO:fitter.py: unbinned term 'jpsi': 500000 candidates in 62 chunk(s) of 8192, graph loop[0m
[38;21mINFO:fitter.py: unbinned term 'zmass': 500000 candidates in 62 chunk(s) of 8192, graph loop[0m
[38;21mINFO:fitter.py: 2 unbinned term(s): the Hessian is assembled from Hessian-vector products rather than from the vectorised jacobian, and the HVP is revrev.[0m
[38;21mINFO:fitter.py: Perform iterative fit[0m
[38;21mINFO:fitter.py: [minimize] method=trust-exact options={}[0m
[38;21mINFO:fitter.py:   - Condition number: 3873512801814004.0[0m
[38;21mINFO:fitter.py:   - edmval: 127706.4313703532[0m
[33;21mWARNING:fitter.py: 2 floating parameter(s) have an essentially zero Hessian diagonal (0.0608 against a scale of 7.12e+13): [np.str_('m_Z'), np.str_('Gamma_Z')]. Nothing in the likelihood constrains them, so the trust-region subproblem is singular. Freeze them or give them a prior; this is NOT the frozen-parameter case and is deliberately not regularised away.[0m
[38;21mINFO:fitter.py:   - Condition number: 2.4068018140235216e+20[0m
[38;21mINFO:fitter.py:   - edmval: 29408.01970324891[0m
[38;21mINFO:snapshot.py: Wrote parameter snapshot (periodic) to /home/david_w/orcd/pool/zmass/fitresults/native/rabbit_P2smoke.snapshot.hdf5; resume with --externalPostfit /home/david_w/orcd/pool/zmass/fitresults/native/rabbit_P2smoke.snapshot.hdf5[0m
[38;21mINFO:fitter.py:   - Condition number: 1.2578160578517216e+20[0m
[38;21mINFO:fitter.py:   - edmval: 15177.381288574077[0m
[38;21mINFO:fitter.py:   - Condition number: 6848797541981258.0[0m
[38;21mINFO:fitter.py:   - edmval: 7325.235334859883[0m
[38;21mINFO:fitter.py:   - Condition number: 8484997925219783.0[0m
[38;21mINFO:fitter.py:   - edmval: 1560.8820010377503[0m
[38;21mINFO:fitter.py:   - Condition number: 6817591941992802.0[0m
[38;21mINFO:fitter.py:   - edmval: 1258.1850631726595[0m
[38;21mINFO:snapshot.py: Wrote parameter snapshot (periodic) to /home/david_w/orcd/pool/zmass/fitresults/native/rabbit_P2smoke.snapshot.hdf5; resume with --externalPostfit /home/david_w/orcd/pool/zmass/fitresults/native/rabbit_P2smoke.snapshot.hdf5[0m
[38;21mINFO:fitter.py:   - Condition number: 6873819827770101.0[0m
[38;21mINFO:fitter.py:   - edmval: 774.2258550849426[0m
[38;21mINFO:fitter.py:   - Condition number: 1.8251819803626118e+20[0m
[38;21mINFO:fitter.py:   - edmval: 1751.3015922047198[0m
[38;21mINFO:fitter.py:   - Condition number: 6990144035932883.0[0m
[38;21mINFO:fitter.py:   - edmval: 623.5065216571886[0m
[38;21mINFO:fitter.py:   - Condition number: 2.114895070835142e+21[0m
[38;21mINFO:fitter.py:   - edmval: 1783.8234705105424[0m
[38;21mINFO:snapshot.py: Wrote parameter snapshot (periodic) to /home/david_w/orcd/pool/zmass/fitresults/native/rabbit_P2smoke.snapshot.hdf5; resume with --externalPostfit /home/david_w/orcd/pool/zmass/fitresults/native/rabbit_P2smoke.snapshot.hdf5[0m
[38;21mINFO:fitter.py:   - Condition number: 9479535239573688.0[0m
[38;21mINFO:fitter.py:   - edmval: 573.8063027266071[0m
[38;21mINFO:fitter.py:   - Condition number: 3.268936788525581e+20[0m
[38;21mINFO:fitter.py:   - edmval: 1718.8536065369844[0m
[38;21mINFO:fitter.py:   - Condition number: 1.8932727425302903e+22[0m
[38;21mINFO:fitter.py:   - edmval: 270.82328532484826[0m
[38;21mINFO:fitter.py:   - Condition number: 4975316568508457.0[0m
[38;21mINFO:fitter.py:   - edmval: -252254.563517496[0m
[38;21mINFO:snapshot.py: Wrote parameter snapshot (periodic) to /home/david_w/orcd/pool/zmass/fitresults/native/rabbit_P2smoke.snapshot.hdf5; resume with --externalPostfit /home/david_w/orcd/pool/zmass/fitresults/native/rabbit_P2smoke.snapshot.hdf5[0m
[38;21mINFO:fitter.py:   - Condition number: 2914452220518211.5[0m
[38;21mINFO:fitter.py:   - edmval: 292.55486883015965[0m
[38;21mINFO:fitter.py:   - Condition number: 4.659925337165519e+16[0m
[38;21mINFO:fitter.py:   - edmval: 18646.28367625497[0m
[38;21mINFO:fitter.py:   - Condition number: 6593645676570280.0[0m
[38;21mINFO:fitter.py:   - edmval: 443.83103075282634[0m
[38;21mINFO:fitter.py:   - Condition number: 6906343562572873.0[0m
[38;21mINFO:fitter.py:   - edmval: 457.4308104330139[0m
[38;21mINFO:snapshot.py: Wrote parameter snapshot (periodic) to /home/david_w/orcd/pool/zmass/fitresults/native/rabbit_P2smoke.snapshot.hdf5; resume with --externalPostfit /home/david_w/orcd/pool/zmass/fitresults/native/rabbit_P2smoke.snapshot.hdf5[0m
[38;21mINFO:fitter.py:   - Condition number: 7193226765119554.0[0m
[38;21mINFO:fitter.py:   - edmval: 478.0337166176168[0m
[38;21mINFO:fitter.py:   - Condition number: 7259607414895287.0[0m
[38;21mINFO:fitter.py:   - edmval: 484.24263685902946[0m
[38;21mINFO:fitter.py:   - Condition number: 7261737967316511.0[0m
[38;21mINFO:fitter.py:   - edmval: 482.3706522698257[0m
[38;21mINFO:fitter.py:   - Condition number: 7261169029744087.0[0m
[38;21mINFO:fitter.py:   - edmval: 478.3932810510719[0m
[38;21mINFO:snapshot.py: Wrote parameter snapshot (periodic) to /home/david_w/orcd/pool/zmass/fitresults/native/rabbit_P2smoke.snapshot.hdf5; resume with --externalPostfit /home/david_w/orcd/pool/zmass/fitresults/native/rabbit_P2smoke.snapshot.hdf5[0m
[38;21mINFO:fitter.py:   - Condition number: 7261827737386018.0[0m
[38;21mINFO:fitter.py:   - edmval: 470.5069749006094[0m
[38;21mINFO:fitter.py:   - Condition number: 7262094199817547.0[0m
[38;21mINFO:fitter.py:   - edmval: 455.0151461590723[0m
[38;21mINFO:fitter.py:   - Condition number: 7260853894716565.0[0m
[38;21mINFO:fitter.py:   - edmval: 425.1411437585597[0m
[38;21mINFO:fitter.py:   - Condition number: 7257328647130989.0[0m
[38;21mINFO:fitter.py:   - edmval: 369.7191915048808[0m
[38;21mINFO:snapshot.py: Wrote parameter snapshot (periodic) to /home/david_w/orcd/pool/zmass/fitresults/native/rabbit_P2smoke.snapshot.hdf5; resume with --externalPostfit /home/david_w/orcd/pool/zmass/fitresults/native/rabbit_P2smoke.snapshot.hdf5[0m
[38;21mINFO:fitter.py:   - Condition number: 7247290236322810.0[0m
[38;21mINFO:fitter.py:   - edmval: 275.2206917481951[0m
[38;21mINFO:fitter.py:   - Condition number: 7233474491015744.0[0m
[38;21mINFO:fitter.py:   - edmval: 141.8235822693445[0m
[38;21mINFO:fitter.py:   - Condition number: 7306040630520019.0[0m
[38;21mINFO:fitter.py:   - edmval: 45.52209815731569[0m
[38;21mINFO:fitter.py:   - Condition number: 7142813979246301.0[0m
[38;21mINFO:fitter.py:   - edmval: 73.44579618879067[0m
[38;21mINFO:snapshot.py: Wrote parameter snapshot (periodic) to /home/david_w/orcd/pool/zmass/fitresults/native/rabbit_P2smoke.snapshot.hdf5; resume with --externalPostfit /home/david_w/orcd/pool/zmass/fitresults/native/rabbit_P2smoke.snapshot.hdf5[0m
[38;21mINFO:fitter.py:   - Condition number: 7349039180359943.0[0m
[38;21mINFO:fitter.py:   - edmval: 44.160980334184856[0m
[38;21mINFO:fitter.py:   - Condition number: 7283730636495494.0[0m
[38;21mINFO:fitter.py:   - edmval: 43.61931263348937[0m
[38;21mINFO:fitter.py:   - Condition number: 7436120928095208.0[0m
[38;21mINFO:fitter.py:   - edmval: 34.405129342132966[0m
[38;21mINFO:fitter.py:   - Condition number: 7538320172709405.0[0m
[38;21mINFO:fitter.py:   - edmval: 59.30001475293355[0m
[38;21mINFO:snapshot.py: Wrote parameter snapshot (periodic) to /home/david_w/orcd/pool/zmass/fitresults/native/rabbit_P2smoke.snapshot.hdf5; resume with --externalPostfit /home/david_w/orcd/pool/zmass/fitresults/native/rabbit_P2smoke.snapshot.hdf5[0m
[38;21mINFO:fitter.py:   - Condition number: 7488417716492421.0[0m
[38;21mINFO:fitter.py:   - edmval: 28.068372939464865[0m
[38;21mINFO:fitter.py:   - Condition number: 7587559878735709.0[0m
[38;21mINFO:fitter.py:   - edmval: 22.93255643765349[0m
[38;21mINFO:fitter.py:   - Condition number: 7673642309490408.0[0m
[38;21mINFO:fitter.py:   - edmval: 15.459610000914367[0m
[38;21mINFO:fitter.py:   - Condition number: 7712854981164452.0[0m
[38;21mINFO:fitter.py:   - edmval: 14.288353270260785[0m
[38;21mINFO:snapshot.py: Wrote parameter snapshot (periodic) to /home/david_w/orcd/pool/zmass/fitresults/native/rabbit_P2smoke.snapshot.hdf5; resume with --externalPostfit /home/david_w/orcd/pool/zmass/fitresults/native/rabbit_P2smoke.snapshot.hdf5[0m
[38;21mINFO:fitter.py:   - Condition number: 7716189791957820.0[0m
[38;21mINFO:fitter.py:   - edmval: 13.562854654373183[0m
[38;21mINFO:fitter.py:   - Condition number: 7713564371955707.0[0m
[38;21mINFO:fitter.py:   - edmval: 11.832523801335016[0m
[38;21mINFO:fitter.py:   - Condition number: 7704932591289877.0[0m
[38;21mINFO:fitter.py:   - edmval: 8.728436097230286[0m
[38;21mINFO:fitter.py:   - Condition number: 7692877104667097.0[0m
[38;21mINFO:fitter.py:   - edmval: 3.6201159339162245[0m
[38;21mINFO:snapshot.py: Wrote parameter snapshot (periodic) to /home/david_w/orcd/pool/zmass/fitresults/native/rabbit_P2smoke.snapshot.hdf5; resume with --externalPostfit /home/david_w/orcd/pool/zmass/fitresults/native/rabbit_P2smoke.snapshot.hdf5[0m
[38;21mINFO:fitter.py:   - Condition number: 7712963461543371.0[0m
[38;21mINFO:fitter.py:   - edmval: 0.04763606250869046[0m
[38;21mINFO:fitter.py:   - Condition number: 7718116278504745.0[0m
[38;21mINFO:fitter.py:   - edmval: 7.682378757383271e-05[0m
[38;21mINFO:fitter.py:   - Condition number: 7719382596234814.0[0m
[38;21mINFO:fitter.py:   - edmval: 1.5784011654000324e-09[0m
[38;21mINFO:fitter.py:   - Condition number: 7721111607174670.0[0m
[38;21mINFO:fitter.py:   - edmval: 6.204645255238938e-19[0m
[38;21mINFO:snapshot.py: Wrote parameter snapshot (periodic) to /home/david_w/orcd/pool/zmass/fitresults/native/rabbit_P2smoke.snapshot.hdf5; resume with --externalPostfit /home/david_w/orcd/pool/zmass/fitresults/native/rabbit_P2smoke.snapshot.hdf5[0m
[38;21mINFO:snapshot.py: Wrote parameter snapshot (converged) to /home/david_w/orcd/pool/zmass/fitresults/native/rabbit_P2smoke.snapshot.hdf5; resume with --externalPostfit /home/david_w/orcd/pool/zmass/fitresults/native/rabbit_P2smoke.snapshot.hdf5[0m
[38;21mINFO:rabbit_fit.py: profile beta[0m
[38;21mINFO:rabbit_fit.py: edmval: 6.204645258777718e-19[0m
[38;21mINFO:rabbit_fit.py: edmvalbeta: (np.float64(0.0), <tf.Tensor: shape=(0, 0), dtype=float64, numpy=array([], shape=(0, 0), dtype=float64)>)[0m
[38;21mINFO:rabbit_fit.py: Unbinned likelihood terms contribute 615177.106228 to the NLL; the saturated chi2 below is for the binned likelihood only[0m
[38;21mINFO:rabbit_fit.py: Saturated chi2:[0m
[38;21mINFO:rabbit_fit.py:     ndof: -102[0m
[38;21mINFO:rabbit_fit.py:     2*deltaNLL: -244419.89[0m
[38;21mINFO:rabbit_fit.py:     p-value: nan%[0m
/home/david_w/orcd/pool/env/tf/lib/python3.13/site-packages/wums/ioutils.py:160: FutureWarning: .metadata was not set, returning None instead of Attribute error, boost-histogram 1.7+ will error.
  metadata = obj.metadata if hasattr(obj, "metadata") else None
Results written in file /home/david_w/orcd/pool/zmass/fitresults/native/rabbit_P2smoke.hdf5
[38;21mINFO:rabbit_fit.py: 13128.08 seconds total time[0m
############ done 18:48:25
