NVIDIA H200, 143771 MiB
############ SVs6  14:23:11  card /home/david_w/orcd/pool/zmass/cards/z_V_s6.hdf5  method trust-exact (warm)
WARNING: All log messages before absl::InitializeLog() is called are written to STDERR
I0000 00:00:1788891791.861635 2872333 port.cc:153] oneDNN custom operations are on. You may see slightly different numerical results due to floating-point round-off errors from different computation orders. To turn them off, set the environment variable `TF_ENABLE_ONEDNN_OPTS=0`.
WARNING: All log messages before absl::InitializeLog() is called are written to STDERR
I0000 00:00:1788891793.376085 2872333 port.cc:153] oneDNN custom operations are on. You may see slightly different numerical results due to floating-point round-off errors from different computation orders. To turn them off, set the environment variable `TF_ENABLE_ONEDNN_OPTS=0`.
z_dummy {'axes': [Integer(0, 1, underflow=False, overflow=False, name='bin')], 'masked': False, 'flow': False, 'start': 0, 'stop': 1}
[38;21mINFO:unbinned.py: Loaded unbinned term 'zmass' (kind MassCF, channel z): 3682662 candidates, 113 chunk(s) of 32768, parameters ['k_hit', 'k_ms', 'k_ioni', 'k_rad', 'm_Z', 'Gamma_Z', 'shape1', 'shape2', 'shape3', 'shape4', 'shape5', 'shape6'][0m
[38;21mINFO:unbinned_params.py: UnbinnedParams: 2 POI(s) ['m_Z', 'Gamma_Z'], 10 nuisance(s) ['k_hit', 'k_ms', 'k_ioni', 'k_rad', 'shape1', 'shape2', 'shape3', 'shape4', 'shape5', 'shape6'], 0 with a Gaussian prior[0m
[38;21mINFO:fitter.py: Unblinding 2 parameters: ['m_Z', 'Gamma_Z'][0m
[38;21mINFO:fitter.py: unbinned term 'zmass': 3682662 candidates in 113 chunk(s) of 32768, graph loop[0m
[38;21mINFO:fitter.py: 1 unbinned term(s): the Hessian is assembled from Hessian-vector products rather than from the vectorised jacobian, and the HVP is revrev.[0m
[38;21mINFO:fitter.py: Perform iterative fit[0m
[38;21mINFO:fitter.py: [minimize] method=trust-exact options={}[0m
[38;21mINFO:fitter.py:   - Condition number: 5599559077772.261[0m
[38;21mINFO:fitter.py:   - edmval: 8.962811483470448[0m
[33;21mWARNING:fitter.py: 1 floating parameter(s) have an essentially zero Hessian diagonal (0.128 against a scale of 3.92e+11): [np.str_('Gamma_Z')]. Nothing in the likelihood constrains them, so the trust-region subproblem is singular. Freeze them or give them a prior; this is NOT the frozen-parameter case and is deliberately not regularised away.[0m
[38;21mINFO:fitter.py:   - Condition number: 5968990058136.562[0m
[38;21mINFO:fitter.py:   - edmval: 7.477546882301395[0m
[38;21mINFO:snapshot.py: Wrote parameter snapshot (periodic) to /home/david_w/orcd/pool/zmass/fitresults/native/rabbit_SVs6.snapshot.hdf5; resume with --externalPostfit /home/david_w/orcd/pool/zmass/fitresults/native/rabbit_SVs6.snapshot.hdf5[0m
[38;21mINFO:fitter.py:   - Condition number: 6635413185441.066[0m
[38;21mINFO:fitter.py:   - edmval: 5.154583478419489[0m
[38;21mINFO:fitter.py:   - Condition number: 7618787104495.618[0m
[38;21mINFO:fitter.py:   - edmval: 2.1381703437218817[0m
[38;21mINFO:fitter.py:   - Condition number: 8578676938174.369[0m
[38;21mINFO:fitter.py:   - edmval: 0.03210191659442696[0m
[38;21mINFO:fitter.py:   - Condition number: 8986087623404.553[0m
[38;21mINFO:fitter.py:   - edmval: 0.004005651135360666[0m
[38;21mINFO:fitter.py:   - Condition number: 9093463413099.41[0m
[38;21mINFO:fitter.py:   - edmval: 0.00013646186214321537[0m
[38;21mINFO:fitter.py:   - Condition number: 9088378431713.246[0m
[38;21mINFO:fitter.py:   - edmval: 3.3090204724288245e-07[0m
[38;21mINFO:fitter.py:   - Condition number: 9086936814666.447[0m
[38;21mINFO:fitter.py:   - edmval: 2.7090457453699886e-12[0m
[38;21mINFO:snapshot.py: Wrote parameter snapshot (periodic) to /home/david_w/orcd/pool/zmass/fitresults/native/rabbit_SVs6.snapshot.hdf5; resume with --externalPostfit /home/david_w/orcd/pool/zmass/fitresults/native/rabbit_SVs6.snapshot.hdf5[0m
[38;21mINFO:fitter.py:   - Condition number: 9086932616332.004[0m
[38;21mINFO:fitter.py:   - edmval: 1.95526871240445e-22[0m
[38;21mINFO:snapshot.py: Wrote parameter snapshot (converged) to /home/david_w/orcd/pool/zmass/fitresults/native/rabbit_SVs6.snapshot.hdf5; resume with --externalPostfit /home/david_w/orcd/pool/zmass/fitresults/native/rabbit_SVs6.snapshot.hdf5[0m
[38;21mINFO:rabbit_fit.py: profile beta[0m
[38;21mINFO:rabbit_fit.py: edmval: 2.709045745365439e-12[0m
[38;21mINFO:rabbit_fit.py: edmvalbeta: (np.float64(0.0), <tf.Tensor: shape=(0, 0), dtype=float64, numpy=array([], shape=(0, 0), dtype=float64)>)[0m
[38;21mINFO:rabbit_fit.py: Unbinned likelihood terms contribute -9827111.808977 to the NLL; the saturated chi2 below is for the binned likelihood only[0m
[38;21mINFO:rabbit_fit.py: Saturated chi2:[0m
[38;21mINFO:rabbit_fit.py:     ndof: -11[0m
[38;21mINFO:rabbit_fit.py:     2*deltaNLL: 0.0[0m
[38;21mINFO:rabbit_fit.py:     p-value: nan%[0m
/home/david_w/orcd/pool/env/tf/lib/python3.13/site-packages/wums/ioutils.py:160: FutureWarning: .metadata was not set, returning None instead of Attribute error, boost-histogram 1.7+ will error.
  metadata = obj.metadata if hasattr(obj, "metadata") else None
Results written in file /home/david_w/orcd/pool/zmass/fitresults/native/rabbit_SVs6.hdf5
[38;21mINFO:rabbit_fit.py: 1601.48 seconds total time[0m
############ SVs6 done 14:50:03 rc=0
############ SVs7  14:50:03  card /home/david_w/orcd/pool/zmass/cards/z_V_s7.hdf5  method trust-exact (warm)
WARNING: All log messages before absl::InitializeLog() is called are written to STDERR
I0000 00:00:1788893404.156636 2883335 port.cc:153] oneDNN custom operations are on. You may see slightly different numerical results due to floating-point round-off errors from different computation orders. To turn them off, set the environment variable `TF_ENABLE_ONEDNN_OPTS=0`.
WARNING: All log messages before absl::InitializeLog() is called are written to STDERR
I0000 00:00:1788893405.605416 2883335 port.cc:153] oneDNN custom operations are on. You may see slightly different numerical results due to floating-point round-off errors from different computation orders. To turn them off, set the environment variable `TF_ENABLE_ONEDNN_OPTS=0`.
z_dummy {'axes': [Integer(0, 1, underflow=False, overflow=False, name='bin')], 'masked': False, 'flow': False, 'start': 0, 'stop': 1}
[38;21mINFO:unbinned.py: Loaded unbinned term 'zmass' (kind MassCF, channel z): 3682662 candidates, 113 chunk(s) of 32768, parameters ['k_hit', 'k_ms', 'k_ioni', 'k_rad', 'm_Z', 'Gamma_Z', 'shape1', 'shape2', 'shape3', 'shape4', 'shape5', 'shape6', 'shape7'][0m
[38;21mINFO:unbinned_params.py: UnbinnedParams: 2 POI(s) ['m_Z', 'Gamma_Z'], 11 nuisance(s) ['k_hit', 'k_ms', 'k_ioni', 'k_rad', 'shape1', 'shape2', 'shape3', 'shape4', 'shape5', 'shape6', 'shape7'], 0 with a Gaussian prior[0m
[38;21mINFO:fitter.py: Unblinding 2 parameters: ['m_Z', 'Gamma_Z'][0m
[38;21mINFO:fitter.py: unbinned term 'zmass': 3682662 candidates in 113 chunk(s) of 32768, graph loop[0m
[38;21mINFO:fitter.py: 1 unbinned term(s): the Hessian is assembled from Hessian-vector products rather than from the vectorised jacobian, and the HVP is revrev.[0m
[38;21mINFO:fitter.py: Perform iterative fit[0m
[38;21mINFO:fitter.py: [minimize] method=trust-exact options={}[0m
[38;21mINFO:fitter.py:   - Condition number: 421890820354.533[0m
[38;21mINFO:fitter.py:   - edmval: 0.9801317967438118[0m
[38;21mINFO:fitter.py:   - Condition number: 406544717052.8208[0m
[38;21mINFO:fitter.py:   - edmval: 0.6669807878619938[0m
[38;21mINFO:snapshot.py: Wrote parameter snapshot (periodic) to /home/david_w/orcd/pool/zmass/fitresults/native/rabbit_SVs7.snapshot.hdf5; resume with --externalPostfit /home/david_w/orcd/pool/zmass/fitresults/native/rabbit_SVs7.snapshot.hdf5[0m
[38;21mINFO:fitter.py:   - Condition number: 345867245180.34766[0m
[38;21mINFO:fitter.py:   - edmval: 0.2296509014856316[0m
[38;21mINFO:fitter.py:   - Condition number: 291777183835.1241[0m
[38;21mINFO:fitter.py:   - edmval: 0.0076514662507427555[0m
[38;21mINFO:fitter.py:   - Condition number: 286759911323.2285[0m
[38;21mINFO:fitter.py:   - edmval: 0.001632976486422133[0m
[38;21mINFO:fitter.py:   - Condition number: 262885276166.00775[0m
[38;21mINFO:fitter.py:   - edmval: 0.0001965675461437586[0m
[38;21mINFO:fitter.py:   - Condition number: 263878831227.76834[0m
[38;21mINFO:fitter.py:   - edmval: 3.0746188804845165e-06[0m
[38;21mINFO:fitter.py:   - Condition number: 262909128914.441[0m
[38;21mINFO:fitter.py:   - edmval: 1.3418497504251152e-09[0m
[38;21mINFO:fitter.py:   - Condition number: 262911430083.4826[0m
[38;21mINFO:fitter.py:   - edmval: 2.307505063889513e-16[0m
[38;21mINFO:snapshot.py: Wrote parameter snapshot (converged) to /home/david_w/orcd/pool/zmass/fitresults/native/rabbit_SVs7.snapshot.hdf5; resume with --externalPostfit /home/david_w/orcd/pool/zmass/fitresults/native/rabbit_SVs7.snapshot.hdf5[0m
[38;21mINFO:rabbit_fit.py: profile beta[0m
[38;21mINFO:rabbit_fit.py: edmval: 1.341849750425274e-09[0m
[38;21mINFO:rabbit_fit.py: edmvalbeta: (np.float64(0.0), <tf.Tensor: shape=(0, 0), dtype=float64, numpy=array([], shape=(0, 0), dtype=float64)>)[0m
[38;21mINFO:rabbit_fit.py: Unbinned likelihood terms contribute -9827109.768974 to the NLL; the saturated chi2 below is for the binned likelihood only[0m
[38;21mINFO:rabbit_fit.py: Saturated chi2:[0m
[38;21mINFO:rabbit_fit.py:     ndof: -12[0m
[38;21mINFO:rabbit_fit.py:     2*deltaNLL: 0.0[0m
[38;21mINFO:rabbit_fit.py:     p-value: nan%[0m
/home/david_w/orcd/pool/env/tf/lib/python3.13/site-packages/wums/ioutils.py:160: FutureWarning: .metadata was not set, returning None instead of Attribute error, boost-histogram 1.7+ will error.
  metadata = obj.metadata if hasattr(obj, "metadata") else None
Results written in file /home/david_w/orcd/pool/zmass/fitresults/native/rabbit_SVs7.hdf5
[38;21mINFO:rabbit_fit.py: 1507.31 seconds total time[0m
############ SVs7 done 15:15:16 rc=0
############ SVetaT  15:15:16  card /home/david_w/orcd/pool/zmass/cards/z_V_etaT.hdf5  method trust-exact (warm)
WARNING: All log messages before absl::InitializeLog() is called are written to STDERR
I0000 00:00:1788894916.873263 2891522 port.cc:153] oneDNN custom operations are on. You may see slightly different numerical results due to floating-point round-off errors from different computation orders. To turn them off, set the environment variable `TF_ENABLE_ONEDNN_OPTS=0`.
WARNING: All log messages before absl::InitializeLog() is called are written to STDERR
I0000 00:00:1788894918.228029 2891522 port.cc:153] oneDNN custom operations are on. You may see slightly different numerical results due to floating-point round-off errors from different computation orders. To turn them off, set the environment variable `TF_ENABLE_ONEDNN_OPTS=0`.
z_dummy {'axes': [Integer(0, 1, underflow=False, overflow=False, name='bin')], 'masked': False, 'flow': False, 'start': 0, 'stop': 1}
[38;21mINFO:unbinned.py: Loaded unbinned term 'zmass' (kind MassCF, channel z): 1084704 candidates, 34 chunk(s) of 32768, parameters ['k_hit', 'k_ms', 'k_ioni', 'k_rad', 'm_Z', 'Gamma_Z', 'shape1', 'shape2', 'shape3', 'shape4', 'shape5'][0m
[38;21mINFO:unbinned_params.py: UnbinnedParams: 2 POI(s) ['m_Z', 'Gamma_Z'], 9 nuisance(s) ['k_hit', 'k_ms', 'k_ioni', 'k_rad', 'shape1', 'shape2', 'shape3', 'shape4', 'shape5'], 0 with a Gaussian prior[0m
[38;21mINFO:fitter.py: Unblinding 2 parameters: ['m_Z', 'Gamma_Z'][0m
[38;21mINFO:fitter.py: unbinned term 'zmass': 1084704 candidates in 34 chunk(s) of 32768, graph loop[0m
[38;21mINFO:fitter.py: 1 unbinned term(s): the Hessian is assembled from Hessian-vector products rather than from the vectorised jacobian, and the HVP is revrev.[0m
[38;21mINFO:fitter.py: Perform iterative fit[0m
[38;21mINFO:fitter.py: [minimize] method=trust-exact options={}[0m
[38;21mINFO:fitter.py:   - Condition number: 560090567832.1558[0m
[38;21mINFO:fitter.py:   - edmval: 3.1512225604138607e-10[0m
[38;21mINFO:fitter.py:   - Condition number: 560080123264.2367[0m
[38;21mINFO:fitter.py:   - edmval: 1.053473697754186e-18[0m
[38;21mINFO:snapshot.py: Wrote parameter snapshot (converged) to /home/david_w/orcd/pool/zmass/fitresults/native/rabbit_SVetaT.snapshot.hdf5; resume with --externalPostfit /home/david_w/orcd/pool/zmass/fitresults/native/rabbit_SVetaT.snapshot.hdf5[0m
[38;21mINFO:rabbit_fit.py: profile beta[0m
[38;21mINFO:rabbit_fit.py: edmval: 3.151222560459892e-10[0m
[38;21mINFO:rabbit_fit.py: edmvalbeta: (np.float64(0.0), <tf.Tensor: shape=(0, 0), dtype=float64, numpy=array([], shape=(0, 0), dtype=float64)>)[0m
[38;21mINFO:rabbit_fit.py: Unbinned likelihood terms contribute -2890388.415346 to the NLL; the saturated chi2 below is for the binned likelihood only[0m
[38;21mINFO:rabbit_fit.py: Saturated chi2:[0m
[38;21mINFO:rabbit_fit.py:     ndof: -10[0m
[38;21mINFO:rabbit_fit.py:     2*deltaNLL: 0.0[0m
[38;21mINFO:rabbit_fit.py:     p-value: nan%[0m
/home/david_w/orcd/pool/env/tf/lib/python3.13/site-packages/wums/ioutils.py:160: FutureWarning: .metadata was not set, returning None instead of Attribute error, boost-histogram 1.7+ will error.
  metadata = obj.metadata if hasattr(obj, "metadata") else None
Results written in file /home/david_w/orcd/pool/zmass/fitresults/native/rabbit_SVetaT.hdf5
[38;21mINFO:rabbit_fit.py: 148.53 seconds total time[0m
############ SVetaT done 15:17:49 rc=0
############ SVetaE  15:17:49  card /home/david_w/orcd/pool/zmass/cards/z_V_etaE.hdf5  method trust-exact (warm)
WARNING: All log messages before absl::InitializeLog() is called are written to STDERR
I0000 00:00:1788895070.178983 2892373 port.cc:153] oneDNN custom operations are on. You may see slightly different numerical results due to floating-point round-off errors from different computation orders. To turn them off, set the environment variable `TF_ENABLE_ONEDNN_OPTS=0`.
WARNING: All log messages before absl::InitializeLog() is called are written to STDERR
I0000 00:00:1788895071.464718 2892373 port.cc:153] oneDNN custom operations are on. You may see slightly different numerical results due to floating-point round-off errors from different computation orders. To turn them off, set the environment variable `TF_ENABLE_ONEDNN_OPTS=0`.
z_dummy {'axes': [Integer(0, 1, underflow=False, overflow=False, name='bin')], 'masked': False, 'flow': False, 'start': 0, 'stop': 1}
[38;21mINFO:unbinned.py: Loaded unbinned term 'zmass' (kind MassCF, channel z): 1025424 candidates, 32 chunk(s) of 32768, parameters ['k_hit', 'k_ms', 'k_ioni', 'k_rad', 'm_Z', 'Gamma_Z', 'shape1', 'shape2', 'shape3', 'shape4', 'shape5'][0m
[38;21mINFO:unbinned_params.py: UnbinnedParams: 2 POI(s) ['m_Z', 'Gamma_Z'], 9 nuisance(s) ['k_hit', 'k_ms', 'k_ioni', 'k_rad', 'shape1', 'shape2', 'shape3', 'shape4', 'shape5'], 0 with a Gaussian prior[0m
[38;21mINFO:fitter.py: Unblinding 2 parameters: ['m_Z', 'Gamma_Z'][0m
[38;21mINFO:fitter.py: unbinned term 'zmass': 1025424 candidates in 32 chunk(s) of 32768, graph loop[0m
[38;21mINFO:fitter.py: 1 unbinned term(s): the Hessian is assembled from Hessian-vector products rather than from the vectorised jacobian, and the HVP is revrev.[0m
[38;21mINFO:fitter.py: Perform iterative fit[0m
[38;21mINFO:fitter.py: [minimize] method=trust-exact options={}[0m
[38;21mINFO:fitter.py:   - Condition number: 2815837655599.4805[0m
[38;21mINFO:fitter.py:   - edmval: 1.2974025907351146e-07[0m
[33;21mWARNING:fitter.py: 1 floating parameter(s) have an essentially zero Hessian diagonal (0.0288 against a scale of 3.83e+10): [np.str_('Gamma_Z')]. Nothing in the likelihood constrains them, so the trust-region subproblem is singular. Freeze them or give them a prior; this is NOT the frozen-parameter case and is deliberately not regularised away.[0m
[38;21mINFO:fitter.py:   - Condition number: 2815904823812.939[0m
[38;21mINFO:fitter.py:   - edmval: 9.100553978257878e-18[0m
[38;21mINFO:snapshot.py: Wrote parameter snapshot (periodic) to /home/david_w/orcd/pool/zmass/fitresults/native/rabbit_SVetaE.snapshot.hdf5; resume with --externalPostfit /home/david_w/orcd/pool/zmass/fitresults/native/rabbit_SVetaE.snapshot.hdf5[0m
[38;21mINFO:fitter.py:   - Condition number: 2815904816723.7617[0m
[38;21mINFO:fitter.py:   - edmval: 1.8097340356590865e-24[0m
[38;21mINFO:snapshot.py: Wrote parameter snapshot (converged) to /home/david_w/orcd/pool/zmass/fitresults/native/rabbit_SVetaE.snapshot.hdf5; resume with --externalPostfit /home/david_w/orcd/pool/zmass/fitresults/native/rabbit_SVetaE.snapshot.hdf5[0m
[38;21mINFO:rabbit_fit.py: profile beta[0m
[38;21mINFO:rabbit_fit.py: edmval: 9.100553978231846e-18[0m
[38;21mINFO:rabbit_fit.py: edmvalbeta: (np.float64(0.0), <tf.Tensor: shape=(0, 0), dtype=float64, numpy=array([], shape=(0, 0), dtype=float64)>)[0m
[38;21mINFO:rabbit_fit.py: Unbinned likelihood terms contribute -2667989.781420 to the NLL; the saturated chi2 below is for the binned likelihood only[0m
[38;21mINFO:rabbit_fit.py: Saturated chi2:[0m
[38;21mINFO:rabbit_fit.py:     ndof: -10[0m
[38;21mINFO:rabbit_fit.py:     2*deltaNLL: -0.0[0m
[38;21mINFO:rabbit_fit.py:     p-value: nan%[0m
/home/david_w/orcd/pool/env/tf/lib/python3.13/site-packages/wums/ioutils.py:160: FutureWarning: .metadata was not set, returning None instead of Attribute error, boost-histogram 1.7+ will error.
  metadata = obj.metadata if hasattr(obj, "metadata") else None
Results written in file /home/david_w/orcd/pool/zmass/fitresults/native/rabbit_SVetaE.hdf5
[38;21mINFO:rabbit_fit.py: 180.16 seconds total time[0m
############ SVetaE done 15:20:54 rc=0
############ SVtoy  15:20:54  card /home/david_w/orcd/pool/zmass/cards/z_V_toy.hdf5  method trust-exact (warm)
WARNING: All log messages before absl::InitializeLog() is called are written to STDERR
I0000 00:00:1788895255.023460 2894225 port.cc:153] oneDNN custom operations are on. You may see slightly different numerical results due to floating-point round-off errors from different computation orders. To turn them off, set the environment variable `TF_ENABLE_ONEDNN_OPTS=0`.
WARNING: All log messages before absl::InitializeLog() is called are written to STDERR
I0000 00:00:1788895256.391903 2894225 port.cc:153] oneDNN custom operations are on. You may see slightly different numerical results due to floating-point round-off errors from different computation orders. To turn them off, set the environment variable `TF_ENABLE_ONEDNN_OPTS=0`.
z_dummy {'axes': [Integer(0, 1, underflow=False, overflow=False, name='bin')], 'masked': False, 'flow': False, 'start': 0, 'stop': 1}
[38;21mINFO:unbinned.py: Loaded unbinned term 'zmass' (kind MassCF, channel z): 3668671 candidates, 112 chunk(s) of 32768, parameters ['k_hit', 'k_ms', 'k_ioni', 'k_rad', 'm_Z', 'Gamma_Z', 'shape1', 'shape2', 'shape3', 'shape4', 'shape5'][0m
[38;21mINFO:unbinned_params.py: UnbinnedParams: 2 POI(s) ['m_Z', 'Gamma_Z'], 9 nuisance(s) ['k_hit', 'k_ms', 'k_ioni', 'k_rad', 'shape1', 'shape2', 'shape3', 'shape4', 'shape5'], 0 with a Gaussian prior[0m
[38;21mINFO:fitter.py: Unblinding 2 parameters: ['m_Z', 'Gamma_Z'][0m
[38;21mINFO:fitter.py: unbinned term 'zmass': 3668671 candidates in 112 chunk(s) of 32768, graph loop[0m
[38;21mINFO:fitter.py: 1 unbinned term(s): the Hessian is assembled from Hessian-vector products rather than from the vectorised jacobian, and the HVP is revrev.[0m
[38;21mINFO:fitter.py: Perform iterative fit[0m
[38;21mINFO:fitter.py: [minimize] method=trust-exact options={}[0m
[38;21mINFO:fitter.py:   - Condition number: 2026513.5388224805[0m
[38;21mINFO:fitter.py:   - edmval: 8.459679623929362e-09[0m
[38;21mINFO:fitter.py:   - Condition number: 2026514.8677886347[0m
[38;21mINFO:fitter.py:   - edmval: 5.197366170751374e-22[0m
[38;21mINFO:snapshot.py: Wrote parameter snapshot (periodic) to /home/david_w/orcd/pool/zmass/fitresults/native/rabbit_SVtoy.snapshot.hdf5; resume with --externalPostfit /home/david_w/orcd/pool/zmass/fitresults/native/rabbit_SVtoy.snapshot.hdf5[0m
[38;21mINFO:fitter.py:   - Condition number: 2026514.8678625799[0m
[38;21mINFO:fitter.py:   - edmval: 8.910450420153018e-26[0m
[38;21mINFO:snapshot.py: Wrote parameter snapshot (converged) to /home/david_w/orcd/pool/zmass/fitresults/native/rabbit_SVtoy.snapshot.hdf5; resume with --externalPostfit /home/david_w/orcd/pool/zmass/fitresults/native/rabbit_SVtoy.snapshot.hdf5[0m
[38;21mINFO:rabbit_fit.py: profile beta[0m
[38;21mINFO:rabbit_fit.py: edmval: 5.197366170751371e-22[0m
[38;21mINFO:rabbit_fit.py: edmvalbeta: (np.float64(0.0), <tf.Tensor: shape=(0, 0), dtype=float64, numpy=array([], shape=(0, 0), dtype=float64)>)[0m
[38;21mINFO:rabbit_fit.py: Unbinned likelihood terms contribute -9831153.008722 to the NLL; the saturated chi2 below is for the binned likelihood only[0m
[38;21mINFO:rabbit_fit.py: Saturated chi2:[0m
[38;21mINFO:rabbit_fit.py:     ndof: -10[0m
[38;21mINFO:rabbit_fit.py:     2*deltaNLL: 0.0[0m
[38;21mINFO:rabbit_fit.py:     p-value: nan%[0m
/home/david_w/orcd/pool/env/tf/lib/python3.13/site-packages/wums/ioutils.py:160: FutureWarning: .metadata was not set, returning None instead of Attribute error, boost-histogram 1.7+ will error.
  metadata = obj.metadata if hasattr(obj, "metadata") else None
Results written in file /home/david_w/orcd/pool/zmass/fitresults/native/rabbit_SVtoy.hdf5
[38;21mINFO:rabbit_fit.py: 507.28 seconds total time[0m
############ SVtoy done 15:29:26 rc=0
############ SVKetaB  15:29:26  card /home/david_w/orcd/pool/zmass/cards/z_VK_etaB.hdf5  method trust-exact (warm)
WARNING: All log messages before absl::InitializeLog() is called are written to STDERR
I0000 00:00:1788895767.135110 2896486 port.cc:153] oneDNN custom operations are on. You may see slightly different numerical results due to floating-point round-off errors from different computation orders. To turn them off, set the environment variable `TF_ENABLE_ONEDNN_OPTS=0`.
WARNING: All log messages before absl::InitializeLog() is called are written to STDERR
I0000 00:00:1788895768.432779 2896486 port.cc:153] oneDNN custom operations are on. You may see slightly different numerical results due to floating-point round-off errors from different computation orders. To turn them off, set the environment variable `TF_ENABLE_ONEDNN_OPTS=0`.
z_dummy {'axes': [Integer(0, 1, underflow=False, overflow=False, name='bin')], 'masked': False, 'flow': False, 'start': 0, 'stop': 1}
[38;21mINFO:unbinned.py: Loaded unbinned term 'zmass' (kind MassCF, channel z): 1572534 candidates, 48 chunk(s) of 32768, parameters ['k_hit', 'k_ms', 'k_ioni', 'k_rad', 'm_Z', 'Gamma_Z', 'shape1', 'shape2', 'shape3', 'shape4', 'shape5'][0m
[38;21mINFO:unbinned_params.py: UnbinnedParams: 2 POI(s) ['m_Z', 'Gamma_Z'], 9 nuisance(s) ['k_hit', 'k_ms', 'k_ioni', 'k_rad', 'shape1', 'shape2', 'shape3', 'shape4', 'shape5'], 0 with a Gaussian prior[0m
[38;21mINFO:fitter.py: Unblinding 2 parameters: ['m_Z', 'Gamma_Z'][0m
[38;21mINFO:fitter.py: unbinned term 'zmass': 1572534 candidates in 48 chunk(s) of 32768, graph loop[0m
[38;21mINFO:fitter.py: 1 unbinned term(s): the Hessian is assembled from Hessian-vector products rather than from the vectorised jacobian, and the HVP is revrev.[0m
[38;21mINFO:fitter.py: Perform iterative fit[0m
[38;21mINFO:fitter.py: [minimize] method=trust-exact options={}[0m
[38;21mINFO:fitter.py:   - Condition number: 346686300.98215634[0m
[38;21mINFO:fitter.py:   - edmval: 2.56743297459067e-18[0m
[38;21mINFO:fitter.py:   - Condition number: 346686300.8965592[0m
[38;21mINFO:fitter.py:   - edmval: 6.326684185343411e-25[0m
[38;21mINFO:snapshot.py: Wrote parameter snapshot (converged) to /home/david_w/orcd/pool/zmass/fitresults/native/rabbit_SVKetaB.snapshot.hdf5; resume with --externalPostfit /home/david_w/orcd/pool/zmass/fitresults/native/rabbit_SVKetaB.snapshot.hdf5[0m
[38;21mINFO:rabbit_fit.py: profile beta[0m
[38;21mINFO:rabbit_fit.py: edmval: 2.5674329745906724e-18[0m
[38;21mINFO:rabbit_fit.py: edmvalbeta: (np.float64(0.0), <tf.Tensor: shape=(0, 0), dtype=float64, numpy=array([], shape=(0, 0), dtype=float64)>)[0m
[38;21mINFO:rabbit_fit.py: Unbinned likelihood terms contribute -4266842.237369 to the NLL; the saturated chi2 below is for the binned likelihood only[0m
[38;21mINFO:rabbit_fit.py: Saturated chi2:[0m
[38;21mINFO:rabbit_fit.py:     ndof: -10[0m
[38;21mINFO:rabbit_fit.py:     2*deltaNLL: 0.0[0m
[38;21mINFO:rabbit_fit.py:     p-value: nan%[0m
/home/david_w/orcd/pool/env/tf/lib/python3.13/site-packages/wums/ioutils.py:160: FutureWarning: .metadata was not set, returning None instead of Attribute error, boost-histogram 1.7+ will error.
  metadata = obj.metadata if hasattr(obj, "metadata") else None
Results written in file /home/david_w/orcd/pool/zmass/fitresults/native/rabbit_SVKetaB.hdf5
[38;21mINFO:rabbit_fit.py: 195.06 seconds total time[0m
############ SVKetaB done 15:32:46 rc=0
############ SVKetaT  15:32:46  card /home/david_w/orcd/pool/zmass/cards/z_VK_etaT.hdf5  method trust-exact (warm)
WARNING: All log messages before absl::InitializeLog() is called are written to STDERR
I0000 00:00:1788895966.894443 2898110 port.cc:153] oneDNN custom operations are on. You may see slightly different numerical results due to floating-point round-off errors from different computation orders. To turn them off, set the environment variable `TF_ENABLE_ONEDNN_OPTS=0`.
WARNING: All log messages before absl::InitializeLog() is called are written to STDERR
I0000 00:00:1788895968.181969 2898110 port.cc:153] oneDNN custom operations are on. You may see slightly different numerical results due to floating-point round-off errors from different computation orders. To turn them off, set the environment variable `TF_ENABLE_ONEDNN_OPTS=0`.
z_dummy {'axes': [Integer(0, 1, underflow=False, overflow=False, name='bin')], 'masked': False, 'flow': False, 'start': 0, 'stop': 1}
[38;21mINFO:unbinned.py: Loaded unbinned term 'zmass' (kind MassCF, channel z): 1084704 candidates, 34 chunk(s) of 32768, parameters ['k_hit', 'k_ms', 'k_ioni', 'k_rad', 'm_Z', 'Gamma_Z', 'shape1', 'shape2', 'shape3', 'shape4', 'shape5'][0m
[38;21mINFO:unbinned_params.py: UnbinnedParams: 2 POI(s) ['m_Z', 'Gamma_Z'], 9 nuisance(s) ['k_hit', 'k_ms', 'k_ioni', 'k_rad', 'shape1', 'shape2', 'shape3', 'shape4', 'shape5'], 0 with a Gaussian prior[0m
[38;21mINFO:fitter.py: Unblinding 2 parameters: ['m_Z', 'Gamma_Z'][0m
[38;21mINFO:fitter.py: unbinned term 'zmass': 1084704 candidates in 34 chunk(s) of 32768, graph loop[0m
[38;21mINFO:fitter.py: 1 unbinned term(s): the Hessian is assembled from Hessian-vector products rather than from the vectorised jacobian, and the HVP is revrev.[0m
[38;21mINFO:fitter.py: Perform iterative fit[0m
[38;21mINFO:fitter.py: [minimize] method=trust-exact options={}[0m
[38;21mINFO:fitter.py:   - Condition number: 44142057957.931694[0m
[38;21mINFO:fitter.py:   - edmval: 2.2100078067841748e-15[0m
[38;21mINFO:fitter.py:   - Condition number: 44142058918.45575[0m
[38;21mINFO:fitter.py:   - edmval: 6.08319660017384e-26[0m
[38;21mINFO:snapshot.py: Wrote parameter snapshot (converged) to /home/david_w/orcd/pool/zmass/fitresults/native/rabbit_SVKetaT.snapshot.hdf5; resume with --externalPostfit /home/david_w/orcd/pool/zmass/fitresults/native/rabbit_SVKetaT.snapshot.hdf5[0m
[38;21mINFO:rabbit_fit.py: profile beta[0m
[38;21mINFO:rabbit_fit.py: edmval: 2.2100078067841732e-15[0m
[38;21mINFO:rabbit_fit.py: edmvalbeta: (np.float64(0.0), <tf.Tensor: shape=(0, 0), dtype=float64, numpy=array([], shape=(0, 0), dtype=float64)>)[0m
[38;21mINFO:rabbit_fit.py: Unbinned likelihood terms contribute -2890375.412007 to the NLL; the saturated chi2 below is for the binned likelihood only[0m
[38;21mINFO:rabbit_fit.py: Saturated chi2:[0m
[38;21mINFO:rabbit_fit.py:     ndof: -10[0m
[38;21mINFO:rabbit_fit.py:     2*deltaNLL: 0.0[0m
[38;21mINFO:rabbit_fit.py:     p-value: nan%[0m
/home/david_w/orcd/pool/env/tf/lib/python3.13/site-packages/wums/ioutils.py:160: FutureWarning: .metadata was not set, returning None instead of Attribute error, boost-histogram 1.7+ will error.
  metadata = obj.metadata if hasattr(obj, "metadata") else None
Results written in file /home/david_w/orcd/pool/zmass/fitresults/native/rabbit_SVKetaT.hdf5
[38;21mINFO:rabbit_fit.py: 145.62 seconds total time[0m
############ SVKetaT done 15:35:16 rc=0
