NVIDIA H200, 143771 MiB
############ f380refP  14:40:05  card /home/david_w/orcd/pool/zmass/cards/z_full380_fl.hdf5  method trust-exact 
WARNING: All log messages before absl::InitializeLog() is called are written to STDERR
I0000 00:00:1788892815.751555 2461670 port.cc:153] oneDNN custom operations are on. You may see slightly different numerical results due to floating-point round-off errors from different computation orders. To turn them off, set the environment variable `TF_ENABLE_ONEDNN_OPTS=0`.
WARNING: All log messages before absl::InitializeLog() is called are written to STDERR
I0000 00:00:1788892852.921863 2461670 port.cc:153] oneDNN custom operations are on. You may see slightly different numerical results due to floating-point round-off errors from different computation orders. To turn them off, set the environment variable `TF_ENABLE_ONEDNN_OPTS=0`.
z_dummy {'axes': [Integer(0, 1, underflow=False, overflow=False, name='bin')], 'masked': False, 'flow': False, 'start': 0, 'stop': 1}
[38;21mINFO:unbinned.py: unbinned term 'zmass': 4445 of 3682662 candidates (0.1207 %) have |c_i/sigma_i| above corr_coeff_max = 0.08; the quadratic coefficient is bounded there[0m
[38;21mINFO:unbinned.py: Loaded unbinned term 'zmass' (kind MassCF, channel z): 3682662 candidates, 113 chunk(s) of 32768, parameters ['k_hit', 'k_ms', 'k_ioni', 'k_rad', 'm_Z', 'Gamma_Z', 'shape1', 'shape2', 'shape3', 'shape4', 'shape5'][0m
[38;21mINFO:unbinned_params.py: UnbinnedParams: 2 POI(s) ['m_Z', 'Gamma_Z'], 9 nuisance(s) ['k_hit', 'k_ms', 'k_ioni', 'k_rad', 'shape1', 'shape2', 'shape3', 'shape4', 'shape5'], 0 with a Gaussian prior[0m
[38;21mINFO:fitter.py: Unblinding 2 parameters: ['m_Z', 'Gamma_Z'][0m
[38;21mINFO:fitter.py: unbinned term 'zmass': 3682662 candidates in 113 chunk(s) of 32768, graph loop[0m
[38;21mINFO:fitter.py: 1 unbinned term(s): the Hessian is assembled from Hessian-vector products rather than from the vectorised jacobian, and the HVP is revrev.[0m
[38;21mINFO:fitter.py: Perform iterative fit[0m
[33;21mWARNING:preconditioner.py: Auto-blocking at |rho| > 0.1 produced a component with 5 of 7 parameters: the threshold is probably below the percolation point, so the blocks are not really separated.[0m
[38;21mINFO:preconditioner.py: Auto-blocking 7 parameters at |rho| > 0.1: 3 block(s), largest 5, median 1[0m
[33;21mWARNING:preconditioner.py: Preconditioning block auto1 has no positive diagonal (max diag = -1110316.4152159276); skipping.[0m
[33;21mWARNING:preconditioner.py: Preconditioning block auto2 has no positive diagonal (max diag = -34153474.70368962); skipping.[0m
[38;21mINFO:preconditioner.py: Preconditioned 1 of 3 block(s), 5 parameters; correlation condition number median 6.79, worst 6.79 -> 1 at the reference point (2 block(s) not factorisable, skipped)[0m
[38;21mINFO:fitter.py: [minimize] method=trust-exact options={}[0m
[38;21mINFO:fitter.py:   - Condition number: 251305328.3594695[0m
[38;21mINFO:fitter.py:   - edmval: 7210.325997326552[0m
[38;21mINFO:fitter.py:   - Condition number: 281636759497.49634[0m
[38;21mINFO:fitter.py:   - edmval: 22974.81065946701[0m
[38;21mINFO:snapshot.py: Wrote parameter snapshot (periodic) to /home/david_w/orcd/pool/zmass/fitresults/native/rabbit_f380refP.snapshot.hdf5; resume with --externalPostfit /home/david_w/orcd/pool/zmass/fitresults/native/rabbit_f380refP.snapshot.hdf5[0m
[38;21mINFO:fitter.py:   - Condition number: 21582610765620.1[0m
[38;21mINFO:fitter.py:   - edmval: 21559.596691621467[0m
[38;21mINFO:fitter.py:   - Condition number: 665882126542047.2[0m
[38;21mINFO:fitter.py:   - edmval: 14440.215762469918[0m
[38;21mINFO:fitter.py:   - Condition number: 1.1792194007678147e+17[0m
[38;21mINFO:fitter.py:   - edmval: 12927.595451265574[0m
[38;21mINFO:fitter.py:   - Condition number: 105897180542327.56[0m
[38;21mINFO:fitter.py:   - edmval: -105201.1426727149[0m
[38;21mINFO:fitter.py:   - Condition number: 9462465943.962553[0m
[38;21mINFO:fitter.py:   - edmval: 8350.737934033974[0m
[38;21mINFO:fitter.py:   - Condition number: 124482354905715.39[0m
[38;21mINFO:fitter.py:   - edmval: 476464.4475736115[0m
[2026-09-08T15:00:35.375] error: *** JOB 22313540 ON node3000 CANCELLED AT 2026-09-08T15:00:35 DUE to SIGNAL Terminated ***
