############ Rdc8  11:36:52  card /home/david_w/orcd/pool/zmass/cards/z_F_dc8.hdf5  method tf-trust-krylov
NVIDIA H200, 143771 MiB, 590.48.01
WARNING: All log messages before absl::InitializeLog() is called are written to STDERR
I0000 00:00:1788881812.536968 3980029 port.cc:153] oneDNN custom operations are on. You may see slightly different numerical results due to floating-point round-off errors from different computation orders. To turn them off, set the environment variable `TF_ENABLE_ONEDNN_OPTS=0`.
WARNING: All log messages before absl::InitializeLog() is called are written to STDERR
I0000 00:00:1788881814.126756 3980029 port.cc:153] oneDNN custom operations are on. You may see slightly different numerical results due to floating-point round-off errors from different computation orders. To turn them off, set the environment variable `TF_ENABLE_ONEDNN_OPTS=0`.
z_dummy {'axes': [Integer(0, 1, underflow=False, overflow=False, name='bin')], 'masked': False, 'flow': False, 'start': 0, 'stop': 1}
[38;21mINFO:unbinned.py: unbinned term 'zmass': 4445 of 3682662 candidates (0.1207 %) have |c_i/sigma_i| above corr_coeff_max = 0.08; the quadratic coefficient is bounded there[0m
[38;21mINFO:unbinned.py: Loaded unbinned term 'zmass' (kind MassCF, channel z): 3682662 candidates, 113 chunk(s) of 32768, parameters ['k_hit', 'k_ms', 'k_ioni', 'k_rad', 'm_Z', 'Gamma_Z', 'shape1', 'shape2', 'shape3', 'shape4', 'shape5'][0m
[38;21mINFO:unbinned_params.py: UnbinnedParams: 2 POI(s) ['m_Z', 'Gamma_Z'], 9 nuisance(s) ['k_hit', 'k_ms', 'k_ioni', 'k_rad', 'shape1', 'shape2', 'shape3', 'shape4', 'shape5'], 0 with a Gaussian prior[0m
[38;21mINFO:fitter.py: Unblinding 2 parameters: ['m_Z', 'Gamma_Z'][0m
[38;21mINFO:fitter.py: unbinned term 'zmass': 3682662 candidates in 113 chunk(s) of 32768, graph loop[0m
[38;21mINFO:fitter.py: 1 unbinned term(s): the Hessian is assembled from Hessian-vector products rather than from the vectorised jacobian, and the HVP is revrev.[0m
[38;21mINFO:fitter.py: Perform iterative fit[0m
[38;21mINFO:fitter.py: [minimize] method=tf-trust-krylov options={}[0m
[38;21mINFO:snapshot.py: Wrote parameter snapshot (periodic) to /home/david_w/orcd/pool/zmass/fitresults/native/rabbit_Rdc8.snapshot.hdf5; resume with --externalPostfit /home/david_w/orcd/pool/zmass/fitresults/native/rabbit_Rdc8.snapshot.hdf5[0m
[38;21mINFO:snapshot.py: Wrote parameter snapshot (periodic) to /home/david_w/orcd/pool/zmass/fitresults/native/rabbit_Rdc8.snapshot.hdf5; resume with --externalPostfit /home/david_w/orcd/pool/zmass/fitresults/native/rabbit_Rdc8.snapshot.hdf5[0m
[38;21mINFO:snapshot.py: Wrote parameter snapshot (converged) to /home/david_w/orcd/pool/zmass/fitresults/native/rabbit_Rdc8.snapshot.hdf5; resume with --externalPostfit /home/david_w/orcd/pool/zmass/fitresults/native/rabbit_Rdc8.snapshot.hdf5[0m
[38;21mINFO:rabbit_fit.py: profile beta[0m
[38;21mINFO:rabbit_fit.py: edmval: 4.444041983074011[0m
[38;21mINFO:rabbit_fit.py: edmvalbeta: (np.float64(0.0), <tf.Tensor: shape=(0, 0), dtype=float64, numpy=array([], shape=(0, 0), dtype=float64)>)[0m
[38;21mINFO:rabbit_fit.py: Unbinned likelihood terms contribute 11014854.554793 to the NLL; the saturated chi2 below is for the binned likelihood only[0m
[38;21mINFO:rabbit_fit.py: Saturated chi2:[0m
[38;21mINFO:rabbit_fit.py:     ndof: -10[0m
[38;21mINFO:rabbit_fit.py:     2*deltaNLL: 0.0[0m
[38;21mINFO:rabbit_fit.py:     p-value: nan%[0m
/home/david_w/orcd/pool/env/tf/lib/python3.13/site-packages/wums/ioutils.py:160: FutureWarning: .metadata was not set, returning None instead of Attribute error, boost-histogram 1.7+ will error.
  metadata = obj.metadata if hasattr(obj, "metadata") else None
Results written in file /home/david_w/orcd/pool/zmass/fitresults/native/rabbit_Rdc8.hdf5
[38;21mINFO:rabbit_fit.py: 1413.63 seconds total time[0m
############ done 12:00:32
