NVIDIA H200, 143771 MiB
############ VXetaB  23:38:30  card /home/david_w/orcd/pool/zmass/cards/z_VX_etaB.hdf5  method trust-exact 
WARNING: All log messages before absl::InitializeLog() is called are written to STDERR
I0000 00:00:1788925110.784755  818920 port.cc:153] oneDNN custom operations are on. You may see slightly different numerical results due to floating-point round-off errors from different computation orders. To turn them off, set the environment variable `TF_ENABLE_ONEDNN_OPTS=0`.
WARNING: All log messages before absl::InitializeLog() is called are written to STDERR
I0000 00:00:1788925113.106257  818920 port.cc:153] oneDNN custom operations are on. You may see slightly different numerical results due to floating-point round-off errors from different computation orders. To turn them off, set the environment variable `TF_ENABLE_ONEDNN_OPTS=0`.
z_dummy {'axes': [Integer(0, 1, underflow=False, overflow=False, name='bin')], 'masked': False, 'flow': False, 'start': 0, 'stop': 1}
Traceback (most recent call last):
  File "/home/david_w/orcd/pool/zmass/rabbit-vmass/bin/rabbit_fit.py", line 1089, in <module>
    main()
    ~~~~^^
  File "/home/david_w/orcd/pool/zmass/rabbit-vmass/bin/rabbit_fit.py", line 915, in main
    indata = inputdata.FitInputData(
        args.filename, args.pseudoData, host_memory=args.nDevices > 1
    )
  File "/home/david_w/orcd/pool/zmass/rabbit-vmass/rabbit/inputdata.py", line 18, in __init__
    self._init_impl(filename, pseudodata)
    ~~~~~~~~~~~~~~~^^^^^^^^^^^^^^^^^^^^^^
  File "/home/david_w/orcd/pool/zmass/rabbit-vmass/rabbit/inputdata.py", line 218, in _init_impl
    self.unbinned_terms = read_unbinned_terms_from_h5(
                          ~~~~~~~~~~~~~~~~~~~~~~~~~~~^
        f.get("unbinned_terms"), dtype=self.dtype
        ^^^^^^^^^^^^^^^^^^^^^^^^^^^^^^^^^^^^^^^^^
    )
    ^
  File "/home/david_w/orcd/pool/zmass/rabbit-vmass/rabbit/unbinned.py", line 3150, in read_unbinned_terms_from_h5
    term = _TERM_KINDS[kind](
        name,
    ...<21 lines>...
        **cfg,
    )
TypeError: MassCFTerm.__init__() got an unexpected keyword argument 'corr_a_max'
############ VXetaB done 23:38:52 rc=0
############ VXetaT  23:38:52  card /home/david_w/orcd/pool/zmass/cards/z_VX_etaT.hdf5  method trust-exact 
WARNING: All log messages before absl::InitializeLog() is called are written to STDERR
I0000 00:00:1788925133.192367  821172 port.cc:153] oneDNN custom operations are on. You may see slightly different numerical results due to floating-point round-off errors from different computation orders. To turn them off, set the environment variable `TF_ENABLE_ONEDNN_OPTS=0`.
WARNING: All log messages before absl::InitializeLog() is called are written to STDERR
I0000 00:00:1788925134.137941  821172 port.cc:153] oneDNN custom operations are on. You may see slightly different numerical results due to floating-point round-off errors from different computation orders. To turn them off, set the environment variable `TF_ENABLE_ONEDNN_OPTS=0`.
z_dummy {'axes': [Integer(0, 1, underflow=False, overflow=False, name='bin')], 'masked': False, 'flow': False, 'start': 0, 'stop': 1}
Traceback (most recent call last):
  File "/home/david_w/orcd/pool/zmass/rabbit-vmass/bin/rabbit_fit.py", line 1089, in <module>
    main()
    ~~~~^^
  File "/home/david_w/orcd/pool/zmass/rabbit-vmass/bin/rabbit_fit.py", line 915, in main
    indata = inputdata.FitInputData(
        args.filename, args.pseudoData, host_memory=args.nDevices > 1
    )
  File "/home/david_w/orcd/pool/zmass/rabbit-vmass/rabbit/inputdata.py", line 18, in __init__
    self._init_impl(filename, pseudodata)
    ~~~~~~~~~~~~~~~^^^^^^^^^^^^^^^^^^^^^^
  File "/home/david_w/orcd/pool/zmass/rabbit-vmass/rabbit/inputdata.py", line 218, in _init_impl
    self.unbinned_terms = read_unbinned_terms_from_h5(
                          ~~~~~~~~~~~~~~~~~~~~~~~~~~~^
        f.get("unbinned_terms"), dtype=self.dtype
        ^^^^^^^^^^^^^^^^^^^^^^^^^^^^^^^^^^^^^^^^^
    )
    ^
  File "/home/david_w/orcd/pool/zmass/rabbit-vmass/rabbit/unbinned.py", line 3150, in read_unbinned_terms_from_h5
    term = _TERM_KINDS[kind](
        name,
    ...<21 lines>...
        **cfg,
    )
TypeError: MassCFTerm.__init__() got an unexpected keyword argument 'corr_a_max'
############ VXetaT done 23:39:12 rc=0
############ VXetaE  23:39:12  card /home/david_w/orcd/pool/zmass/cards/z_VX_etaE.hdf5  method trust-exact 
WARNING: All log messages before absl::InitializeLog() is called are written to STDERR
I0000 00:00:1788925152.548716  823085 port.cc:153] oneDNN custom operations are on. You may see slightly different numerical results due to floating-point round-off errors from different computation orders. To turn them off, set the environment variable `TF_ENABLE_ONEDNN_OPTS=0`.
WARNING: All log messages before absl::InitializeLog() is called are written to STDERR
I0000 00:00:1788925153.645571  823085 port.cc:153] oneDNN custom operations are on. You may see slightly different numerical results due to floating-point round-off errors from different computation orders. To turn them off, set the environment variable `TF_ENABLE_ONEDNN_OPTS=0`.
z_dummy {'axes': [Integer(0, 1, underflow=False, overflow=False, name='bin')], 'masked': False, 'flow': False, 'start': 0, 'stop': 1}
Traceback (most recent call last):
  File "/home/david_w/orcd/pool/zmass/rabbit-vmass/bin/rabbit_fit.py", line 1089, in <module>
    main()
    ~~~~^^
  File "/home/david_w/orcd/pool/zmass/rabbit-vmass/bin/rabbit_fit.py", line 915, in main
    indata = inputdata.FitInputData(
        args.filename, args.pseudoData, host_memory=args.nDevices > 1
    )
  File "/home/david_w/orcd/pool/zmass/rabbit-vmass/rabbit/inputdata.py", line 18, in __init__
    self._init_impl(filename, pseudodata)
    ~~~~~~~~~~~~~~~^^^^^^^^^^^^^^^^^^^^^^
  File "/home/david_w/orcd/pool/zmass/rabbit-vmass/rabbit/inputdata.py", line 218, in _init_impl
    self.unbinned_terms = read_unbinned_terms_from_h5(
                          ~~~~~~~~~~~~~~~~~~~~~~~~~~~^
        f.get("unbinned_terms"), dtype=self.dtype
        ^^^^^^^^^^^^^^^^^^^^^^^^^^^^^^^^^^^^^^^^^
    )
    ^
  File "/home/david_w/orcd/pool/zmass/rabbit-vmass/rabbit/unbinned.py", line 3150, in read_unbinned_terms_from_h5
    term = _TERM_KINDS[kind](
        name,
    ...<21 lines>...
        **cfg,
    )
TypeError: MassCFTerm.__init__() got an unexpected keyword argument 'corr_a_max'
############ VXetaE done 23:39:40 rc=0
############ VXetaBslo  23:39:40  card /home/david_w/orcd/pool/zmass/cards/z_VX_etaB_slo.hdf5  method trust-exact 
WARNING: All log messages before absl::InitializeLog() is called are written to STDERR
I0000 00:00:1788925180.702169  825498 port.cc:153] oneDNN custom operations are on. You may see slightly different numerical results due to floating-point round-off errors from different computation orders. To turn them off, set the environment variable `TF_ENABLE_ONEDNN_OPTS=0`.
WARNING: All log messages before absl::InitializeLog() is called are written to STDERR
I0000 00:00:1788925182.104973  825498 port.cc:153] oneDNN custom operations are on. You may see slightly different numerical results due to floating-point round-off errors from different computation orders. To turn them off, set the environment variable `TF_ENABLE_ONEDNN_OPTS=0`.
z_dummy {'axes': [Integer(0, 1, underflow=False, overflow=False, name='bin')], 'masked': False, 'flow': False, 'start': 0, 'stop': 1}
Traceback (most recent call last):
  File "/home/david_w/orcd/pool/zmass/rabbit-vmass/bin/rabbit_fit.py", line 1089, in <module>
    main()
    ~~~~^^
  File "/home/david_w/orcd/pool/zmass/rabbit-vmass/bin/rabbit_fit.py", line 915, in main
    indata = inputdata.FitInputData(
        args.filename, args.pseudoData, host_memory=args.nDevices > 1
    )
  File "/home/david_w/orcd/pool/zmass/rabbit-vmass/rabbit/inputdata.py", line 18, in __init__
    self._init_impl(filename, pseudodata)
    ~~~~~~~~~~~~~~~^^^^^^^^^^^^^^^^^^^^^^
  File "/home/david_w/orcd/pool/zmass/rabbit-vmass/rabbit/inputdata.py", line 218, in _init_impl
    self.unbinned_terms = read_unbinned_terms_from_h5(
                          ~~~~~~~~~~~~~~~~~~~~~~~~~~~^
        f.get("unbinned_terms"), dtype=self.dtype
        ^^^^^^^^^^^^^^^^^^^^^^^^^^^^^^^^^^^^^^^^^
    )
    ^
  File "/home/david_w/orcd/pool/zmass/rabbit-vmass/rabbit/unbinned.py", line 3150, in read_unbinned_terms_from_h5
    term = _TERM_KINDS[kind](
        name,
    ...<21 lines>...
        **cfg,
    )
TypeError: MassCFTerm.__init__() got an unexpected keyword argument 'corr_a_max'
############ VXetaBslo done 23:39:53 rc=0
############ VXetaBshi  23:39:53  card /home/david_w/orcd/pool/zmass/cards/z_VX_etaB_shi.hdf5  method trust-exact 
WARNING: All log messages before absl::InitializeLog() is called are written to STDERR
I0000 00:00:1788925193.597608  826341 port.cc:153] oneDNN custom operations are on. You may see slightly different numerical results due to floating-point round-off errors from different computation orders. To turn them off, set the environment variable `TF_ENABLE_ONEDNN_OPTS=0`.
WARNING: All log messages before absl::InitializeLog() is called are written to STDERR
I0000 00:00:1788925194.543411  826341 port.cc:153] oneDNN custom operations are on. You may see slightly different numerical results due to floating-point round-off errors from different computation orders. To turn them off, set the environment variable `TF_ENABLE_ONEDNN_OPTS=0`.
z_dummy {'axes': [Integer(0, 1, underflow=False, overflow=False, name='bin')], 'masked': False, 'flow': False, 'start': 0, 'stop': 1}
Traceback (most recent call last):
  File "/home/david_w/orcd/pool/zmass/rabbit-vmass/bin/rabbit_fit.py", line 1089, in <module>
    main()
    ~~~~^^
  File "/home/david_w/orcd/pool/zmass/rabbit-vmass/bin/rabbit_fit.py", line 915, in main
    indata = inputdata.FitInputData(
        args.filename, args.pseudoData, host_memory=args.nDevices > 1
    )
  File "/home/david_w/orcd/pool/zmass/rabbit-vmass/rabbit/inputdata.py", line 18, in __init__
    self._init_impl(filename, pseudodata)
    ~~~~~~~~~~~~~~~^^^^^^^^^^^^^^^^^^^^^^
  File "/home/david_w/orcd/pool/zmass/rabbit-vmass/rabbit/inputdata.py", line 218, in _init_impl
    self.unbinned_terms = read_unbinned_terms_from_h5(
                          ~~~~~~~~~~~~~~~~~~~~~~~~~~~^
        f.get("unbinned_terms"), dtype=self.dtype
        ^^^^^^^^^^^^^^^^^^^^^^^^^^^^^^^^^^^^^^^^^
    )
    ^
  File "/home/david_w/orcd/pool/zmass/rabbit-vmass/rabbit/unbinned.py", line 3150, in read_unbinned_terms_from_h5
    term = _TERM_KINDS[kind](
        name,
    ...<21 lines>...
        **cfg,
    )
TypeError: MassCFTerm.__init__() got an unexpected keyword argument 'corr_a_max'
############ VXetaBshi done 23:40:06 rc=0
