############ P2K  15:42:20  card /home/david_w/orcd/pool/zmass/cards/joint_ok_full.hdf5  method trust-krylov
NVIDIA H200, 143771 MiB, 590.48.01
WARNING: All log messages before absl::InitializeLog() is called are written to STDERR
I0000 00:00:1788896541.131515 2907392 port.cc:153] oneDNN custom operations are on. You may see slightly different numerical results due to floating-point round-off errors from different computation orders. To turn them off, set the environment variable `TF_ENABLE_ONEDNN_OPTS=0`.
WARNING: All log messages before absl::InitializeLog() is called are written to STDERR
I0000 00:00:1788896542.540647 2907392 port.cc:153] oneDNN custom operations are on. You may see slightly different numerical results due to floating-point round-off errors from different computation orders. To turn them off, set the environment variable `TF_ENABLE_ONEDNN_OPTS=0`.
calib_dummy {'axes': [Integer(0, 1, underflow=False, overflow=False, name='bin')], 'masked': False, 'flow': False, 'start': 0, 'stop': 1}
[38;21mINFO:unbinned.py: unbinned term 'jpsi': 47 of 3000000 candidates (0.0016 %) have |c_i/sigma_i| above corr_coeff_max = 0.08; the quadratic coefficient is bounded there[0m
[38;21mINFO:unbinned.py: unbinned term 'jpsi': D is 79.3% dense over 3000000 x 92, stored DENSE (sparse_dense_matmul has no deterministic GPU kernel, and below ~1/3 density COO is the larger representation anyway)[0m
[38;21mINFO:unbinned.py: Loaded unbinned term 'jpsi' (kind MassCF, channel jpsi): 3000000 candidates, 92 chunk(s) of 32768, parameters ['k_hit', 'k_ms', 'k_ioni', 'k_rad', 'bfield_mode0', 'bfield_mode1', 'bfield_mode2', 'bfield_mode3', 'bfield_mode4', 'bfield_mode5', 'bfield_mode6', 'bfield_mode7', 'bfield_mode8', 'bfield_mode9', 'bfield_mode10', 'bfield_mode11', 'bfield_mode12', 'bfield_mode13', 'bfield_mode14', 'bfield_mode15', 'bfield_mode16', 'bfield_mode17', 'bfield_mode18', 'bfield_mode19', 'bfield_mode20', 'bfield_mode21', 'bfield_mode22', 'bfield_mode23', 'bfield_mode24', 'bfield_mode25', 'bfield_mode26', 'bfield_mode27', 'bfield_mode28', 'bfield_mode29', 'bfield_mode30', 'bfield_mode31', 'bfield_mode32', 'bfield_mode33', 'bfield_mode34', 'bfield_mode35', 'bfield_mode36', 'bfield_mode37', 'bfield_mode38', 'bfield_mode39', 'bfield_mode40', 'bfield_mode41', 'bfield_mode42', 'bfield_mode43', 'bfield_mode44', 'bfield_mode45', 'bfield_mode46', 'bfield_mode47', 'bfield_mode48', 'bfield_mode49', 'material_other', 'material_beampipe', 'material_bpix_active_L1', 'material_bpix_active_L2', 'material_bpix_active_L3', 'material_bpix_services', 'material_bpix_support6', 'material_bpix_support7', 'material_fpix_active_D1', 'material_fpix_active_D2', 'material_fpix_support', 'material_tib_active_L1', 'material_tib_active_L2', 'material_tib_active_L3', 'material_tib_active_L4', 'material_tibtid_services', 'material_tib_support', 'material_tid_active_R1', 'material_tid_active_R2', 'material_tid_active_R3', 'material_tid_support', 'material_tob_active_L1', 'material_tob_active_L2', 'material_tob_active_L3', 'material_tob_active_L4', 'material_tob_active_L5', 'material_tob_active_L6', 'material_tob_services', 'material_tob_support', 'material_tec_active_R1', 'material_tec_active_R2', 'material_tec_active_R3', 'material_tec_active_R4', 'material_tec_active_R5', 'material_tec_active_R6', 'material_tec_active_R7', 'material_tec_services', 'material_tec_structure', 'material_thermal_screen', 'material_support_tube', 'material_pp1_cables', 'material_pixel_patch'][0m
[38;21mINFO:unbinned.py: unbinned term 'zmass': 4445 of 3682662 candidates (0.1207 %) have |c_i/sigma_i| above corr_coeff_max = 0.08; the quadratic coefficient is bounded there[0m
[38;21mINFO:unbinned.py: unbinned term 'zmass': D is 82.3% dense over 3682662 x 92, stored DENSE (sparse_dense_matmul has no deterministic GPU kernel, and below ~1/3 density COO is the larger representation anyway)[0m
[38;21mINFO:unbinned.py: Loaded unbinned term 'zmass' (kind MassCF, channel z): 3682662 candidates, 113 chunk(s) of 32768, parameters ['k_hit', 'k_ms', 'k_ioni', 'k_rad', 'm_Z', 'Gamma_Z', 'shape1', 'shape2', 'shape3', 'shape4', 'shape5', 'bfield_mode0', 'bfield_mode1', 'bfield_mode2', 'bfield_mode3', 'bfield_mode4', 'bfield_mode5', 'bfield_mode6', 'bfield_mode7', 'bfield_mode8', 'bfield_mode9', 'bfield_mode10', 'bfield_mode11', 'bfield_mode12', 'bfield_mode13', 'bfield_mode14', 'bfield_mode15', 'bfield_mode16', 'bfield_mode17', 'bfield_mode18', 'bfield_mode19', 'bfield_mode20', 'bfield_mode21', 'bfield_mode22', 'bfield_mode23', 'bfield_mode24', 'bfield_mode25', 'bfield_mode26', 'bfield_mode27', 'bfield_mode28', 'bfield_mode29', 'bfield_mode30', 'bfield_mode31', 'bfield_mode32', 'bfield_mode33', 'bfield_mode34', 'bfield_mode35', 'bfield_mode36', 'bfield_mode37', 'bfield_mode38', 'bfield_mode39', 'bfield_mode40', 'bfield_mode41', 'bfield_mode42', 'bfield_mode43', 'bfield_mode44', 'bfield_mode45', 'bfield_mode46', 'bfield_mode47', 'bfield_mode48', 'bfield_mode49', 'material_other', 'material_beampipe', 'material_bpix_active_L1', 'material_bpix_active_L2', 'material_bpix_active_L3', 'material_bpix_services', 'material_bpix_support6', 'material_bpix_support7', 'material_fpix_active_D1', 'material_fpix_active_D2', 'material_fpix_support', 'material_tib_active_L1', 'material_tib_active_L2', 'material_tib_active_L3', 'material_tib_active_L4', 'material_tibtid_services', 'material_tib_support', 'material_tid_active_R1', 'material_tid_active_R2', 'material_tid_active_R3', 'material_tid_support', 'material_tob_active_L1', 'material_tob_active_L2', 'material_tob_active_L3', 'material_tob_active_L4', 'material_tob_active_L5', 'material_tob_active_L6', 'material_tob_services', 'material_tob_support', 'material_tec_active_R1', 'material_tec_active_R2', 'material_tec_active_R3', 'material_tec_active_R4', 'material_tec_active_R5', 'material_tec_active_R6', 'material_tec_active_R7', 'material_tec_services', 'material_tec_structure', 'material_thermal_screen', 'material_support_tube', 'material_pp1_cables', 'material_pixel_patch'][0m
[38;21mINFO:external_params.py: ExternalParams['global_params']: 52 POI(s), 51 nuisance(s), 42 with a Gaussian prior[0m
[38;21mINFO:fitter.py: Unblinding 52 parameters: ['bfield_mode0', 'bfield_mode1', 'bfield_mode2', 'bfield_mode3', 'bfield_mode4', 'bfield_mode5', 'bfield_mode6', 'bfield_mode7', 'bfield_mode8', 'bfield_mode9', 'bfield_mode10', 'bfield_mode11', 'bfield_mode12', 'bfield_mode13', 'bfield_mode14', 'bfield_mode15', 'bfield_mode16', 'bfield_mode17', 'bfield_mode18', 'bfield_mode19', 'bfield_mode20', 'bfield_mode21', 'bfield_mode22', 'bfield_mode23', 'bfield_mode24', 'bfield_mode25', 'bfield_mode26', 'bfield_mode27', 'bfield_mode28', 'bfield_mode29', 'bfield_mode30', 'bfield_mode31', 'bfield_mode32', 'bfield_mode33', 'bfield_mode34', 'bfield_mode35', 'bfield_mode36', 'bfield_mode37', 'bfield_mode38', 'bfield_mode39', 'bfield_mode40', 'bfield_mode41', 'bfield_mode42', 'bfield_mode43', 'bfield_mode44', 'bfield_mode45', 'bfield_mode46', 'bfield_mode47', 'bfield_mode48', 'bfield_mode49', 'm_Z', 'Gamma_Z'][0m
[38;21mINFO:fitter.py: [paramPriors] applying Gaussian priors to 42/103 ParamModel params:[0m
[38;21mINFO:fitter.py:     material_other: μ=0 σ=0.04[0m
[38;21mINFO:fitter.py:     material_beampipe: μ=0 σ=0.0001[0m
[38;21mINFO:fitter.py:     material_bpix_active_L1: μ=0 σ=0.0004[0m
[38;21mINFO:fitter.py:     material_bpix_active_L2: μ=0 σ=0.0004[0m
[38;21mINFO:fitter.py:     material_bpix_active_L3: μ=0 σ=0.0004[0m
[38;21mINFO:fitter.py:     material_bpix_services: μ=0 σ=0.01[0m
[38;21mINFO:fitter.py:     material_bpix_support6: μ=0 σ=0.0025[0m
[38;21mINFO:fitter.py:     material_bpix_support7: μ=0 σ=0.01[0m
[38;21mINFO:fitter.py:     material_fpix_active_D1: μ=0 σ=0.0004[0m
[38;21mINFO:fitter.py:     material_fpix_active_D2: μ=0 σ=0.0004[0m
[38;21mINFO:fitter.py:     material_fpix_support: μ=0 σ=0.0025[0m
[38;21mINFO:fitter.py:     material_tib_active_L1: μ=0 σ=0.0004[0m
[38;21mINFO:fitter.py:     material_tib_active_L2: μ=0 σ=0.0004[0m
[38;21mINFO:fitter.py:     material_tib_active_L3: μ=0 σ=0.0004[0m
[38;21mINFO:fitter.py:     material_tib_active_L4: μ=0 σ=0.0004[0m
[38;21mINFO:fitter.py:     material_tibtid_services: μ=0 σ=0.01[0m
[38;21mINFO:fitter.py:     material_tib_support: μ=0 σ=0.0025[0m
[38;21mINFO:fitter.py:     material_tid_active_R1: μ=0 σ=0.0004[0m
[38;21mINFO:fitter.py:     material_tid_active_R2: μ=0 σ=0.0004[0m
[38;21mINFO:fitter.py:     material_tid_active_R3: μ=0 σ=0.0004[0m
[38;21mINFO:fitter.py:     material_tid_support: μ=0 σ=0.0025[0m
[38;21mINFO:fitter.py:     material_tob_active_L1: μ=0 σ=0.0004[0m
[38;21mINFO:fitter.py:     material_tob_active_L2: μ=0 σ=0.0004[0m
[38;21mINFO:fitter.py:     material_tob_active_L3: μ=0 σ=0.0004[0m
[38;21mINFO:fitter.py:     material_tob_active_L4: μ=0 σ=0.0004[0m
[38;21mINFO:fitter.py:     material_tob_active_L5: μ=0 σ=0.0004[0m
[38;21mINFO:fitter.py:     material_tob_active_L6: μ=0 σ=0.0004[0m
[38;21mINFO:fitter.py:     material_tob_services: μ=0 σ=0.01[0m
[38;21mINFO:fitter.py:     material_tob_support: μ=0 σ=0.0025[0m
[38;21mINFO:fitter.py:     material_tec_active_R1: μ=0 σ=0.0004[0m
[38;21mINFO:fitter.py:     material_tec_active_R2: μ=0 σ=0.0004[0m
[38;21mINFO:fitter.py:     material_tec_active_R3: μ=0 σ=0.0004[0m
[38;21mINFO:fitter.py:     material_tec_active_R4: μ=0 σ=0.0004[0m
[38;21mINFO:fitter.py:     material_tec_active_R5: μ=0 σ=0.0004[0m
[38;21mINFO:fitter.py:     material_tec_active_R6: μ=0 σ=0.0004[0m
[38;21mINFO:fitter.py:     material_tec_active_R7: μ=0 σ=0.0004[0m
[38;21mINFO:fitter.py:     material_tec_services: μ=0 σ=0.01[0m
[38;21mINFO:fitter.py:     material_tec_structure: μ=0 σ=0.0025[0m
[38;21mINFO:fitter.py:     material_thermal_screen: μ=0 σ=0.0025[0m
[38;21mINFO:fitter.py:     material_support_tube: μ=0 σ=0.0025[0m
[38;21mINFO:fitter.py:     material_pp1_cables: μ=0 σ=0.01[0m
[38;21mINFO:fitter.py:     material_pixel_patch: μ=0 σ=0.01[0m
External likelihood term 'hitchi2': the Hessian is singular and the gradient has a component outside its range, so the term is unbounded below and cannot be centered. Using the pseudo-inverse for the in-range part; absolute NLL values remain offset.
[38;21mINFO:fitter.py: unbinned term 'jpsi': 3000000 candidates in 92 chunk(s) of 32768, graph loop[0m
[38;21mINFO:fitter.py: unbinned term 'zmass': 3682662 candidates in 113 chunk(s) of 32768, graph loop[0m
[38;21mINFO:fitter.py: 2 unbinned term(s): the Hessian is assembled from Hessian-vector products rather than from the vectorised jacobian, and the HVP is revrev.[0m
[38;21mINFO:fitter.py: Perform iterative fit[0m
[38;21mINFO:fitter.py: [minimize] method=trust-krylov options={}[0m
[33;21mWARNING:fitter.py: Minimizer raised: array must not contain infs or NaNs[0m
[38;21mINFO:snapshot.py: Wrote parameter snapshot (minimizer-failed) to /home/david_w/orcd/pool/zmass/fitresults/native/rabbit_P2K.snapshot.hdf5; resume with --externalPostfit /home/david_w/orcd/pool/zmass/fitresults/native/rabbit_P2K.snapshot.hdf5[0m
[38;21mINFO:snapshot.py: Wrote parameter snapshot (converged) to /home/david_w/orcd/pool/zmass/fitresults/native/rabbit_P2K.snapshot.hdf5; resume with --externalPostfit /home/david_w/orcd/pool/zmass/fitresults/native/rabbit_P2K.snapshot.hdf5[0m
[38;21mINFO:rabbit_fit.py: profile beta[0m
Results written in file /home/david_w/orcd/pool/zmass/fitresults/native/rabbit_P2K.hdf5
Traceback (most recent call last):
  File "/home/david_w/orcd/pool/zmass/rabbit-vmass/bin/rabbit_fit.py", line 1089, in <module>
    main()
    ~~~~^^
  File "/home/david_w/orcd/pool/zmass/rabbit-vmass/bin/rabbit_fit.py", line 1056, in main
    fit(args, ifitter, ws, dofit=ifit >= 0 and not args.noFit)
    ~~~^^^^^^^^^^^^^^^^^^^^^^^^^^^^^^^^^^^^^^^^^^^^^^^^^^^^^^^
  File "/home/david_w/orcd/pool/zmass/rabbit-vmass/bin/rabbit_fit.py", line 627, in fit
    edmval, cov = fitter.edmval_cov(grad, hess)
                  ~~~~~~~~~~~~~~~~~^^^^^^^^^^^^
  File "/home/david_w/orcd/pool/zmass/rabbit-vmass/rabbit/fitter.py", line 1057, in edmval_cov
    edmval, cov = edmval_cov(subgrad, subhess)
                  ~~~~~~~~~~^^^^^^^^^^^^^^^^^^
  File "/home/david_w/orcd/pool/zmass/rabbit-vmass/rabbit/tfhelpers.py", line 72, in edmval_cov
    return tf_edmval_cov(grad, hess)
  File "/home/david_w/orcd/pool/zmass/rabbit-vmass/rabbit/tfhelpers.py", line 54, in tf_edmval_cov
    raise ValueError(
        "Cholesky decomposition failed, Hessian is not positive-definite"
    )
ValueError: Cholesky decomposition failed, Hessian is not positive-definite
############ done 16:10:55
