############ n300k  11:03:26  card /home/david_w/orcd/pool/zmass/cards/z_n300k.hdf5  method tf-trust-exact
NVIDIA H200 NVL, 143771 MiB, 590.48.01
WARNING: All log messages before absl::InitializeLog() is called are written to STDERR
I0000 00:00:1788879819.397317 2610244 port.cc:153] oneDNN custom operations are on. You may see slightly different numerical results due to floating-point round-off errors from different computation orders. To turn them off, set the environment variable `TF_ENABLE_ONEDNN_OPTS=0`.
WARNING: All log messages before absl::InitializeLog() is called are written to STDERR
I0000 00:00:1788879821.117149 2610244 port.cc:153] oneDNN custom operations are on. You may see slightly different numerical results due to floating-point round-off errors from different computation orders. To turn them off, set the environment variable `TF_ENABLE_ONEDNN_OPTS=0`.
z_dummy {'axes': [Integer(0, 1, underflow=False, overflow=False, name='bin')], 'masked': False, 'flow': False, 'start': 0, 'stop': 1}
[gate] /home/david_w/orcd/pool/zmass/cards/z_n300k.hdf5: 1 unbinned term(s), loaded in 8 s
        zmass: n 300000, 10 chunk(s) of 32768, 11 params, graph_chunkable True

=== 1. graph chunk loop vs the eager python loop (same term) ===
  zmass point 0: value 0.000e+00, grad 5.046e-14, hvp 1.984e-14   OK
  zmass point 1: value 0.000e+00, grad 4.831e-14, hvp 5.021e-14   OK

=== 2. rabbit's term vs the standalone chunked objectives ===
  zmass vs ChunkedObjective : value 0.000e+00, grad 4.979e-17, hvp 1.324e-16   OK
  zmass vs DeviceChunkedObjective: worst 3.972e-16   OK

=== 3. the Fitter's loss / gradient / HVP ===
  11 fit parameters, jit_compile False, hvp revrev, hessian route hvps
  loss 879731.996302115  [value 1.51 s, value+grad 1.47 s, +hvp 12.59 s]
  loss_val vs loss_val_grad: 0.000e+00   OK
  gradient . p: analytic -335.38273, central FD -335.38276, rel 1.06e-07   OK

=== 4. the Hessian route (HVP columns) and the EDM ===
  Hessian in 10.4 s, asymmetry 0.00e+00, eigenvalues [-0.03631, 6.214e+04], EDM -4461
WARNING:tensorflow:5 out of the last 5 calls to <function pfor.<locals>.f at 0x146968fb4e00> triggered tf.function retracing. Tracing is expensive and the excessive number of tracings could be due to (1) creating @tf.function repeatedly in a loop, (2) passing tensors with different shapes, (3) passing Python objects instead of tensors. For (1), please define your @tf.function outside of the loop. For (2), @tf.function has reduce_retracing=True option that can avoid unnecessary retracing. For (3), please refer to https://www.tensorflow.org/guide/function#controlling_retracing and https://www.tensorflow.org/api_docs/python/tf/function for  more details.
WARNING:tensorflow:6 out of the last 6 calls to <function pfor.<locals>.f at 0x146968fb4e00> triggered tf.function retracing. Tracing is expensive and the excessive number of tracings could be due to (1) creating @tf.function repeatedly in a loop, (2) passing tensors with different shapes, (3) passing Python objects instead of tensors. For (1), please define your @tf.function outside of the loop. For (2), @tf.function has reduce_retracing=True option that can avoid unnecessary retracing. For (3), please refer to https://www.tensorflow.org/guide/function#controlling_retracing and https://www.tensorflow.org/api_docs/python/tf/function for  more details.
  Fitter Hessian block vs ChunkedObjective.hess (pfor) (11x11): 2.369e-15   OK

ALL GATES PASSED
WARNING: All log messages before absl::InitializeLog() is called are written to STDERR
I0000 00:00:1788879953.790135 2611539 port.cc:153] oneDNN custom operations are on. You may see slightly different numerical results due to floating-point round-off errors from different computation orders. To turn them off, set the environment variable `TF_ENABLE_ONEDNN_OPTS=0`.
WARNING: All log messages before absl::InitializeLog() is called are written to STDERR
I0000 00:00:1788879956.266749 2611539 port.cc:153] oneDNN custom operations are on. You may see slightly different numerical results due to floating-point round-off errors from different computation orders. To turn them off, set the environment variable `TF_ENABLE_ONEDNN_OPTS=0`.
z_dummy {'axes': [Integer(0, 1, underflow=False, overflow=False, name='bin')], 'masked': False, 'flow': False, 'start': 0, 'stop': 1}
[38;21mINFO:unbinned.py: Loaded unbinned term 'zmass' (kind MassCF, channel z): 300000 candidates, 10 chunk(s) of 32768, parameters ['k_hit', 'k_ms', 'k_ioni', 'k_rad', 'm_Z', 'Gamma_Z', 'shape1', 'shape2', 'shape3', 'shape4', 'shape5'][0m
[38;21mINFO:unbinned_params.py: UnbinnedParams: 2 POI(s) ['m_Z', 'Gamma_Z'], 9 nuisance(s) ['k_hit', 'k_ms', 'k_ioni', 'k_rad', 'shape1', 'shape2', 'shape3', 'shape4', 'shape5'], 0 with a Gaussian prior[0m
[38;21mINFO:fitter.py: Unblinding 2 parameters: ['m_Z', 'Gamma_Z'][0m
[38;21mINFO:fitter.py: unbinned term 'zmass': 300000 candidates in 10 chunk(s) of 32768, graph loop[0m
[38;21mINFO:fitter.py: 1 unbinned term(s): the Hessian is assembled from Hessian-vector products rather than from the vectorised jacobian, and the HVP is revrev.[0m
[38;21mINFO:fitter.py: Perform iterative fit[0m
[38;21mINFO:fitter.py: [minimize] method=tf-trust-exact options={}[0m
[33;21mWARNING:fitter.py: Minimizer raised: module 'tensorflow._api.v2.linalg' has no attribute 'cond'[0m
[38;21mINFO:snapshot.py: Wrote parameter snapshot (minimizer-failed) to /home/david_w/orcd/pool/zmass/fitresults/native/rabbit_n300k.snapshot.hdf5; resume with --externalPostfit /home/david_w/orcd/pool/zmass/fitresults/native/rabbit_n300k.snapshot.hdf5[0m
[38;21mINFO:snapshot.py: Wrote parameter snapshot (converged) to /home/david_w/orcd/pool/zmass/fitresults/native/rabbit_n300k.snapshot.hdf5; resume with --externalPostfit /home/david_w/orcd/pool/zmass/fitresults/native/rabbit_n300k.snapshot.hdf5[0m
[38;21mINFO:rabbit_fit.py: profile beta[0m
[38;21mINFO:rabbit_fit.py: edmval: 16495.334777032396[0m
[38;21mINFO:rabbit_fit.py: edmvalbeta: (np.float64(0.0), <tf.Tensor: shape=(0, 0), dtype=float64, numpy=array([], shape=(0, 0), dtype=float64)>)[0m
[38;21mINFO:rabbit_fit.py: Unbinned likelihood terms contribute 879751.158119 to the NLL; the saturated chi2 below is for the binned likelihood only[0m
[38;21mINFO:rabbit_fit.py: Saturated chi2:[0m
[38;21mINFO:rabbit_fit.py:     ndof: -10[0m
[38;21mINFO:rabbit_fit.py:     2*deltaNLL: 0.0[0m
[38;21mINFO:rabbit_fit.py:     p-value: nan%[0m
/home/david_w/orcd/pool/env/tf/lib/python3.13/site-packages/wums/ioutils.py:160: FutureWarning: .metadata was not set, returning None instead of Attribute error, boost-histogram 1.7+ will error.
  metadata = obj.metadata if hasattr(obj, "metadata") else None
Results written in file /home/david_w/orcd/pool/zmass/fitresults/native/rabbit_n300k.hdf5
[38;21mINFO:rabbit_fit.py: 45.95 seconds total time[0m
############ done 11:06:52
