############ Sdc8  14:04:08  card /home/david_w/orcd/pool/zmass/cards/z_F_dc8.hdf5  method trust-exact
NVIDIA H200 NVL, 143771 MiB, 590.48.01
WARNING: All log messages before absl::InitializeLog() is called are written to STDERR
I0000 00:00:1788890649.748595 2080913 port.cc:153] oneDNN custom operations are on. You may see slightly different numerical results due to floating-point round-off errors from different computation orders. To turn them off, set the environment variable `TF_ENABLE_ONEDNN_OPTS=0`.
WARNING: All log messages before absl::InitializeLog() is called are written to STDERR
I0000 00:00:1788890651.007290 2080913 port.cc:153] oneDNN custom operations are on. You may see slightly different numerical results due to floating-point round-off errors from different computation orders. To turn them off, set the environment variable `TF_ENABLE_ONEDNN_OPTS=0`.
z_dummy {'axes': [Integer(0, 1, underflow=False, overflow=False, name='bin')], 'masked': False, 'flow': False, 'start': 0, 'stop': 1}
[38;21mINFO:unbinned.py: unbinned term 'zmass': 4445 of 3682662 candidates (0.1207 %) have |c_i/sigma_i| above corr_coeff_max = 0.08; the quadratic coefficient is bounded there[0m
[38;21mINFO:unbinned.py: Loaded unbinned term 'zmass' (kind MassCF, channel z): 3682662 candidates, 113 chunk(s) of 32768, parameters ['k_hit', 'k_ms', 'k_ioni', 'k_rad', 'm_Z', 'Gamma_Z', 'shape1', 'shape2', 'shape3', 'shape4', 'shape5'][0m
[38;21mINFO:unbinned_params.py: UnbinnedParams: 2 POI(s) ['m_Z', 'Gamma_Z'], 9 nuisance(s) ['k_hit', 'k_ms', 'k_ioni', 'k_rad', 'shape1', 'shape2', 'shape3', 'shape4', 'shape5'], 0 with a Gaussian prior[0m
[38;21mINFO:fitter.py: Unblinding 2 parameters: ['m_Z', 'Gamma_Z'][0m
[38;21mINFO:fitter.py: unbinned term 'zmass': 3682662 candidates in 113 chunk(s) of 32768, graph loop[0m
[38;21mINFO:fitter.py: 1 unbinned term(s): the Hessian is assembled from Hessian-vector products rather than from the vectorised jacobian, and the HVP is revrev.[0m
[38;21mINFO:fitter.py: Perform iterative fit[0m
[38;21mINFO:fitter.py: [minimize] method=trust-exact options={}[0m
[38;21mINFO:fitter.py:   - Condition number: 162244765.41518497[0m
[38;21mINFO:fitter.py:   - edmval: 7462.9188295499125[0m
[38;21mINFO:fitter.py:   - Condition number: 277554109263.96844[0m
[38;21mINFO:fitter.py:   - edmval: 23019.10875722079[0m
[38;21mINFO:snapshot.py: Wrote parameter snapshot (periodic) to /home/david_w/orcd/pool/zmass/fitresults/native/rabbit_Sdc8.snapshot.hdf5; resume with --externalPostfit /home/david_w/orcd/pool/zmass/fitresults/native/rabbit_Sdc8.snapshot.hdf5[0m
[38;21mINFO:fitter.py:   - Condition number: 21277217656950.844[0m
[38;21mINFO:fitter.py:   - edmval: 21697.111590629444[0m
[38;21mINFO:fitter.py:   - Condition number: 672334257334515.9[0m
[38;21mINFO:fitter.py:   - edmval: 14533.828552938998[0m
[38;21mINFO:fitter.py:   - Condition number: 1.2485767754756973e+17[0m
[38;21mINFO:fitter.py:   - edmval: 12926.309530749917[0m
[38;21mINFO:fitter.py:   - Condition number: 77978224198514.2[0m
[38;21mINFO:fitter.py:   - edmval: -1129631.257015437[0m
[38;21mINFO:fitter.py:   - Condition number: 874737538.748324[0m
[38;21mINFO:fitter.py:   - edmval: 8377.173713616477[0m
[38;21mINFO:fitter.py:   - Condition number: 23174600142014.09[0m
[38;21mINFO:fitter.py:   - edmval: 28983.750043043052[0m
[38;21mINFO:fitter.py:   - Condition number: 9131329223.710201[0m
[38;21mINFO:fitter.py:   - edmval: -14368.414535598793[0m
[38;21mINFO:fitter.py:   - Condition number: 510073951770.53687[0m
[38;21mINFO:fitter.py:   - edmval: 5890.752003120867[0m
[38;21mINFO:snapshot.py: Wrote parameter snapshot (periodic) to /home/david_w/orcd/pool/zmass/fitresults/native/rabbit_Sdc8.snapshot.hdf5; resume with --externalPostfit /home/david_w/orcd/pool/zmass/fitresults/native/rabbit_Sdc8.snapshot.hdf5[0m
[38;21mINFO:fitter.py:   - Condition number: 2745606410.331095[0m
[38;21mINFO:fitter.py:   - edmval: 3427.2977952424035[0m
[38;21mINFO:fitter.py:   - Condition number: 53885305119.50975[0m
[38;21mINFO:fitter.py:   - edmval: 9123.896902782182[0m
[38;21mINFO:fitter.py:   - Condition number: 59251613244.51707[0m
[38;21mINFO:fitter.py:   - edmval: 7664.3149790282405[0m
[38;21mINFO:fitter.py:   - Condition number: 58625620680.6858[0m
[38;21mINFO:fitter.py:   - edmval: 7580.738994248341[0m
[38;21mINFO:fitter.py:   - Condition number: 57897733211.29379[0m
[38;21mINFO:fitter.py:   - edmval: 7350.782016607244[0m
[38;21mINFO:fitter.py:   - Condition number: 56346776459.59489[0m
[38;21mINFO:fitter.py:   - edmval: 6897.82021456232[0m
[38;21mINFO:fitter.py:   - Condition number: 52882374691.373825[0m
[38;21mINFO:fitter.py:   - edmval: 6042.653167737259[0m
[38;21mINFO:fitter.py:   - Condition number: 44933661075.36114[0m
[38;21mINFO:fitter.py:   - edmval: 4600.257724286214[0m
[38;21mINFO:snapshot.py: Wrote parameter snapshot (periodic) to /home/david_w/orcd/pool/zmass/fitresults/native/rabbit_Sdc8.snapshot.hdf5; resume with --externalPostfit /home/david_w/orcd/pool/zmass/fitresults/native/rabbit_Sdc8.snapshot.hdf5[0m
[38;21mINFO:fitter.py:   - Condition number: 28215603608.86783[0m
[38;21mINFO:fitter.py:   - edmval: 2508.067825231421[0m
[2026-09-08T14:43:44.758] error: *** JOB 22311744 ON node4010 CANCELLED AT 2026-09-08T14:43:44 DUE to SIGNAL Terminated ***
