beam-width prior: the record carries no width errors, falling back to --hit-prior = 1
WARNING: All log messages before absl::InitializeLog() is called are written to STDERR
I0000 00:00:1789306545.724266   27407 port.cc:153] oneDNN custom operations are on. You may see slightly different numerical results due to floating-point round-off errors from different computation orders. To turn them off, set the environment variable `TF_ENABLE_ONEDNN_OPTS=0`.
WARNING: All log messages before absl::InitializeLog() is called are written to STDERR
I0000 00:00:1789306551.668146   27407 port.cc:153] oneDNN custom operations are on. You may see slightly different numerical results due to floating-point round-off errors from different computation orders. To turn them off, set the environment variable `TF_ENABLE_ONEDNN_OPTS=0`.
  mass: --keep-mask 'gen signal' keeps 10300/10402 (99.02 %) -- a STUDY selection, not the standard one
  mass: standard two-track selection on 10402 candidates
  mass:     Jpsi_vtxok                        --  (column absent: NOT APPLIED)
  mass:     finite sigma_m, sigma_v        10402  (100.00 %, -0)
  mass:     min leg hits >= 8              10402  (100.00 %, -0)
  mass:     chi2/ndof < 3                  10282  ( 98.85 %, -120)
  mass:     |z_v| < 5                      10269  ( 98.72 %, -13)
  mass:     kept                           10269  ( 98.72 %)
  mass: dropping 99 of 10228 candidates with |z| > 40 (the Gaussian arms' float64 underflow); max |z| kept 40.0
  mass corrections ON (fluctuation form): a_res median 0.01436 max 0.48709; 1.5 s^2 median 2.1662e-04 -> 19.75 MeV
[09:36:01] kernel CF tabulation (10129 samples) built in 1.6 s
E0000 00:00:1789306561.185852   27407 cuda_platform.cc:52] failed call to cuInit: INTERNAL: CUDA error: Failed call to cuInit: UNKNOWN ERROR (303)
mass term: 10129 candidates, 223488 group rows (36593 pruned), 130068 hit rows, 61 parameters, arm 'cf'
  mass NLL(0) = 30101.450933, max|grad| = 58.73
-> /ceph/submit/data/user/d/david_w/ZMass/cvh/runs_vtxres_260911/chi2cut/runs/cards/dy_mass_c3.hdf5 (231.0 MB, 61 parameters)
