# 16588 modules in the runtree
# REFERENCE production: max |dlocx| = 0.000e+00 um, max |dtheta| = 2.581e-08 rad  (zero == the ideal geometry)

=== the misalignment in the MEASUREMENT direction, um (local x; `local y` only where it is measured)
  subdet        N   rms locx   p99 locx   max locx   rms locy  kurt locx  sigma_hit   ratio
  BPix        768      2.403      8.190       9.40      2.008       3.51       12.0   0.200
  FPix        672      2.716      6.924       8.52      3.186       2.99       12.0   0.226
  TIB        2724      3.844      8.143     142.50      1.155     693.81       23.0   0.167
  TOB        5208      4.670     12.439      29.86      2.564       4.77       35.0   0.133
  TID         816      3.046      7.708      11.89      5.295       3.27       30.0   0.102
  TEC        6400      9.909     10.413     731.64     32.245    4663.95       40.0   0.248
  ALL       16588      6.958     10.716     731.64
  dtheta: rms 0.1442 mrad, p99 0.6863 mrad, max 5.115 mrad (x 2 cm half-length -> 2.88 um rms at the edge)

# per candidate, over the modules it has a hit on: 10413 candidates, median 33 hit modules

=== does the tail follow the WORST-misaligned hit the candidate uses?   (|dlocx| in um; gen SIGNAL)

  -- max |dlocx| over all hits
  quartile                    N          range um            P(|z_1|>3)            P(|z_1|>5)   Var z_1
                           2549    3.35..7.09    0.01177 +- 0.00214 (30/2549)0.00196 +- 0.00088 (5/2549)    1.1924
                           2552    7.09..8.30    0.01332 +- 0.00227 (34/2552)0.00196 +- 0.00088 (5/2552)    1.2283
                           2554    8.30..9.91    0.01331 +- 0.00227 (34/2554)0.00196 +- 0.00087 (5/2554)    1.2022
                           1533    9.91..11.37   0.01239 +- 0.00283 (19/1533)0.00065 +- 0.00065 (1/1533)    1.1110
                           1026   11.37..731.64  0.00877 +- 0.00291 (9/1026)0.00097 +- 0.00097 (1/1026)    1.0333

  -- max |dlocx| over PIXEL hits
  quartile                    N          range um            P(|z_1|>3)            P(|z_1|>5)   Var z_1
                           2551    0.02..2.95    0.01450 +- 0.00237 (37/2551)0.00235 +- 0.00096 (6/2551)    1.2200
                           2546    2.95..4.19    0.01178 +- 0.00214 (30/2546)0.00039 +- 0.00039 (1/2546)    1.1670
                           2551    4.19..5.19    0.00862 +- 0.00183 (22/2551)0.00235 +- 0.00096 (6/2551)    1.1105
                           1533    5.19..6.58    0.01435 +- 0.00304 (22/1533)0.00196 +- 0.00113 (3/1533)    1.2041
                           1023    6.58..8.38    0.01466 +- 0.00376 (15/1023)0.00098 +- 0.00098 (1/1023)    1.2217

  -- max |dlocx| at rho < 20 cm
  quartile                    N          range um            P(|z_1|>3)            P(|z_1|>5)   Var z_1
                           2551    0.02..2.95    0.01450 +- 0.00237 (37/2551)0.00235 +- 0.00096 (6/2551)    1.2200
                           2546    2.95..4.19    0.01178 +- 0.00214 (30/2546)0.00039 +- 0.00039 (1/2546)    1.1670
                           2551    4.19..5.19    0.00862 +- 0.00183 (22/2551)0.00235 +- 0.00096 (6/2551)    1.1105
                           1533    5.19..6.58    0.01435 +- 0.00304 (22/1533)0.00196 +- 0.00113 (3/1533)    1.2041
                           1023    6.58..8.38    0.01466 +- 0.00376 (15/1023)0.00098 +- 0.00098 (1/1023)    1.2217

  -- rms |dlocx| over all hits
  quartile                    N          range um            P(|z_1|>3)            P(|z_1|>5)   Var z_1
                           2554    1.83..3.01    0.01096 +- 0.00206 (28/2554)0.00157 +- 0.00078 (4/2554)    1.2224
                           2553    3.01..3.36    0.01528 +- 0.00243 (39/2553)0.00274 +- 0.00103 (7/2553)    1.2572
                           2553    3.36..3.76    0.00979 +- 0.00195 (25/2553)0.00118 +- 0.00068 (3/2553)    1.0861
                           1532    3.76..4.15    0.01436 +- 0.00304 (22/1532)0.00196 +- 0.00113 (3/1532)    1.1715
                           1022    4.15..138.31  0.01174 +- 0.00337 (12/1022)0.00000 +- 0.00000 (0/1022)    1.0841

=== the z_v tail WITHOUT the |z_v| < 5 cut (gen SIGNAL, 10218 candidates)
  z_v, no |z_v| cut          n= 10218  mean  +0.0097 +- 0.0105  Var    1.1286  skew    -0.010  kurt      3.79  P>3 0.00900  P>4 0.00108  P>5 0.00039
  max |dlocx| all         3.35..8.30    um  N   5116   P(|z_v|>5) 0.00059 +- 0.00034 (3/5116)   Var 1.1245
  max |dlocx| all         8.30..11.37   um  N   4098   P(|z_v|>5) 0.00000 +- 0.00000 (0/4098)   Var 1.1572
  max |dlocx| all        11.37..731.64  um  N   1027   P(|z_v|>5) 0.00097 +- 0.00097 (1/1027)   Var 1.0341
  max |dlocx| pixel       0.02..4.19    um  N   5127   P(|z_v|>5) 0.00059 +- 0.00034 (3/5127)   Var 1.1247
  max |dlocx| pixel       4.19..6.58    um  N   4187   P(|z_v|>5) 0.00024 +- 0.00024 (1/4187)   Var 1.1120
  max |dlocx| pixel       6.58..8.38    um  N   1023   P(|z_v|>5) 0.00000 +- 0.00000 (0/1023)   Var 1.2152

# wrote /ceph/submit/data/user/d/david_w/ZMass/cvh/runs_vtxres_260911/tail/align_dy.npz
