=== the chi2 excess, DY (10301) against the gun (55155)
  DY  P(prob<1e-3) 0.05116 +- 0.00217 (527/10301)
  gun P(prob<1e-3) 0.01557 +- 0.00053 (859/55155)   expected 0.00100

  -- GUN: softer leg pT [GeV]
  bin                       N  med chi2/n              P(prob<1e-3)              P(prob<0.01)
     +0.00..   +2.00  12808      0.88590.01507 +- 0.00108 (193/12808)0.03209 +- 0.00156 (411/12808)
     +2.00..   +3.00   8093      0.90350.01668 +- 0.00142 (135/8093)0.03497 +- 0.00204 (283/8093)
     +3.00..   +4.00   6803      0.91980.01955 +- 0.00168 (133/6803)0.03484 +- 0.00222 (237/6803)
     +4.00..   +6.00  10545      0.92030.01726 +- 0.00127 (182/10545)0.03310 +- 0.00174 (349/10545)
     +6.00..   +8.00   7356      0.91430.01196 +- 0.00127 (88/7356)0.02569 +- 0.00184 (189/7356)
     +8.00..  +12.00   7956      0.92210.01332 +- 0.00129 (106/7956)0.03017 +- 0.00192 (240/7956)
    +12.00..  +20.00   1594      0.92490.01380 +- 0.00292 (22/1594)0.02949 +- 0.00424 (47/1594)

  -- DY: softer leg pT [GeV]
  bin                       N  med chi2/n              P(prob<1e-3)              P(prob<0.01)
     +0.00..  +28.00   2902      1.01950.05307 +- 0.00416 (154/2902)0.08856 +- 0.00527 (257/2902)
    +28.00..  +33.00   1611      1.01160.05400 +- 0.00563 (87/1611)0.08070 +- 0.00679 (130/1611)
    +33.00..  +38.00   2061      1.01420.05192 +- 0.00489 (107/2061)0.09122 +- 0.00634 (188/2061)
    +38.00..  +45.00   3151      1.00980.04729 +- 0.00378 (149/3151)0.08156 +- 0.00488 (257/3151)
    +45.00..+1000.00    576      1.01030.05208 +- 0.00926 (30/576)0.08160 +- 0.01141 (47/576)

  -- DY: nTrueInt (pileup)
  bin                       N  med chi2/n              P(prob<1e-3)              P(prob<0.01)
     +0.00..  +12.00    369      0.99260.03523 +- 0.00960 (13/369)0.05962 +- 0.01233 (22/369)
    +12.00..  +17.00   1926      0.99460.04569 +- 0.00476 (88/1926)0.07009 +- 0.00582 (135/1926)
    +17.00..  +22.00   2968      1.00590.04987 +- 0.00400 (148/2968)0.07749 +- 0.00491 (230/2968)
    +22.00..  +27.00   2534      1.00950.04538 +- 0.00413 (115/2534)0.08800 +- 0.00563 (223/2534)
    +27.00..  +32.00   1622      1.05780.06350 +- 0.00606 (103/1622)0.10851 +- 0.00772 (176/1622)
    +32.00.. +100.00    882      1.06280.06803 +- 0.00848 (60/882)0.10544 +- 0.01034 (93/882)

  -- DY: max |eta|
  bin                       N  med chi2/n              P(prob<1e-3)              P(prob<0.01)
     +0.00..   +0.90   2061      1.03770.03930 +- 0.00428 (81/2061)0.06987 +- 0.00562 (144/2061)
     +0.90..   +1.40   2347      1.02160.04687 +- 0.00436 (110/2347)0.07755 +- 0.00552 (182/2347)
     +1.40..   +1.80   2244      0.99160.04545 +- 0.00440 (102/2244)0.08333 +- 0.00583 (187/2244)
     +1.80..   +2.05   1426      1.00020.04839 +- 0.00568 (69/1426)0.09116 +- 0.00762 (130/1426)
     +2.05..   +2.20    869      1.00720.07250 +- 0.00880 (63/869)0.10242 +- 0.01029 (89/869)
     +2.20..   +2.40   1102      1.03890.07804 +- 0.00808 (86/1102)0.11343 +- 0.00955 (125/1102)

  -- GUN: max |eta|
  bin                       N  med chi2/n              P(prob<1e-3)              P(prob<0.01)
     +0.00..   +0.90  17737      0.92630.01624 +- 0.00095 (288/17737)0.03366 +- 0.00135 (597/17737)
     +0.90..   +1.40  11920      0.90290.01661 +- 0.00117 (198/11920)0.03431 +- 0.00167 (409/11920)
     +1.40..   +1.80   9678      0.90700.01736 +- 0.00133 (168/9678)0.03410 +- 0.00184 (330/9678)
     +1.80..   +2.05   6133      0.90590.01500 +- 0.00155 (92/6133)0.02919 +- 0.00215 (179/6133)
     +2.05..   +2.20   3619      0.90900.01354 +- 0.00192 (49/3619)0.02708 +- 0.00270 (98/3619)
     +2.20..   +2.40   4705      0.88820.01084 +- 0.00151 (51/4705)0.02487 +- 0.00227 (117/4705)

  -- DY: weaker leg pixel hits
  bin                       N  med chi2/n              P(prob<1e-3)              P(prob<0.01)
     +0.00..   +2.00   3828      1.03210.04754 +- 0.00344 (182/3828)0.07811 +- 0.00434 (299/3828)
     +2.00..   +3.00   4871      1.00910.05297 +- 0.00321 (258/4871)0.08848 +- 0.00407 (431/4871)
     +3.00..   +4.00   1573      0.99330.05467 +- 0.00573 (86/1573)0.09409 +- 0.00736 (148/1573)

  the GUN above 12 GeV: N 1594, P(prob<1e-3) 0.01380 +- 0.00292 (22/1594)   median chi2/ndof 0.9249
  DY below nTrueInt 12:   N 369, P(prob<1e-3) 0.03523 +- 0.00960 (13/369)   median chi2/ndof 0.9926
  DY, nTrueInt<12 and |eta|<1.4: N 165, P(prob<1e-3) 0.04242 +- 0.01569 (7/165)
