# DY gen signal, NO chi2 cut: 10301 candidates
  chi2/ndof         median 0.9674  p90 1.5616  p99 2.8597  P(>2) 0.04126 +- 0.00196 (425/10301)
  chi2/ndof REDUCED median 1.0140  p90 1.6669  p99 2.9777  P(>2) 0.05504 +- 0.00225 (567/10301)
  corr(chi2/ndof, z_1^2) = +0.9561   with the constraint rows removed: +0.9518

  -- the REDUCED chi2/ndof (the constraint rows removed from both)
    +0.00..  +0.70 N    983   Var(z_1)   0.670  P>3 0.00000  P>5 0.00000   Var(z_2)   0.666  P>3 0.00000  P>5 0.00000   Var(z_v)   0.986  P>3 0.00509  P>5 0.00000
    +0.70..  +0.85 N   1721   Var(z_1)   0.821  P>3 0.00116  P>5 0.00000   Var(z_2)   0.828  P>3 0.00174  P>5 0.00000   Var(z_v)   0.960  P>3 0.00232  P>5 0.00000
    +0.85..  +1.00 N   2230   Var(z_1)   0.869  P>3 0.00179  P>5 0.00045   Var(z_2)   0.923  P>3 0.00448  P>5 0.00000   Var(z_v)   1.038  P>3 0.00762  P>5 0.00045
    +1.00..  +1.20 N   2272   Var(z_1)   1.034  P>3 0.00484  P>5 0.00000   Var(z_2)   1.077  P>3 0.00440  P>5 0.00000   Var(z_v)   1.099  P>3 0.00924  P>5 0.00044
    +1.20..  +1.50 N   1661   Var(z_1)   1.480  P>3 0.01686  P>5 0.00060   Var(z_2)   1.282  P>3 0.01084  P>5 0.00000   Var(z_v)   1.248  P>3 0.01023  P>5 0.00120
    +1.50..  +2.00 N    867   Var(z_1)   1.831  P>3 0.03806  P>5 0.00346   Var(z_2)   1.697  P>3 0.03230  P>5 0.00115   Var(z_v)   1.534  P>3 0.01730  P>5 0.00231
    +2.00..  +3.00 N    468   Var(z_1)   3.950  P>3 0.10897  P>5 0.03632   Var(z_2)   2.749  P>3 0.07479  P>5 0.02350   Var(z_v)   2.255  P>3 0.04487  P>5 0.00855
    +3.00..+1000.00 N     99   Var(z_1) 109.799  P>3 0.38384  P>5 0.22222   Var(z_2)  20.942  P>3 0.31313  P>5 0.11111   Var(z_v)   5.652  P>3 0.14141  P>5 0.05051

=== where the extra chi2 lives

  -- max |eta|
     +0.00..   +0.90 N   2061   median chired  1.0377   p90  1.6374   P(chired>1.5) 0.13925 +- 0.00763 (287/2061)
     +0.90..   +1.40 N   2347   median chired  1.0216   p90  1.6674   P(chired>1.5) 0.13634 +- 0.00708 (320/2347)
     +1.40..   +1.80 N   2244   median chired  0.9916   p90  1.5978   P(chired>1.5) 0.12389 +- 0.00695 (278/2244)
     +1.80..   +2.05 N   1426   median chired  1.0002   p90  1.6523   P(chired>1.5) 0.13745 +- 0.00912 (196/1426)
     +2.05..   +2.20 N    869   median chired  1.0072   p90  1.6955   P(chired>1.5) 0.14384 +- 0.01190 (125/869)
     +2.20..   +2.40 N   1102   median chired  1.0389   p90  1.8194   P(chired>1.5) 0.16788 +- 0.01126 (185/1102)

  -- nTrueInt
     +0.00..  +15.00 N   1277   median chired  0.9856   p90  1.5089   P(chired>1.5) 0.10493 +- 0.00858 (134/1277)
    +15.00..  +20.00 N   2798   median chired  1.0084   p90  1.6154   P(chired>1.5) 0.12938 +- 0.00634 (362/2798)
    +20.00..  +25.00 N   2836   median chired  1.0044   p90  1.6680   P(chired>1.5) 0.13646 +- 0.00645 (387/2836)
    +25.00..  +30.00 N   2051   median chired  1.0332   p90  1.7318   P(chired>1.5) 0.15310 +- 0.00795 (314/2051)
    +30.00.. +100.00 N   1339   median chired  1.0646   p90  1.7826   P(chired>1.5) 0.17700 +- 0.01043 (237/1339)

  -- weaker leg nvalid
     +8.00..  +12.00 N    592   median chired  1.0194   p90  1.8253   P(chired>1.5) 0.16385 +- 0.01521 (97/592)
    +12.00..  +14.00 N   2084   median chired  1.0042   p90  1.6203   P(chired>1.5) 0.12860 +- 0.00733 (268/2084)
    +14.00..  +16.00 N   3791   median chired  1.0170   p90  1.6597   P(chired>1.5) 0.13901 +- 0.00562 (527/3791)
    +16.00..  +18.00 N   2718   median chired  1.0157   p90  1.6716   P(chired>1.5) 0.14422 +- 0.00674 (392/2718)
    +18.00..  +40.00 N   1116   median chired  1.0072   p90  1.6709   P(chired>1.5) 0.13441 +- 0.01021 (150/1116)

  -- softer pT
     +0.00..  +28.00 N   2902   median chired  1.0195   p90  1.6748   P(chired>1.5) 0.13956 +- 0.00643 (405/2902)
    +28.00..  +33.00 N   1611   median chired  1.0116   p90  1.6394   P(chired>1.5) 0.13966 +- 0.00864 (225/1611)
    +33.00..  +38.00 N   2061   median chired  1.0142   p90  1.7009   P(chired>1.5) 0.14653 +- 0.00779 (302/2061)
    +38.00..  +45.00 N   3151   median chired  1.0098   p90  1.6491   P(chired>1.5) 0.13329 +- 0.00605 (420/3151)
    +45.00..+1000.00 N    576   median chired  1.0103   p90  1.6282   P(chired>1.5) 0.14236 +- 0.01456 (82/576)

=== the J/psi GUN (55155 candidates), same quantities -- ideal geometry, no pileup
  chi2/ndof         median 0.9106  p90 1.3537  p99 2.3275  P(>2) 0.01757 +- 0.00056 (969/55155)
  chi2/ndof REDUCED median 0.9092  p90 1.3498  p99 2.2872  P(>2) 0.01697 +- 0.00055 (936/55155)

  -- gun: the REDUCED chi2/ndof ladder
    +0.00..  +0.70 N   9972   Var(z_v)   1.043  P>3 0.00562  P>5 0.00100
    +0.70..  +0.85 N  12348   Var(z_v)   1.129  P>3 0.00753  P>5 0.00162
    +0.85..  +1.00 N  12401   Var(z_v)   1.099  P>3 0.00814  P>5 0.00161
    +1.00..  +1.20 N  10793   Var(z_v)   1.051  P>3 0.00889  P>5 0.00167
    +1.20..  +1.50 N   6250   Var(z_v)   1.168  P>3 0.01120  P>5 0.00160
    +1.50..  +2.00 N   2455   Var(z_v)   1.375  P>3 0.01996  P>5 0.00244
    +2.00..  +3.00 N    756   Var(z_v)   2.162  P>3 0.02910  P>5 0.00661
    +3.00..+1000.00 N    180   Var(z_v)   2.889  P>3 0.06667  P>5 0.02222

  -- THE SAME LADDER, THE DIFFERENT POPULATION: the fraction of candidates in each reduced-chi2 bin
  bin                         DY         gun    ratio
    0.00..0.70           0.09543     0.18080     0.53
    0.70..0.85           0.16707     0.22388     0.75
    0.85..1.00           0.21648     0.22484     0.96
    1.00..1.20           0.22056     0.19568     1.13
    1.20..1.50           0.16125     0.11332     1.42
    1.50..2.00           0.08417     0.04451     1.89
    2.00..3.00           0.04543     0.01371     3.31
    3.00..1000.00        0.00961     0.00326     2.94

  -- if the ladder is universal, DY's P(|z_v|>5) is the gun's ladder folded with DY's chi2 population:
     predicted 0.00206   measured 0.00146   gun inclusive 0.00169
