# DYreal: 16588 modules   GUNideal: 16588 modules
# common rawdetid: 16588

=== |r_DYreal - r_GUNideal| per module, um
  subdet   layer      N    median      mean       rms       p99         max
  -------------------------------------------------------------------------
  0            1    160      4.90      5.14      2.02     10.55       11.86
  0            2    256      2.64      3.05      2.27     12.78       21.49
  0            3    352      2.86      2.99      1.30      6.46        8.52
  BPix        -2    168      6.22      8.04      6.14     30.96       38.34
  BPix        -1    168      3.90      5.05      3.75     19.14       28.62
  BPix         1    168      3.54      4.21      3.05     19.65       21.11
  BPix         2    168      4.84      7.01      5.72     31.85       37.73
  FPix         1    672      2.77      3.19      5.82      7.49      149.81
  FPix         2    864      3.16      3.32      1.40      8.39       11.22
  FPix         3    540      3.56      3.79      1.53      8.86       10.27
  FPix         4    648      3.89      4.07      1.95      9.05       30.69
  TIB          1   1008      6.65      7.00      2.54     13.00       26.44
  TIB          2   1152      6.77      7.21      2.81     14.51       29.88
  TIB          3    648      7.00      7.53      3.16     18.88       27.92
  TIB          4    720      7.22      7.67      3.63     20.00       50.28
  TIB          5    792      7.30      7.72      3.07     16.22       23.59
  TIB          6    888      7.77      8.16      3.35     18.37       22.64
  TID         -3    136     11.00     11.14      1.74     16.66       19.72
  TID         -2    136      9.22      9.61      2.81     19.08       26.29
  TID         -1    136      7.33      8.05      2.95     17.65       21.77
  TID          1    136      9.14      9.73      2.93     17.10       29.00
  TID          2    136     11.39     11.56      2.10     17.31       21.85
  TID          3    136     14.79     14.72      1.85     19.44       19.83
  TOB         -9    272     27.74     34.76     30.81    138.31      383.94
  TOB         -8    312     35.15     39.72     15.68     92.82      106.07
  TOB         -7    312     36.70     43.75     19.60    117.67      138.57
  TOB         -6    360     36.45     42.56     18.79    111.80      200.36
  TOB         -5    360     34.36     39.17     16.47     97.76      172.16
  TOB         -4    360     31.62     36.91     16.95    108.23      159.30
  TOB         -3    408     27.62     31.95     15.47    101.50      155.80
  TOB         -2    408     24.52     32.38     32.51    129.24      492.06
  TOB         -1    408     21.45     28.78     20.64    121.30      162.28
  TOB          1    408     26.11     33.94     74.56    102.41     1505.25
  TOB          2    408     30.45     35.71     20.08    130.07      190.32
  TOB          3    408     34.07     37.67     13.24     85.65      115.84
  TOB          4    360     39.32     43.45     14.13     99.03      105.80
  TOB          5    360     41.55     46.45     16.45    104.68      190.09
  TOB          6    360     43.23     47.71     16.73    118.32      136.72
  TOB          7    312     43.09     49.09     20.23    121.30      158.59
  TOB          8    312     36.99     43.32     22.40    113.31      148.34
  TOB          9    272     30.46     37.80     24.93    107.06      182.71
  ALL             16588      9.28     18.87     23.60     91.05     1505.25

=== the components, um (all modules)
  dx: mean   +1.710  rms   16.699  p1   -42.28  p99   +46.17  max|.|   1287.16
  dy: mean   -0.578  rms   13.599  p1   -41.53  p99   +41.97  max|.|    512.47
  dz: mean   -1.218  rms   21.082  p1   -54.78  p99   +44.86  max|.|    588.53
  r-phi: mean   +0.793  rms    6.144  p1    -8.52  p99   +10.02
  radial: mean   -5.490  rms   19.963
  MODULES MOVED by > 1 um: 16521 of 16588 (99.60 %)
  MODULES MOVED by > 10 um: 7906
  MODULES MOVED by > 100 um: 117

=== the r-phi shift against module phi (a COHERENT mode is what a vertex / d0 residual sees)
  phi  -3.14.. -2.62  N  1375  <r-phi>   +1.897 +- 0.100 um  <dz>   -1.336 um
  phi  -2.62.. -2.09  N  1403  <r-phi>   +2.233 +- 0.094 um  <dz>   -1.270 um
  phi  -2.09.. -1.57  N  1346  <r-phi>   +2.384 +- 0.101 um  <dz>   -0.612 um
  phi  -1.57.. -1.05  N  1435  <r-phi>   +2.248 +- 0.094 um  <dz>   -1.197 um
  phi  -1.05.. -0.52  N  1347  <r-phi>   +1.679 +- 0.088 um  <dz>   -0.901 um
  phi  -0.52.. +0.00  N  1398  <r-phi>   +0.774 +- 0.092 um  <dz>   -0.199 um
  phi  +0.00.. +0.52  N  1375  <r-phi>   +0.058 +- 0.092 um  <dz>   -0.595 um
  phi  +0.52.. +1.05  N  1396  <r-phi>   -1.424 +- 0.095 um  <dz>   -1.281 um
  phi  +1.05.. +1.57  N  1385  <r-phi>   -1.236 +- 0.095 um  <dz>   -1.519 um
  phi  +1.57.. +2.09  N  1400  <r-phi>   -0.905 +- 0.138 um  <dz>   -2.094 um
  phi  +2.09.. +2.62  N  1332  <r-phi>   +0.345 +- 0.090 um  <dz>   -1.961 um
  phi  +2.62.. +3.14  N  1396  <r-phi>   +1.478 +- 0.447 um  <dz>   -1.649 um

# wrote /ceph/submit/data/user/d/david_w/ZMass/cvh/runs_vtxres_260911/tail/geom_dy_vs_gun.npz
