# dy: baseline 10254, gen signal with a gen vertex 10214

=== B(iii) STRUCTURE: the MEAN of each pull in bins of the LEG kinematics (1 %-trimmed; misalignment gives structure, resolution does not)

  -- phi of the POSITIVE leg
  bin                       N                   z_1                   z_2                   z_v          dreco_x [um]          dreco_y [um]
    -3.142..  -2.618    838       +0.0309+-0.0336       -0.0246+-0.0331       +0.0112+-0.0339       +1.6489+-2.1917       +1.0807+-0.8114
    -2.618..  -2.094    837       -0.0061+-0.0328       -0.0523+-0.0351       +0.0412+-0.0339       -0.6111+-1.7421       -1.5970+-1.9134
    -2.094..  -1.571    876       +0.0197+-0.0316       -0.0528+-0.0340       -0.0251+-0.0335       -0.5897+-0.8295       -2.1165+-2.2098
    -1.571..  -1.047    871       +0.0423+-0.0335       +0.0062+-0.0326       +0.0533+-0.0324       +0.9243+-0.9388       -1.8450+-2.7275
    -1.047..  -0.524    868       -0.0002+-0.0351       -0.0311+-0.0314       -0.0230+-0.0342       -2.5265+-1.8807       +1.8682+-1.9644
    -0.524..  +0.000    863       -0.0192+-0.0343       -0.0099+-0.0318       +0.0126+-0.0329       +0.0205+-2.5115       -0.2892+-0.7614
    +0.000..  +0.524    867       +0.0171+-0.0326       +0.0763+-0.0324       +0.0325+-0.0334       +3.8038+-2.0333       +1.7999+-0.7505
    +0.524..  +1.047    806       +0.0222+-0.0331       -0.0267+-0.0354       -0.0033+-0.0341       +2.5752+-1.5933       +0.2869+-1.5335
    +1.047..  +1.571    843       -0.0177+-0.0314       +0.0833+-0.0356       +0.0311+-0.0327       +1.5565+-0.7773       +5.4357+-2.0802
    +1.571..  +2.094    816       +0.0306+-0.0354       +0.0632+-0.0333       -0.0019+-0.0348       +0.3111+-0.8341       +3.8609+-2.3247
    +2.094..  +2.618    854       +0.0294+-0.0349       -0.0036+-0.0322       +0.0238+-0.0344       +2.3315+-1.7290       -1.5169+-1.7031
    +2.618..  +3.142    875       -0.0009+-0.0361       -0.0245+-0.0308       -0.0357+-0.0349       +0.5751+-2.4591       -0.1217+-0.7373
     z_1                    chi2/ndof vs a constant = 4.1/11 = 0.37   (amplitude p2p +0.0615)
     z_2                    chi2/ndof vs a constant = 22.2/11 = 2.01   (amplitude p2p +0.1361)
     z_v                    chi2/ndof vs a constant = 7.7/11 = 0.70   (amplitude p2p +0.0890)
     dreco_x [um]           chi2/ndof vs a constant = 12.3/11 = 1.12   (amplitude p2p +6.3303)
     dreco_y [um]           chi2/ndof vs a constant = 18.2/11 = 1.66   (amplitude p2p +7.5523)

  -- phi of the NEGATIVE leg
  bin                       N                   z_1                   z_2                   z_v          dreco_x [um]          dreco_y [um]
    -3.142..  -2.618    858       +0.0689+-0.0329       +0.0452+-0.0332       +0.0026+-0.0330       +8.2535+-2.3874       +1.6382+-0.7643
    -2.618..  -2.094    808       +0.0519+-0.0322       +0.0631+-0.0344       +0.0124+-0.0335       +2.4660+-1.5798       +2.9197+-1.5460
    -2.094..  -1.571    819       -0.0401+-0.0316       +0.0141+-0.0364       +0.0205+-0.0339       +0.3597+-0.8382       +4.8330+-2.4406
    -1.571..  -1.047    841       +0.0155+-0.0344       +0.0722+-0.0328       +0.0181+-0.0329       +0.8336+-0.8151       -0.6809+-2.0882
    -1.047..  -0.524    877       +0.0281+-0.0354       -0.0039+-0.0310       +0.0001+-0.0345       -1.7371+-1.6807       +1.4175+-1.5429
    -0.524..  +0.000    844       -0.0172+-0.0348       -0.0689+-0.0318       +0.0183+-0.0356       +0.4425+-2.2005       -1.2969+-0.7236
    +0.000..  +0.524    827       +0.0339+-0.0352       -0.0126+-0.0338       -0.0046+-0.0353       +5.3206+-2.3363       +1.2952+-0.8262
    +0.524..  +1.047    861       +0.0206+-0.0324       -0.0365+-0.0337       -0.0126+-0.0329       -0.8853+-1.7344       -1.6473+-1.8952
    +1.047..  +1.571    854       -0.0160+-0.0322       -0.0298+-0.0347       -0.0103+-0.0335       -1.1702+-0.7704       -3.3873+-2.2441
    +1.571..  +2.094    869       +0.0425+-0.0342       -0.0197+-0.0334       +0.0679+-0.0326       +0.3528+-1.0212       +1.3656+-3.3005
    +2.094..  +2.618    889       +0.0334+-0.0346       -0.0028+-0.0312       -0.0561+-0.0337       +0.0159+-1.7439       +1.0250+-1.6843
    +2.618..  +3.142    867       -0.0694+-0.0338       -0.0138+-0.0317       +0.0575+-0.0336       -4.5640+-2.1605       -0.0648+-0.8067
     z_1                    chi2/ndof vs a constant = 16.4/11 = 1.49   (amplitude p2p +0.1384)
     z_2                    chi2/ndof vs a constant = 17.5/11 = 1.59   (amplitude p2p +0.1411)
     z_v                    chi2/ndof vs a constant = 10.4/11 = 0.94   (amplitude p2p +0.1240)
     dreco_x [um]           chi2/ndof vs a constant = 28.7/11 = 2.61   (amplitude p2p +12.8175)
     dreco_y [um]           chi2/ndof vs a constant = 20.5/11 = 1.86   (amplitude p2p +8.2203)

  -- eta of the POSITIVE leg
  bin                       N                   z_1                   z_2                   z_v          dreco_x [um]          dreco_y [um]
    -2.400..  -1.800    984       +0.0573+-0.0334       -0.0043+-0.0314       -0.0271+-0.0317       +1.9138+-1.4895       +0.2555+-1.7012
    -1.800..  -1.200   1221       +0.0324+-0.0273       +0.0294+-0.0276       +0.0731+-0.0281       +1.1947+-0.9520       +0.2779+-0.9157
    -1.200..  -0.600   1354       +0.0035+-0.0261       +0.0161+-0.0254       +0.0101+-0.0263       +1.0779+-1.2283       +0.9344+-1.2071
    -0.600..  +0.000   1517       -0.0182+-0.0249       -0.0277+-0.0244       -0.0232+-0.0252       -4.3752+-1.7087       +0.3085+-1.5322
    +0.000..  +0.600   1478       -0.0215+-0.0253       -0.0156+-0.0247       -0.0114+-0.0252       +1.9248+-1.5968       +0.9475+-1.6519
    +0.600..  +1.200   1378       +0.0244+-0.0256       +0.0265+-0.0260       +0.0688+-0.0260       -0.0419+-1.0934       +0.0781+-0.9837
    +1.200..  +1.800   1229       +0.0221+-0.0284       -0.0046+-0.0283       -0.0143+-0.0280       +2.1800+-0.8811       +0.1706+-0.8448
    +1.800..  +2.400    918       +0.0131+-0.0350       -0.0389+-0.0325       +0.0043+-0.0342       +1.3293+-1.2104       -0.8492+-1.0680
     z_1                    chi2/ndof vs a constant = 6.1/7 = 0.87   (amplitude p2p +0.0788)
     z_2                    chi2/ndof vs a constant = 5.7/7 = 0.82   (amplitude p2p +0.0683)
     z_v                    chi2/ndof vs a constant = 14.8/7 = 2.11   (amplitude p2p +0.1002)
     dreco_x [um]           chi2/ndof vs a constant = 13.4/7 = 1.92   (amplitude p2p +6.5552)
     dreco_y [um]           chi2/ndof vs a constant = 1.6/7 = 0.22   (amplitude p2p +1.7967)

  -- phi of the PAIR
  bin                       N                   z_1                   z_2                   z_v          dreco_x [um]          dreco_y [um]
    -3.142..  -2.618    864       +0.0649+-0.0319       +0.0666+-0.0327       +0.0615+-0.0326       +3.5266+-1.5146       +4.7163+-1.3414
    -2.618..  -2.094    874       -0.0085+-0.0342       +0.0206+-0.0328       +0.0006+-0.0350       -0.9228+-1.6572       -1.5176+-1.8085
    -2.094..  -1.571    800       -0.0011+-0.0343       -0.0322+-0.0349       +0.0333+-0.0340       +1.8542+-1.4964       +1.2955+-1.8531
    -1.571..  -1.047    866       +0.0281+-0.0332       -0.0109+-0.0335       -0.0153+-0.0336       +0.2431+-1.4194       -2.1519+-1.8981
    -1.047..  -0.524    867       +0.0311+-0.0324       +0.0443+-0.0315       +0.0332+-0.0320       +0.6278+-1.5502       +1.3641+-1.5292
    -0.524..  +0.000    867       -0.0476+-0.0343       +0.0123+-0.0323       +0.0618+-0.0347       -1.4996+-1.9462       +0.5035+-1.3619
    +0.000..  +0.524    861       +0.0150+-0.0323       +0.0101+-0.0332       +0.0129+-0.0329       -1.0819+-1.3762       +1.2274+-1.0715
    +0.524..  +1.047    845       +0.0131+-0.0357       -0.0175+-0.0330       -0.0528+-0.0344       +3.1609+-1.8684       -2.2287+-1.4609
    +1.047..  +1.571    841       +0.0680+-0.0335       -0.0750+-0.0320       +0.0763+-0.0333       +3.6472+-1.4107       -1.6305+-1.6900
    +1.571..  +2.094    792       -0.0049+-0.0340       -0.0626+-0.0354       -0.0337+-0.0345       -1.7078+-1.5703       -1.4873+-1.7992
    +2.094..  +2.618    856       -0.0274+-0.0355       +0.0397+-0.0334       +0.0148+-0.0337       -0.5499+-1.5059       +3.3764+-1.5774
    +2.618..  +3.142    881       +0.0140+-0.0334       -0.0068+-0.0333       -0.0806+-0.0341       +0.5282+-2.3513       +0.9422+-1.7114
     z_1                    chi2/ndof vs a constant = 11.1/11 = 1.01   (amplitude p2p +0.1156)
     z_2                    chi2/ndof vs a constant = 18.1/11 = 1.65   (amplitude p2p +0.1416)
     z_v                    chi2/ndof vs a constant = 22.3/11 = 2.03   (amplitude p2p +0.1569)
     dreco_x [um]           chi2/ndof vs a constant = 17.2/11 = 1.57   (amplitude p2p +5.3550)
     dreco_y [um]           chi2/ndof vs a constant = 23.6/11 = 2.14   (amplitude p2p +6.9450)

=== B(ii) EXPOSURE: do the tail candidates cross the displaced modules?  (per-module |r_aligned - r_ideal|, um)
  set                         N   med dmax   p90 dmax  med dmaxpix   med drms
  gen signal (all)        10214      49.44      97.79         5.45      20.41
  |z_1| > 3                 126      45.29      87.54         5.70      20.35
  |z_1| > 5                  17      44.85      79.60         6.32      22.78
  |z_2| > 5                   8      54.55      75.47         6.92      22.14
  |z_v| > 3                  88      48.68      93.92         5.73      20.75

=== C THIN LEGS: what the WEAKER leg is made of
  set                         N   nvalid    nmod   npix  rho_in cm   BPixL1  pT/gen p50      p1     p99
  gen signal (all)        10214     15.0    42.0    2.0      4.138    0.897      1.0001   0.946   1.060
  |z_1| > 5                  17     16.0    47.0    3.0      4.137    1.000      1.0047   0.939   1.053
  |z_2| > 5                   8     14.5    42.5    2.5      4.147    1.000      0.9947   0.947   1.037
  |z_v| > 3                  88     15.0    41.0    2.0      4.138    0.932      1.0021   0.922   1.082

  -- is the stored hit list TRUNCATED?  nvalid against the modules the fit used, and against nhits
  median nvalid(weak) 15.0   median modules used 42.0   median nhits 15.0
  P(nmod < nvalid) = 0.00000 +- 0.00000 (0/10214)
  P(nvalid < nhits) = 0.00000 +- 0.00000 (0/10214)

  -- P(tail) against the WEAKER leg's hit count and inner radius
  nvalid <= 9      N     86   P(|z_1|>5) 0.00000 +- 0.00000 (0/86)   P(|z_1|>3) 0.02326 +- 0.01625 (2/86)   P(|z_v|>3) 0.01163 +- 0.01156 (1/86)
  nvalid 10-11     N    493   P(|z_1|>5) 0.00203 +- 0.00203 (1/493)   P(|z_1|>3) 0.01826 +- 0.00603 (9/493)   P(|z_v|>3) 0.01420 +- 0.00533 (7/493)
  nvalid >= 12     N   9635   P(|z_1|>5) 0.00166 +- 0.00041 (16/9635)   P(|z_1|>3) 0.01194 +- 0.00111 (115/9635)   P(|z_v|>3) 0.00830 +- 0.00092 (80/9635)
  no BPix L1       N   1057   P(|z_1|>5) 0.00000 +- 0.00000 (0/1057)   P(|z_1|>3) 0.00851 +- 0.00283 (9/1057)   P(|z_v|>3) 0.00568 +- 0.00231 (6/1057)
  BPix L1          N   9157   P(|z_1|>5) 0.00186 +- 0.00045 (17/9157)   P(|z_1|>3) 0.01278 +- 0.00117 (117/9157)   P(|z_v|>3) 0.00895 +- 0.00098 (82/9157)
  npixel <= 2      N   7089   P(|z_1|>5) 0.00113 +- 0.00040 (8/7089)   P(|z_1|>3) 0.01185 +- 0.00129 (84/7089)   P(|z_v|>3) 0.00832 +- 0.00108 (59/7089)
  npixel >= 3      N   3125   P(|z_1|>5) 0.00288 +- 0.00096 (9/3125)   P(|z_1|>3) 0.01344 +- 0.00206 (42/3125)   P(|z_v|>3) 0.00928 +- 0.00172 (29/3125)

# wrote /ceph/submit/data/user/d/david_w/ZMass/cvh/runs_vtxres_260911/tail/hypBC_dy.npz
