
=== beam z_1: the hit-class composition, core against tail
  class           share, all    share, |z|>3    ratio
  pix_x_q1            0.1017          0.0530    0.521
  pix_y_q1            0.0829          0.0422    0.509
  str_N3_lo           0.0441          0.0423    0.959
  str_N2_lo           0.0318          0.0323    1.016
  str_N3_hi           0.0291          0.0127    0.437
  str_N1_lo           0.0118          0.0195    1.651
  str_N2_hi           0.0087          0.0009    0.106
  pix_x_q2            0.0044          0.0015    0.344
  PIXEL total         0.1930          0.1687    0.874
  pix local x         0.1073          0.0855
  -- does the tail follow the PIXEL share of the variance?
     pix share 0.000..0.534  N   2043   P(|z|>3) 0.01273 +- 0.00248 (26/2043)   P(|z|>5) 0.00049 +- 0.00049 (1/2043)   Var 1.1482
     pix share 0.534..0.679  N   2043   P(|z|>3) 0.01028 +- 0.00223 (21/2043)   P(|z|>5) 0.00147 +- 0.00085 (3/2043)   Var 1.1192
     pix share 0.679..0.783  N   2042   P(|z|>3) 0.00833 +- 0.00201 (17/2042)   P(|z|>5) 0.00098 +- 0.00069 (2/2042)   Var 1.1086
     pix share 0.783..0.857  N   2043   P(|z|>3) 0.01517 +- 0.00270 (31/2043)   P(|z|>5) 0.00098 +- 0.00069 (2/2043)   Var 1.2072
     pix share 0.857..0.995  N   2043   P(|z|>3) 0.01517 +- 0.00270 (31/2043)   P(|z|>5) 0.00441 +- 0.00147 (9/2043)   Var 1.2942

=== beam z_2: the hit-class composition, core against tail
  class           share, all    share, |z|>3    ratio
  pix_x_q1            0.2766          0.1020    0.369
  str_N3_lo           0.0314          0.0274    0.871
  pix_y_q1            0.0254          0.0152    0.596
  str_N3_hi           0.0241          0.0184    0.763
  str_N2_lo           0.0235          0.0317    1.349
  pix_x_q2            0.0189          0.0135    0.716
  str_N1_lo           0.0100          0.0230    2.309
  str_N2_hi           0.0092          0.0039    0.420
  PIXEL total         0.3264          0.1816    0.556
  pix local x         0.2998          0.1522
  -- does the tail follow the PIXEL share of the variance?
     pix share 0.000..0.708  N   2043   P(|z|>3) 0.01126 +- 0.00233 (23/2043)   P(|z|>5) 0.00098 +- 0.00069 (2/2043)   Var 1.1560
     pix share 0.708..0.802  N   2043   P(|z|>3) 0.00930 +- 0.00212 (19/2043)   P(|z|>5) 0.00049 +- 0.00049 (1/2043)   Var 1.1041
     pix share 0.802..0.851  N   2042   P(|z|>3) 0.01224 +- 0.00243 (25/2042)   P(|z|>5) 0.00098 +- 0.00069 (2/2042)   Var 1.1622
     pix share 0.851..0.889  N   2043   P(|z|>3) 0.00832 +- 0.00201 (17/2043)   P(|z|>5) 0.00098 +- 0.00069 (2/2043)   Var 1.0927
     pix share 0.889..0.989  N   2043   P(|z|>3) 0.00685 +- 0.00183 (14/2043)   P(|z|>5) 0.00049 +- 0.00049 (1/2043)   Var 1.0310

=== vertex z_v: the hit-class composition, core against tail
  class           share, all    share, |z|>3    ratio
  pix_x_q1            0.3992          0.2797    0.701
  pix_x_q2            0.0434          0.0771    1.775
  str_N3_lo           0.0265          0.0255    0.962
  str_N3_hi           0.0225          0.0168    0.746
  str_N2_lo           0.0213          0.0233    1.092
  str_N1_lo           0.0101          0.0131    1.294
  str_N2_hi           0.0098          0.0072    0.740
  pix_x_q0            0.0071          0.0045    0.625
  PIXEL total         0.4569          0.5551    1.215
  pix local x         0.4498          0.5496
  -- does the tail follow the PIXEL share of the variance?
     pix share 0.000..0.775  N   2044   P(|z|>3) 0.00636 +- 0.00176 (13/2044)   P(|z|>5) 0.00000 +- 0.00000 (0/2044)   Var 1.0577
     pix share 0.775..0.838  N   2043   P(|z|>3) 0.00441 +- 0.00147 (9/2043)   P(|z|>5) 0.00000 +- 0.00000 (0/2043)   Var 1.0629
     pix share 0.838..0.873  N   2044   P(|z|>3) 0.01272 +- 0.00248 (26/2044)   P(|z|>5) 0.00049 +- 0.00049 (1/2044)   Var 1.1619
     pix share 0.873..0.901  N   2043   P(|z|>3) 0.00979 +- 0.00218 (20/2043)   P(|z|>5) 0.00049 +- 0.00049 (1/2043)   Var 1.1622
     pix share 0.901..0.994  N   2044   P(|z|>3) 0.01174 +- 0.00238 (24/2044)   P(|z|>5) 0.00098 +- 0.00069 (2/2044)   Var 1.1961

=== the J/psi GUN, vertex residual (54935 candidates)   -- the same hit model, no tail
  z_v (gun)                  n= 54935  mean  +0.0022 +- 0.0043  Var    1.0089  skew    -0.000  kurt      5.04  P>3 0.00805  P>4 0.00246  P>5 0.00096
  median PIXEL share of Var(z_v): gun 0.8772   DY 0.8572
  class          gun share    DY share
  pix_y_q1          0.0691      0.0066
  pix_x_q1          0.0354      0.3992
  pix_y_q2          0.0122      0.0003
  str_N3_lo         0.0119      0.0265
  str_N3_hi         0.0101      0.0225
  pix_y_q3          0.0099      0.0000
  str_N2_lo         0.0085      0.0213
  pix_x_q2          0.0057      0.0434
  -- the gun's tail against its own pixel share
     pix share 0.000..0.659  N   13734   P(|z_v|>3) 0.00808 +- 0.00076 (111/13734)   P(|z_v|>5) 0.00116 +- 0.00029 (16/13734)
     pix share 0.659..0.877  N   13734   P(|z_v|>3) 0.00626 +- 0.00067 (86/13734)   P(|z_v|>5) 0.00051 +- 0.00019 (7/13734)
     pix share 0.877..0.961  N   13734   P(|z_v|>3) 0.00823 +- 0.00077 (113/13734)   P(|z_v|>5) 0.00080 +- 0.00024 (11/13734)
     pix share 0.961..1.000  N   13734   P(|z_v|>3) 0.00961 +- 0.00083 (132/13734)   P(|z_v|>5) 0.00138 +- 0.00032 (19/13734)

=== THE TAIL CANDIDATES (diagnostic selection |z_1|>5 or |z_2|>5 or |z_v|>5, gen SIGNAL)
           evt     z_1     z_2     z_v  chi2/n  nv+  nv- npx+ npx-     pT+     pT-   eta+   eta-   dphi    mass  sig_v um mult  pixsh
      23456558    6.81   -1.13   -1.82    2.16   18   20    3    3    33.7    28.0   0.31   2.05  2.908   85.92     19.59    1  0.927
      14924188   -2.80    6.73    1.90    2.78   22   23    2    4    56.1    53.0  -1.91  -1.93  2.119   95.06     22.68    1  0.884
      23457893    6.61    1.03   -0.75    2.65   21   16    2    2    22.3    25.8  -2.01   0.10  3.055   77.30     23.81    1  0.760
      56253781    3.13   -6.42   -2.07    2.78   19   23    2    2    44.3    48.7   2.09   1.60  3.131   95.60     23.71    1  0.827
      56255161    3.06   -6.39    0.49    2.62   17   24    3    2    34.8    32.8  -2.24  -1.78  2.958   69.14     24.38    1  0.867
      56254140   -6.36    0.88   -3.79    2.29   18   18    3    1    35.4    35.9   0.76   2.22  2.997   90.98     21.11    1  0.272
      56256798    6.36   -2.29   -3.36    2.92   19   15    2    2    45.7    44.5   1.77   2.24  2.971   92.43     21.78    1  0.832
      14912255    6.29    0.14    0.73    1.81   16   25    2    4    34.8    31.2   0.33   2.02  3.090   91.02     14.85    1  0.911
      23456972   -0.20    6.27    2.89    2.74   18   13    2    1    37.9    28.5  -2.10  -0.38  3.047   91.79     28.35    1  0.866
      96680941   -0.84    6.20   -1.88    2.81   13   18    2    2    39.9    40.8  -1.25  -2.31  3.126   92.31     16.53    1  0.801
      30664072   -6.19    0.17   -0.58    2.20   19   19    4    3    19.1    29.8  -2.25   0.18  2.938   87.39     24.71    1  0.862
      56254335   -6.17   -0.60   -2.34    2.49   15   17    3    2    36.3    40.9  -1.23  -2.35  3.037   89.32     19.31    1  0.558
      15049196    6.05   -3.32    0.47    2.71   20   18    3    4    46.7    44.3  -2.13  -2.22  3.115   91.08     20.33    1  0.834
      23456401    5.89    3.79    2.54    2.74   15   22    3    2    39.5    56.5   2.21   2.03  3.080   94.74     20.49    1  0.864
      56256725   -3.81   -5.82    1.09    2.86   19   16    3    3    33.7    29.6  -2.12  -0.35  2.988   89.39     18.05    1  0.856
      14924088   -5.46    1.71    3.83    2.53   25   11    2    2    48.1    43.1   2.16   2.38  3.101   91.54     19.37    1  0.598
      23082927    4.57    5.37    0.11    2.85   12   18    3    2    30.0    13.2   0.59  -2.22  2.878   85.69     26.15    1  0.911
      15048574    5.28    2.90   -2.39    2.89   19   12    4    3    66.9    32.0   1.45   1.43  3.069   92.45     17.61    1  0.859
      23085697   -5.25   -1.69   -1.82    1.59   20   16    2    2    54.7    24.1   2.10   0.54  2.488   93.00     20.40    1  0.897
      23455460   -5.17   -1.04    1.13    2.37   20   17    3    3    42.6    46.9  -2.34  -1.73  3.068   93.53     21.09    1  0.740
      56254926    5.16    0.31   -3.19    2.51   15   14    2    1    36.8    41.0  -1.35  -0.11  2.870   92.73     20.65    1  0.640
      23457140    5.12   -0.12    0.26    2.01   17   19    2    3    22.5    15.3  -1.17   2.36  3.101  111.77     29.29    1  0.926
      15045073    4.18   -5.12   -0.38    2.28   16   13    2    3    24.4    30.2   2.27   0.03  3.129   92.23     23.27    1  0.709
      30662786   -5.05    1.10    2.65    1.97   16   17    3    2    40.5    37.8   1.97   0.77  3.039   92.87     23.57    1  0.897
      23456210    5.03    1.26    0.18    2.45   19   18    5    1    12.4    19.6   2.14  -0.54  2.765   63.41     27.58    1  0.961
      56255384   -4.11   -0.64    5.69    2.44   16   15    2    1    40.0    49.3  -0.60  -0.36  2.913   88.82     21.91    1  0.626
      23081863    1.29    3.62    5.70    2.87   14   17    2    1    34.9    35.2   1.27  -0.23  3.106   90.66     22.08    1  0.547
      56256737    2.49    2.39   -6.13    2.32   25   15    2    1    31.5    35.1  -1.95  -0.21  2.730   92.42     25.12    1  0.501
      23457757   -2.31   -1.51    5.05    1.65   24   19    3    2    24.3     6.4   1.61  -2.34  2.273   90.64     31.75    1  0.974
  (29 candidates in the set)

  -- and how the tail set compares with the core
  chi2/ndof            core median     0.9643   tail median     2.5053   tail p90     2.8595
  sigma_v um           core median    24.2862   tail median    21.9096   tail p90    27.7359
  nvalid weak          core median    15.0000   tail median    16.0000   tail p90    19.0000
  pT soft              core median    34.6590   tail median    32.8407   tail p90    44.2824
  |eta| max            core median     1.5348   tail median     2.1397   tail p90     2.3450
  dphi                 core median     2.9658   tail median     3.0365   tail p90     3.1167
  mass                 core median    90.6679   tail median    91.5425   tail p90    94.8063
  bsmeig               core median     0.1117   tail median     0.2395   tail p90     0.3488
  pixel share          core median     0.7358   tail median     0.8556   tail p90     0.9267
  event multiplicity   core median     1.0000   tail median     1.0000   tail p90     1.0000
  nTrueInt             core median    21.8010   tail median    23.6511   tail p90    31.2150
  sigma_m GeV          core median     1.0331   tail median     1.4700   tail p90     1.9853
