# real 1899 candidates, ideal 1899
# matched 1899
# both pass the baseline: 1878

=== THE SAME CANDIDATES, the two geometries

  aligned (UL16 MC alignment):  N 1878
    chi2/ndof median 1.0221  p90 1.6789  P(prob<0.01) 0.08679 +- 0.00650 (163/1878)  P(prob<1e-3) 0.05378 +- 0.00521 (101/1878)
    z_1: Var  4.1409  P>3 0.01704 +- 0.00299 (32/1878)  P>5 0.00479 +- 0.00159 (9/1878)
    z_2: Var  1.1637  P>3 0.01118 +- 0.00243 (21/1878)  P>5 0.00160 +- 0.00092 (3/1878)
    z_v: Var  1.2294  P>3 0.01065 +- 0.00237 (20/1878)  P>5 0.00160 +- 0.00092 (3/1878)

  IDEAL geometry:  N 1878
    chi2/ndof median 1.0222  p90 1.6730  P(prob<0.01) 0.08679 +- 0.00650 (163/1878)  P(prob<1e-3) 0.05272 +- 0.00516 (99/1878)
    z_1: Var  4.1732  P>3 0.01917 +- 0.00316 (36/1878)  P>5 0.00532 +- 0.00168 (10/1878)
    z_2: Var  1.1661  P>3 0.01225 +- 0.00254 (23/1878)  P>5 0.00266 +- 0.00119 (5/1878)
    z_v: Var  1.2450  P>3 0.01012 +- 0.00231 (19/1878)  P>5 0.00160 +- 0.00092 (3/1878)

  per-candidate chi2/ndof(ideal) - chi2/ndof(aligned): median +0.0007  mean +0.0230
  the candidates with prob < 1e-3 under the ALIGNED geometry: 101; of those, still < 1e-3 under the IDEAL one: 92
  the |z_1| > 3 candidates under the ALIGNED geometry: 32; still > 3 under the IDEAL one: 31; median |z_1| there 3.73 against 3.62

=== the chi2 excess against |eta|, both geometries
  |eta| 0.0-1.4  N    802   aligned 0.05112 +- 0.00778 (41/802)   ideal 0.04988 +- 0.00769 (40/802)
  |eta| 1.4-1.8  N    398   aligned 0.04774 +- 0.01069 (19/398)   ideal 0.04020 +- 0.00985 (16/398)
  |eta| 1.8-2.4  N    635   aligned 0.05984 +- 0.00941 (38/635)   ideal 0.06299 +- 0.00964 (40/635)
