
=== DY, gen signal (NO chi2 cut): 10301 candidates
  ndof (reduced) median 27   chi2/ndof median 1.0140  mean 1.1915  p90 1.6669  p99 2.9777
  the chi2 PROBABILITY, which must be FLAT on [0,1]:
    P in [0.000,0.100) = 0.07621   expected 0.10000   ratio    0.76
    P in [0.400,0.600) = 0.18891   expected 0.20000   ratio    0.94
    P in [0.900,0.990) = 0.10931   expected 0.09000   ratio    1.21
    P in [0.990,0.999) = 0.03417   expected 0.00900   ratio    3.80
    P in [0.999,1.000) = 0.04970   expected 0.00100   ratio   49.70
  P(chi2 prob < 1e-3) = 0.05116 +- 0.00217 (527/10301)  (expected 0.001)

  the ladder Var(z | chi2/ndof) -- the model says SLOPE 1, INTERCEPT 0
    z_1   slope +1.0616 +- 0.0562   intercept -0.0454 +- 0.0527
    z_2   slope +0.8861 +- 0.0505   intercept +0.1205 +- 0.0484
    z_v   slope +0.4927 +- 0.0535   intercept +0.5939 +- 0.0551

  the SCALE-MIXTURE prediction from the measured chi2/ndof, against the measured tail (no free parameter)
       t    predicted       obs z_1   ratio       obs z_2   ratio       obs z_v   ratio
       2      0.06102       0.06689    1.10       0.05708    0.94       0.06533    1.07
       3      0.00867       0.01621    1.87       0.01311    1.51       0.01107    1.28
       4      0.00159       0.00718    4.52       0.00447    2.81       0.00243    1.53
       5      0.00059       0.00427    7.26       0.00223    3.80       0.00146    2.48
    (a single Gaussian would give 0.04550 / 0.00270 / 0.000063 / 0.0000006)

=== DY, gen signal (chi2/ndof < 3, the published baseline): 10218 candidates
  ndof (reduced) median 27   chi2/ndof median 1.0112  mean 1.1064  p90 1.6308  p99 2.6229
  the chi2 PROBABILITY, which must be FLAT on [0,1]:
    P in [0.000,0.100) = 0.07683   expected 0.10000   ratio    0.77
    P in [0.400,0.600) = 0.19035   expected 0.20000   ratio    0.95
    P in [0.900,0.990) = 0.11020   expected 0.09000   ratio    1.22
    P in [0.990,0.999) = 0.03435   expected 0.00900   ratio    3.82
    P in [0.999,1.000) = 0.04365   expected 0.00100   ratio   43.65
  P(chi2 prob < 1e-3) = 0.04365 +- 0.00202 (446/10218)  (expected 0.001)

  the ladder Var(z | chi2/ndof) -- the model says SLOPE 1, INTERCEPT 0
    z_1   slope +1.0373 +- 0.0568   intercept -0.0281 +- 0.0532
    z_2   slope +0.8678 +- 0.0512   intercept +0.1346 +- 0.0489
    z_v   slope +0.4694 +- 0.0548   intercept +0.6077 +- 0.0562

  the SCALE-MIXTURE prediction from the measured chi2/ndof, against the measured tail (no free parameter)
       t    predicted       obs z_1   ratio       obs z_2   ratio       obs z_v   ratio
       2      0.05870       0.06224    1.06       0.05314    0.91       0.06215    1.06
       3      0.00728       0.01243    1.71       0.00969    1.33       0.00900    1.24
       4      0.00080       0.00382    4.75       0.00225    2.80       0.00108    1.34
       5      0.00008       0.00166   19.70       0.00078    9.27       0.00039    4.64
    (a single Gaussian would give 0.04550 / 0.00270 / 0.000063 / 0.0000006)

=== J/psi gun (NO chi2 cut): 55155 candidates
  ndof (reduced) median 28   chi2/ndof median 0.9092  mean 0.9928  p90 1.3498  p99 2.2872
  the chi2 PROBABILITY, which must be FLAT on [0,1]:
    P in [0.000,0.100) = 0.15230   expected 0.10000   ratio    1.52
    P in [0.400,0.600) = 0.18104   expected 0.20000   ratio    0.91
    P in [0.900,0.990) = 0.06509   expected 0.09000   ratio    0.72
    P in [0.990,0.999) = 0.01626   expected 0.00900   ratio    1.81
    P in [0.999,1.000) = 0.01494   expected 0.00100   ratio   14.94
  P(chi2 prob < 1e-3) = 0.01557 +- 0.00053 (859/55155)  (expected 0.001)

  the ladder Var(z | chi2/ndof) -- the model says SLOPE 1, INTERCEPT 0
    z_v   slope +0.1360 +- 0.0275   intercept +0.9601 +- 0.0261

  the SCALE-MIXTURE prediction from the measured chi2/ndof, against the measured tail (no free parameter)
       t    predicted       obs z_v   ratio
       2      0.04469       0.04652    1.04
       3      0.00454       0.00905    1.99
       4      0.00054       0.00328    6.02
       5      0.00014       0.00169   12.07
    (a single Gaussian would give 0.04550 / 0.00270 / 0.000063 / 0.0000006)
