
=== WITH chi2/ndof < 3 (the published baseline): 10218 gen-signal candidates
  z_1                        n= 10218  mean  +0.0136 +- 0.0107  Var    1.1788  skew    +0.070  kurt      4.97  P>3 0.01243  P>4 0.00382  P>5 0.00166
  z_2                        n= 10218  mean  +0.0013 +- 0.0104  Var    1.1110  skew    +0.062  kurt      4.40  P>3 0.00969  P>4 0.00225  P>5 0.00078
  z_v                        n= 10218  mean  +0.0097 +- 0.0105  Var    1.1286  skew    -0.010  kurt      3.79  P>3 0.00900  P>4 0.00108  P>5 0.00039

  -- max |eta| of the two legs
  bin                       N              P(|z_1|>3)              P(|z_1|>5)      Var              P(|z_2|>3)              P(|z_2|>5)      Var              P(|z_v|>3)              P(|z_v|>5)      Var
     +0.00..   +0.90   20540.00925 +- 0.00211 (19/2054)0.00000 +- 0.00000 (0/2054)    1.1060.00438 +- 0.00146 (9/2054)0.00000 +- 0.00000 (0/2054)    1.0060.00828 +- 0.00200 (17/2054)0.00049 +- 0.00049 (1/2054)    1.185
     +0.90..   +1.40   23350.00771 +- 0.00181 (18/2335)0.00043 +- 0.00043 (1/2335)    1.0190.00685 +- 0.00171 (16/2335)0.00000 +- 0.00000 (0/2335)    1.0240.00899 +- 0.00195 (21/2335)0.00043 +- 0.00043 (1/2335)    1.082
     +1.40..   +1.80   22340.00627 +- 0.00167 (14/2234)0.00045 +- 0.00045 (1/2234)    1.0690.00761 +- 0.00184 (17/2234)0.00000 +- 0.00000 (0/2234)    1.1100.00492 +- 0.00148 (11/2234)0.00000 +- 0.00000 (0/2234)    1.063
     +1.80..   +2.05   14160.01766 +- 0.00350 (25/1416)0.00282 +- 0.00141 (4/1416)    1.3240.01130 +- 0.00281 (16/1416)0.00071 +- 0.00071 (1/1416)    1.1490.01201 +- 0.00289 (17/1416)0.00071 +- 0.00071 (1/1416)    1.171
     +2.05..   +2.20    8540.01756 +- 0.00450 (15/854)0.00234 +- 0.00165 (2/854)    1.2500.01054 +- 0.00349 (9/854)0.00351 +- 0.00202 (3/854)    1.2690.00585 +- 0.00261 (5/854)0.00000 +- 0.00000 (0/854)    1.103
     +2.20..   +2.40   10790.02873 +- 0.00509 (31/1079)0.00834 +- 0.00277 (9/1079)    1.6430.02410 +- 0.00467 (26/1079)0.00371 +- 0.00185 (4/1079)    1.2790.01483 +- 0.00368 (16/1079)0.00093 +- 0.00093 (1/1079)    1.194

  -- chi2 / ndof
  bin                       N              P(|z_1|>3)              P(|z_1|>5)      Var              P(|z_2|>3)              P(|z_2|>5)      Var              P(|z_v|>3)              P(|z_v|>5)      Var
     +0.00..   +0.80   25190.00000 +- 0.00000 (0/2519)0.00000 +- 0.00000 (0/2519)    0.6770.00000 +- 0.00000 (0/2519)0.00000 +- 0.00000 (0/2519)    0.6200.00000 +- 0.00000 (0/2519)0.00000 +- 0.00000 (0/2519)    0.648
     +0.80..   +1.00   31340.00032 +- 0.00032 (1/3134)0.00000 +- 0.00000 (0/3134)    0.8530.00128 +- 0.00064 (4/3134)0.00000 +- 0.00000 (0/3134)    0.8870.00128 +- 0.00064 (4/3134)0.00000 +- 0.00000 (0/3134)    0.888
     +1.00..   +1.30   26910.00520 +- 0.00139 (14/2691)0.00000 +- 0.00000 (0/2691)    1.1570.00483 +- 0.00134 (13/2691)0.00000 +- 0.00000 (0/2691)    1.2030.00669 +- 0.00157 (18/2691)0.00000 +- 0.00000 (0/2691)    1.255
     +1.30..   +1.80   13280.03464 +- 0.00502 (46/1328)0.00075 +- 0.00075 (1/1328)    1.8350.02636 +- 0.00440 (35/1328)0.00000 +- 0.00000 (0/1328)    1.6850.02636 +- 0.00440 (35/1328)0.00075 +- 0.00075 (1/1328)    1.833
     +1.80..   +2.40    4200.08571 +- 0.01366 (36/420)0.01667 +- 0.00625 (7/420)    3.2120.06667 +- 0.01217 (28/420)0.00238 +- 0.00238 (1/420)    2.2200.04762 +- 0.01039 (20/420)0.00238 +- 0.00238 (1/420)    2.031
     +2.40..   +3.00    1260.23810 +- 0.03794 (30/126)0.07143 +- 0.02294 (9/126)    5.9250.15079 +- 0.03188 (19/126)0.05556 +- 0.02041 (7/126)    4.6580.11905 +- 0.02885 (15/126)0.01587 +- 0.01113 (2/126)    3.558

=== WITHOUT the chi2 cut: 10301 gen-signal candidates
  z_1                        n= 10301  mean  +0.0096 +- 0.0148  Var    2.2503  skew    -3.622  kurt    617.18  P>3 0.01621  P>4 0.00718  P>5 0.00427
  z_2                        n= 10301  mean  +0.0042 +- 0.0113  Var    1.3174  skew    +2.296  kurt     73.31  P>3 0.01311  P>4 0.00447  P>5 0.00223
  z_v                        n= 10301  mean  +0.0106 +- 0.0108  Var    1.2091  skew    +0.143  kurt      7.07  P>3 0.01107  P>4 0.00243  P>5 0.00146

  -- max |eta| of the two legs
  bin                       N              P(|z_1|>3)              P(|z_1|>5)      Var              P(|z_2|>3)              P(|z_2|>5)      Var              P(|z_v|>3)              P(|z_v|>5)      Var
     +0.00..   +0.90   20610.01019 +- 0.00221 (21/2061)0.00097 +- 0.00069 (2/2061)    1.3190.00485 +- 0.00153 (10/2061)0.00000 +- 0.00000 (0/2061)    1.0210.00873 +- 0.00205 (18/2061)0.00097 +- 0.00069 (2/2061)    1.199
     +0.90..   +1.40   23470.00810 +- 0.00185 (19/2347)0.00043 +- 0.00043 (1/2347)    1.0400.00767 +- 0.00180 (18/2347)0.00000 +- 0.00000 (0/2347)    1.0360.00937 +- 0.00199 (22/2347)0.00085 +- 0.00060 (2/2347)    1.097
     +1.40..   +1.80   22440.00891 +- 0.00198 (20/2244)0.00267 +- 0.00109 (6/2244)    3.1260.00936 +- 0.00203 (21/2244)0.00089 +- 0.00063 (2/2244)    1.2140.00713 +- 0.00178 (16/2244)0.00089 +- 0.00063 (2/2244)    1.201
     +1.80..   +2.05   14260.02174 +- 0.00386 (31/1426)0.00631 +- 0.00210 (9/1426)    1.5470.01613 +- 0.00334 (23/1426)0.00210 +- 0.00121 (3/1426)    1.9850.01543 +- 0.00326 (22/1426)0.00210 +- 0.00121 (3/1426)    1.274
     +2.05..   +2.20    8690.02532 +- 0.00533 (22/869)0.00806 +- 0.00303 (7/869)    6.6890.01841 +- 0.00456 (16/869)0.00690 +- 0.00281 (6/869)    1.5070.00690 +- 0.00281 (6/869)0.00115 +- 0.00115 (1/869)    1.143
     +2.20..   +2.40   11020.04083 +- 0.00596 (45/1102)0.01633 +- 0.00382 (18/1102)    2.3370.03539 +- 0.00557 (39/1102)0.00998 +- 0.00299 (11/1102)    1.6180.02087 +- 0.00431 (23/1102)0.00363 +- 0.00181 (4/1102)    1.383

  -- chi2 / ndof
  bin                       N              P(|z_1|>3)              P(|z_1|>5)      Var              P(|z_2|>3)              P(|z_2|>5)      Var              P(|z_v|>3)              P(|z_v|>5)      Var
     +0.00..   +0.80   25190.00000 +- 0.00000 (0/2519)0.00000 +- 0.00000 (0/2519)    0.6770.00000 +- 0.00000 (0/2519)0.00000 +- 0.00000 (0/2519)    0.6200.00000 +- 0.00000 (0/2519)0.00000 +- 0.00000 (0/2519)    0.648
     +0.80..   +1.00   31340.00032 +- 0.00032 (1/3134)0.00000 +- 0.00000 (0/3134)    0.8530.00128 +- 0.00064 (4/3134)0.00000 +- 0.00000 (0/3134)    0.8870.00128 +- 0.00064 (4/3134)0.00000 +- 0.00000 (0/3134)    0.888
     +1.00..   +1.30   26910.00520 +- 0.00139 (14/2691)0.00000 +- 0.00000 (0/2691)    1.1570.00483 +- 0.00134 (13/2691)0.00000 +- 0.00000 (0/2691)    1.2030.00669 +- 0.00157 (18/2691)0.00000 +- 0.00000 (0/2691)    1.255
     +1.30..   +1.80   13280.03464 +- 0.00502 (46/1328)0.00075 +- 0.00075 (1/1328)    1.8350.02636 +- 0.00440 (35/1328)0.00000 +- 0.00000 (0/1328)    1.6850.02636 +- 0.00440 (35/1328)0.00075 +- 0.00075 (1/1328)    1.833
     +1.80..   +2.40    4200.08571 +- 0.01366 (36/420)0.01667 +- 0.00625 (7/420)    3.2120.06667 +- 0.01217 (28/420)0.00238 +- 0.00238 (1/420)    2.2200.04762 +- 0.01039 (20/420)0.00238 +- 0.00238 (1/420)    2.031
     +2.40..   +3.00    1260.23810 +- 0.03794 (30/126)0.07143 +- 0.02294 (9/126)    5.9250.15079 +- 0.03188 (19/126)0.05556 +- 0.02041 (7/126)    4.6580.11905 +- 0.02885 (15/126)0.01587 +- 0.01113 (2/126)    3.558
     +3.00..   +6.00     690.40580 +- 0.05911 (28/69)0.26087 +- 0.05286 (18/69)   18.6210.43478 +- 0.05968 (30/69)0.17391 +- 0.04563 (12/69)   12.2300.24638 +- 0.05187 (17/69)0.13043 +- 0.04054 (9/69)    9.656

=== the two variables are not the same one: chi2/ndof against max |eta| (gen signal, chi2 cut applied)
  |eta| 0.00-1.40  N   4389  median chi2/ndof 0.9714  p90 1.5298  P(chi2/ndof>2) 0.03235 +- 0.00267 (142/4389)
  |eta| 1.40-1.80  N   2234  median chi2/ndof 0.9491  p90 1.4892  P(chi2/ndof>2) 0.02775 +- 0.00348 (62/2234)
  |eta| 1.80-2.05  N   1416  median chi2/ndof 0.9647  p90 1.5218  P(chi2/ndof>2) 0.02895 +- 0.00446 (41/1416)
  |eta| 2.05-2.40  N   1933  median chi2/ndof 0.9663  p90 1.5759  P(chi2/ndof>2) 0.04604 +- 0.00477 (89/1933)

  -- the tail at FIXED chi2/ndof, in eta bins (is eta anything beyond chi2?)
  chi2/ndof 0.0-1.3, |eta| 0.0-1.8: N   5439  P(|z_1|>3) 0.00147 +- 0.00052 (8/5439)  P(|z_1|>5) 0.00000 +- 0.00000 (0/5439)  Var(z_1) 0.883
  chi2/ndof 0.0-1.3, |eta| 1.8-2.4: N   2711  P(|z_1|>3) 0.00258 +- 0.00097 (7/2711)  P(|z_1|>5) 0.00000 +- 0.00000 (0/2711)  Var(z_1) 0.932
  chi2/ndof 1.3-3.0, |eta| 0.0-1.8: N   1184  P(|z_1|>3) 0.03632 +- 0.00544 (43/1184)  P(|z_1|>5) 0.00169 +- 0.00119 (2/1184)  Var(z_1) 1.889
  chi2/ndof 1.3-3.0, |eta| 1.8-2.4: N    638  P(|z_1|>3) 0.10031 +- 0.01189 (64/638)  P(|z_1|>5) 0.02351 +- 0.00600 (15/638)  Var(z_1) 3.435

=== the J/psi GUN for comparison (54935 cand)
  median chi2/ndof 0.9094  p90 1.3434  P(chi2/ndof>2) 0.01363 +- 0.00049 (749/54935)

  -- gun: max |eta|
  bin                       N              P(|z_v|>3)              P(|z_v|>5)      Var
     +0.00..   +0.90  176580.00612 +- 0.00059 (108/17658)0.00057 +- 0.00018 (10/17658)    0.972
     +0.90..   +1.40  118670.00733 +- 0.00078 (87/11867)0.00059 +- 0.00022 (7/11867)    0.984
     +1.40..   +1.80   96300.00841 +- 0.00093 (81/9630)0.00114 +- 0.00034 (11/9630)    1.006
     +1.80..   +2.05   61190.00932 +- 0.00123 (57/6119)0.00114 +- 0.00043 (7/6119)    1.038
     +2.05..   +2.20   36070.01137 +- 0.00177 (41/3607)0.00222 +- 0.00078 (8/3607)    1.112
     +2.20..   +2.40   46940.00937 +- 0.00141 (44/4694)0.00149 +- 0.00056 (7/4694)    1.069

  -- gun: chi2/ndof
  bin                       N              P(|z_v|>3)              P(|z_v|>5)      Var
     +0.00..   +0.80  176760.00023 +- 0.00011 (4/17676)0.00000 +- 0.00000 (0/17676)    0.623
     +0.80..   +1.00  169990.00124 +- 0.00027 (21/16999)0.00000 +- 0.00000 (0/16999)    0.861
     +1.00..   +1.30  138180.00847 +- 0.00078 (117/13818)0.00000 +- 0.00000 (0/13818)    1.164
     +1.30..   +1.80   51330.03409 +- 0.00253 (175/5133)0.00253 +- 0.00070 (13/5133)    1.804
     +1.80..   +2.40   10470.09074 +- 0.00888 (95/1047)0.02197 +- 0.00453 (23/1047)    2.966
     +2.40..   +3.00    2620.11450 +- 0.01967 (30/262)0.06489 +- 0.01522 (17/262)    5.016
