candidates: raw 21678062  finite 21675256  chi2/ndof < 3: 21485543

=== 1. the FSR kernel of the sample ===
n                 = 21485543
P(masslep filled) = 0.318193   (PHOTOS emitted >= 1 photon)
P(u == 0 exact)   = 0.685496  (float32 floor, see report)
P(u < 0)          = 2.359e-03   n = 50695
<u>               = 2.62409079e-03
<u | u != 0>      = 8.34357643e-03
<u^2>             = 1.65027175e-04
<1 - m_post/m_pre>= 2.54402111e-03
m_post/m_pre ulp  = 7.6986e-08

        u0   P(u>u0) meas        +-   analytic  meas/ana
 1.000e-06       0.261309  9.48e-05   0.278514    0.9382
 1.000e-05       0.213517  8.84e-05   0.232715    0.9175
 1.000e-04       0.162842  7.97e-05   0.184015    0.8849
 3.000e-04       0.137849  7.44e-05   0.159712    0.8631
 1.000e-03       0.109841  6.75e-05   0.132283    0.8304
 3.000e-03       0.083680  5.97e-05   0.106577    0.7852
 1.000e-02       0.054664  4.90e-05   0.077908    0.7017
 3.000e-02       0.028871  3.61e-05   0.052006    0.5552
 5.660e-02       0.015271  2.65e-05   0.037819    0.4038
 1.130e-01       0.002779  1.14e-05   0.023919    0.1162

  u dP/dlnu  (60 log bins, 1e-6 .. 0.2)
  [1.000e-06,1.226e-06]  uc=1.107e-06  dens=  0.021048 +- 0.000069
  [1.226e-06,1.502e-06]  uc=1.357e-06  dens=  0.022531 +- 0.000072
  [1.502e-06,1.841e-06]  uc=1.663e-06  dens=  0.018576 +- 0.000065
  [1.841e-06,2.256e-06]  uc=2.038e-06  dens=  0.022560 +- 0.000072
  [2.256e-06,2.765e-06]  uc=2.498e-06  dens=  0.018317 +- 0.000065
  [2.765e-06,3.389e-06]  uc=3.061e-06  dens=  0.022626 +- 0.000072
  [3.389e-06,4.154e-06]  uc=3.752e-06  dens=  0.018517 +- 0.000065
  [4.154e-06,5.091e-06]  uc=4.599e-06  dens=  0.022048 +- 0.000071
  [5.091e-06,6.240e-06]  uc=5.636e-06  dens=  0.020849 +- 0.000069
  [6.240e-06,7.647e-06]  uc=6.908e-06  dens=  0.020505 +- 0.000068
  [7.647e-06,9.373e-06]  uc=8.466e-06  dens=  0.020707 +- 0.000069
  [9.373e-06,1.149e-05]  uc=1.038e-05  dens=  0.021755 +- 0.000071
  [1.149e-05,1.408e-05]  uc=1.272e-05  dens=  0.021022 +- 0.000069
  [1.408e-05,1.725e-05]  uc=1.559e-05  dens=  0.022000 +- 0.000071
  [1.725e-05,2.115e-05]  uc=1.910e-05  dens=  0.021487 +- 0.000070
  [2.115e-05,2.592e-05]  uc=2.341e-05  dens=  0.022008 +- 0.000071
  [2.592e-05,3.177e-05]  uc=2.869e-05  dens=  0.022094 +- 0.000071
  [3.177e-05,3.893e-05]  uc=3.517e-05  dens=  0.022027 +- 0.000071
  [3.893e-05,4.772e-05]  uc=4.310e-05  dens=  0.022103 +- 0.000071
  [4.772e-05,5.848e-05]  uc=5.282e-05  dens=  0.022293 +- 0.000071
  [5.848e-05,7.167e-05]  uc=6.474e-05  dens=  0.022268 +- 0.000071
  [7.167e-05,8.784e-05]  uc=7.935e-05  dens=  0.022391 +- 0.000072
  [8.784e-05,1.077e-04]  uc=9.725e-05  dens=  0.022462 +- 0.000072
  [1.077e-04,1.320e-04]  uc=1.192e-04  dens=  0.022518 +- 0.000072
  [1.320e-04,1.617e-04]  uc=1.461e-04  dens=  0.022735 +- 0.000072
  [1.617e-04,1.982e-04]  uc=1.790e-04  dens=  0.022805 +- 0.000072
  [1.982e-04,2.429e-04]  uc=2.194e-04  dens=  0.022798 +- 0.000072
  [2.429e-04,2.977e-04]  uc=2.689e-04  dens=  0.022957 +- 0.000072
  [2.977e-04,3.649e-04]  uc=3.296e-04  dens=  0.023012 +- 0.000073
  [3.649e-04,4.472e-04]  uc=4.040e-04  dens=  0.023025 +- 0.000073
  [4.472e-04,5.481e-04]  uc=4.951e-04  dens=  0.023141 +- 0.000073
  [5.481e-04,6.718e-04]  uc=6.068e-04  dens=  0.023405 +- 0.000073
  [6.718e-04,8.233e-04]  uc=7.437e-04  dens=  0.023464 +- 0.000073
  [8.233e-04,1.009e-03]  uc=9.115e-04  dens=  0.023581 +- 0.000073
  [1.009e-03,1.237e-03]  uc=1.117e-03  dens=  0.023527 +- 0.000073
  [1.237e-03,1.516e-03]  uc=1.369e-03  dens=  0.023853 +- 0.000074
  [1.516e-03,1.858e-03]  uc=1.678e-03  dens=  0.023799 +- 0.000074
  [1.858e-03,2.277e-03]  uc=2.057e-03  dens=  0.023896 +- 0.000074
  [2.277e-03,2.790e-03]  uc=2.521e-03  dens=  0.023851 +- 0.000074
  [2.790e-03,3.420e-03]  uc=3.089e-03  dens=  0.024009 +- 0.000074
  [3.420e-03,4.192e-03]  uc=3.786e-03  dens=  0.024153 +- 0.000074
  [4.192e-03,5.137e-03]  uc=4.640e-03  dens=  0.024062 +- 0.000074
  [5.137e-03,6.296e-03]  uc=5.687e-03  dens=  0.024174 +- 0.000074
  [6.296e-03,7.717e-03]  uc=6.970e-03  dens=  0.024067 +- 0.000074
  [7.717e-03,9.457e-03]  uc=8.543e-03  dens=  0.024124 +- 0.000074
  [9.457e-03,1.159e-02]  uc=1.047e-02  dens=  0.024042 +- 0.000074
  [1.159e-02,1.421e-02]  uc=1.283e-02  dens=  0.023886 +- 0.000074
  [1.421e-02,1.741e-02]  uc=1.573e-02  dens=  0.023768 +- 0.000074
  [1.741e-02,2.134e-02]  uc=1.928e-02  dens=  0.023390 +- 0.000073
  [2.134e-02,2.615e-02]  uc=2.362e-02  dens=  0.022985 +- 0.000073
  [2.615e-02,3.205e-02]  uc=2.895e-02  dens=  0.022636 +- 0.000072
  [3.205e-02,3.928e-02]  uc=3.549e-02  dens=  0.021905 +- 0.000071
  [3.928e-02,4.815e-02]  uc=4.349e-02  dens=  0.021253 +- 0.000070
  [4.815e-02,5.901e-02]  uc=5.330e-02  dens=  0.020535 +- 0.000069
  [5.901e-02,7.232e-02]  uc=6.533e-02  dens=  0.019395 +- 0.000067
  [7.232e-02,8.864e-02]  uc=8.007e-02  dens=  0.018180 +- 0.000064
  [8.864e-02,1.086e-01]  uc=9.813e-02  dens=  0.016717 +- 0.000062
  [1.086e-01,1.331e-01]  uc=1.203e-01  dens=  0.013218 +- 0.000055
  [1.331e-01,1.632e-01]  uc=1.474e-01  dens=  0.003333 +- 0.000028
  [1.632e-01,2.000e-01]  uc=1.807e-01  dens=  0.000078 +- 0.000004

=== 2. pre-FSR mass vs the truncated Breit-Wigner ===
  masslep only (radiating):  n=6836556  min=3.0959990  max=10.3552475  <m>-m0=+0.011471 MeV  frac outside window=9.508e-06
  m_pre (masslep, else m_post):  n=21485543  min=2.3098719  max=10.3552475  <m>-m0=-0.047725 MeV  frac outside window=9.619e-04
  quantiles of masslep (inside window, n=6836491):
       q     measured     trunc BW   diff [keV]
    0.01    3.0963356    3.0963352         0.49
    0.05    3.0966749    3.0966754        -0.53
    0.10    3.0967748    3.0967752        -0.39
    0.25    3.0968556    3.0968560        -0.38
    0.50    3.0968997    3.0969000        -0.25
    0.75    3.0969439    3.0969440        -0.12
    0.90    3.0970247    3.0970248        -0.11
    0.95    3.0971243    3.0971246        -0.21
    0.99    3.0974643    3.0974648        -0.52

  the SELECTED lineshape vs the generator's truncated BW
                              sample          n  <m>-m0 [keV]      +-   chi2/ndf    tilt c      +-
                 masslep (radiating)    6836491        -0.253   0.061       4.72  -0.00958 0.00216   (chi2/ndf after tilt 4.46)
  m_post, non-radiating (m_post==m_pre)   14628384        -0.294   0.042       9.85  -0.01100 0.00148   (chi2/ndf after tilt 9.07)
         m_pre = masslep else m_post   21464875        -0.281   0.034      13.71  -0.01055 0.00122   (chi2/ndf after tilt 12.66)

=== 3. <m_post> decomposition (MeV) ===
  (i)  <m_post> - m0                 = -7.928866 MeV
  (ii) <m_pre> - m0                  = -0.047725 MeV
       <m_post - m_pre>              = -7.881141 MeV
       sum                           = -7.928866 MeV
       (i) - sum                     = -1.30e-13 MeV
  -m0 <u>                            = -8.126547 MeV

=== 4. the lost-masslep candidates ===
  m_post < 3.0955: n= 2778413  P(masslep==-99 | hard) = 0.00576 +- 0.00005
  m_post < 3.0950: n= 2623579  P(masslep==-99 | hard) = 0.00586 +- 0.00005
  m_post < 3.0940: n= 2408167  P(masslep==-99 | hard) = 0.00601 +- 0.00005
  m_post < 3.0900: n= 1962943  P(masslep==-99 | hard) = 0.00642 +- 0.00006
  m_post < 3.0800: n= 1497581  P(masslep==-99 | hard) = 0.00710 +- 0.00007
  <u> with the identifiable lost ones given m_pre = m0: 2.65007992e-03  (shift +2.599e-05, +0.990 %)
  <u> scaling the radiating population by 1/(1-f_loss): 2.63928389e-03  (+0.579 %)
  P(u>1e-6) so corrected = 0.262822 (ana 0.278514, ratio 0.9437)

=== 5. vs the analytic QED kernel ===
  <u> measured                 = 2.624091e-03
  <u> analytic photonic        = 1.055854e-02  ratio 0.2485
  <u> analytic photonic + pair = 1.084249e-02  ratio 0.2420

  LOCAL density u dP/dlnu, meas / analytic (acceptance-free)
           u       meas        +-        ana    ratio
   1.107e-06   0.021048  0.000069   0.019337   1.0885
   1.357e-06   0.022531  0.000072   0.019443   1.1589
   1.663e-06   0.018576  0.000065   0.019549   0.9502
   2.038e-06   0.022560  0.000072   0.019655   1.1478
   2.498e-06   0.018317  0.000065   0.019762   0.9268
   3.061e-06   0.022626  0.000072   0.019870   1.1387
   3.752e-06   0.018517  0.000065   0.019978   0.9269
   4.599e-06   0.022048  0.000071   0.020087   1.0976
   5.636e-06   0.020849  0.000069   0.020197   1.0323
   6.908e-06   0.020505  0.000068   0.020307   1.0098
   8.466e-06   0.020707  0.000069   0.020417   1.0142
   1.038e-05   0.021755  0.000071   0.020529   1.0597
   1.272e-05   0.021022  0.000069   0.020640   1.0185
   1.559e-05   0.022000  0.000071   0.020753   1.0601
   1.910e-05   0.021487  0.000070   0.020866   1.0298
   2.341e-05   0.022008  0.000071   0.020979   1.0491
   2.869e-05   0.022094  0.000071   0.021093   1.0474
   3.517e-05   0.022027  0.000071   0.021208   1.0386
   4.310e-05   0.022103  0.000071   0.021323   1.0366
   5.282e-05   0.022293  0.000071   0.021438   1.0399
   6.474e-05   0.022268  0.000071   0.021555   1.0331
   7.935e-05   0.022391  0.000072   0.021671   1.0332
   9.725e-05   0.022462  0.000072   0.021788   1.0309
   1.192e-04   0.022518  0.000072   0.021905   1.0280
   1.461e-04   0.022735  0.000072   0.022023   1.0324
   1.790e-04   0.022805  0.000072   0.022140   1.0300
   2.194e-04   0.022798  0.000072   0.022258   1.0243
   2.689e-04   0.022957  0.000072   0.022376   1.0260
   3.296e-04   0.023012  0.000073   0.022493   1.0231
   4.040e-04   0.023025  0.000073   0.022611   1.0183
   4.951e-04   0.023141  0.000073   0.022727   1.0182
   6.068e-04   0.023405  0.000073   0.022843   1.0246
   7.437e-04   0.023464  0.000073   0.022957   1.0221
   9.115e-04   0.023581  0.000073   0.023069   1.0222
   1.117e-03   0.023527  0.000073   0.023179   1.0150
   1.369e-03   0.023853  0.000074   0.023286   1.0244
   1.678e-03   0.023799  0.000074   0.023389   1.0175
   2.057e-03   0.023896  0.000074   0.023487   1.0174
   2.521e-03   0.023851  0.000074   0.023579   1.0115
   3.089e-03   0.024009  0.000074   0.023663   1.0146
   3.786e-03   0.024153  0.000074   0.023738   1.0175
   4.640e-03   0.024062  0.000074   0.023800   1.0110
   5.687e-03   0.024174  0.000074   0.023847   1.0137
   6.970e-03   0.024067  0.000074   0.023875   1.0081
   8.543e-03   0.024124  0.000074   0.023881   1.0102
   1.047e-02   0.024042  0.000074   0.023859   1.0077
   1.283e-02   0.023886  0.000074   0.023803   1.0035
   1.573e-02   0.023768  0.000074   0.023706   1.0026
   1.928e-02   0.023390  0.000073   0.023559   0.9928
   2.362e-02   0.022985  0.000073   0.023353   0.9842
   2.895e-02   0.022636  0.000072   0.023077   0.9809
   3.549e-02   0.021905  0.000071   0.022717   0.9643
   4.349e-02   0.021253  0.000070   0.022261   0.9547
   5.330e-02   0.020535  0.000069   0.021694   0.9466
   6.533e-02   0.019395  0.000067   0.021001   0.9235
   8.007e-02   0.018180  0.000064   0.020171   0.9013
   9.813e-02   0.016717  0.000062   0.019193   0.8710
   1.203e-01   0.013218  0.000055   0.018062   0.7318
   1.474e-01   0.003333  0.000028   0.016781   0.1986
   1.807e-01   0.000078  0.000004   0.015363   0.0050

  kernel CONDITIONED on u < u_cut (removes the ALCARECO mass-window truncation)
     u_cut          n   <u|<cut> meas          ana    ratio
    0.0030   19636941    7.744573e-05 7.773042e-05   0.9963
    0.0100   20260354    2.540177e-04 2.562442e-04   0.9913
    0.0300   20814532    7.290089e-04 7.450324e-04   0.9785
    0.0566   21106746    1.295909e-03 1.349670e-03   0.9602
    0.1130   21375144    2.288464e-03 2.481925e-03   0.9221

  P(u > u0 | u < 0.0566): meas vs analytic
  u0=1.000e-06  meas  0.250453  ana  0.250156  ratio  1.0012
  u0=1.000e-05  meas  0.201804  ana  0.202557  ratio  0.9963
  u0=1.000e-04  meas  0.150220  ana  0.151942  ratio  0.9887
  u0=3.000e-04  meas  0.124778  ana  0.126684  ratio  0.9850
  u0=1.000e-03  meas  0.096268  ana  0.098177  ratio  0.9806
  u0=3.000e-03  meas  0.069637  ana  0.071461  ratio  0.9745
  u0=1.000e-02  meas  0.040101  ana  0.041664  ratio  0.9625
  u0=3.000e-02  meas  0.013845  ana  0.014745  ratio  0.9390

wrote /work/submit/david_w/ZMass/calibration_studies/zchannel/data/jpsi_fsr_from_746.npz
