=== local density u dP/dlnu vs analytic (inclusive) ===
n = 21485543
         u       meas        +-   analytic    ratio
 1.107e-06   0.021048  0.000069   0.019337   1.0885
 1.357e-06   0.022531  0.000072   0.019443   1.1589
 1.663e-06   0.018576  0.000065   0.019549   0.9502
 2.038e-06   0.022560  0.000072   0.019655   1.1478
 2.498e-06   0.018317  0.000065   0.019762   0.9268
 3.061e-06   0.022626  0.000072   0.019870   1.1387
 3.752e-06   0.018517  0.000065   0.019978   0.9269
 4.599e-06   0.022048  0.000071   0.020087   1.0976
 5.636e-06   0.020849  0.000069   0.020197   1.0323
 6.908e-06   0.020505  0.000068   0.020307   1.0098
 8.466e-06   0.020707  0.000069   0.020417   1.0142
 1.038e-05   0.021755  0.000071   0.020529   1.0597
 1.272e-05   0.021022  0.000069   0.020640   1.0185
 1.559e-05   0.022000  0.000071   0.020753   1.0601
 1.910e-05   0.021487  0.000070   0.020866   1.0298
 2.341e-05   0.022008  0.000071   0.020979   1.0491
 2.869e-05   0.022094  0.000071   0.021093   1.0474
 3.517e-05   0.022027  0.000071   0.021208   1.0386
 4.310e-05   0.022103  0.000071   0.021323   1.0366
 5.282e-05   0.022293  0.000071   0.021438   1.0399
 6.474e-05   0.022268  0.000071   0.021555   1.0331
 7.935e-05   0.022391  0.000072   0.021671   1.0332
 9.725e-05   0.022462  0.000072   0.021788   1.0309
 1.192e-04   0.022518  0.000072   0.021905   1.0280
 1.461e-04   0.022735  0.000072   0.022023   1.0324
 1.790e-04   0.022805  0.000072   0.022140   1.0300
 2.194e-04   0.022798  0.000072   0.022258   1.0243
 2.689e-04   0.022957  0.000072   0.022376   1.0260
 3.296e-04   0.023012  0.000073   0.022493   1.0231
 4.040e-04   0.023025  0.000073   0.022611   1.0183
 4.951e-04   0.023141  0.000073   0.022727   1.0182
 6.068e-04   0.023405  0.000073   0.022843   1.0246
 7.437e-04   0.023464  0.000073   0.022957   1.0221
 9.115e-04   0.023581  0.000073   0.023069   1.0222
 1.117e-03   0.023527  0.000073   0.023179   1.0150
 1.369e-03   0.023853  0.000074   0.023286   1.0244
 1.678e-03   0.023799  0.000074   0.023389   1.0175
 2.057e-03   0.023896  0.000074   0.023487   1.0174
 2.521e-03   0.023851  0.000074   0.023579   1.0115
 3.089e-03   0.024009  0.000074   0.023663   1.0146
 3.786e-03   0.024153  0.000074   0.023738   1.0175
 4.640e-03   0.024062  0.000074   0.023800   1.0110
 5.687e-03   0.024174  0.000074   0.023847   1.0137
 6.970e-03   0.024067  0.000074   0.023875   1.0081
 8.543e-03   0.024124  0.000074   0.023881   1.0102
 1.047e-02   0.024042  0.000074   0.023859   1.0077
 1.283e-02   0.023886  0.000074   0.023803   1.0035
 1.573e-02   0.023768  0.000074   0.023706   1.0026
 1.928e-02   0.023390  0.000073   0.023559   0.9928
 2.362e-02   0.022985  0.000073   0.023353   0.9842
 2.895e-02   0.022636  0.000072   0.023077   0.9809
 3.549e-02   0.021905  0.000071   0.022717   0.9643
 4.349e-02   0.021253  0.000070   0.022261   0.9547
 5.330e-02   0.020535  0.000069   0.021694   0.9466
 6.533e-02   0.019395  0.000067   0.021001   0.9235
 8.007e-02   0.018180  0.000064   0.020171   0.9013
 9.813e-02   0.016717  0.000062   0.019193   0.8710
 1.203e-01   0.013218  0.000055   0.018062   0.7318
 1.474e-01   0.003333  0.000028   0.016781   0.1986
 1.807e-01   0.000078  0.000004   0.015363   0.0050

=== ratio meas/analytic in Jpsigen_pt bins ===
        pt bin         n    1.00e-05   1.00e-04   1.00e-03   1.00e-02   3.00e-02   5.66e-02   1.13e-01
           0-8    113402      4.0414     5.0655     6.9543    10.6703    12.4981    11.6479     4.4587
          8-10   9150407      0.9017     0.8651     0.8016     0.6536     0.4968     0.3489     0.0939
         10-12   5236844      0.9007     0.8637     0.7989     0.6482     0.4893     0.3406     0.0924
         12-15   3751299      0.9013     0.8621     0.7959     0.6455     0.4874     0.3399     0.0902
         15-20   2136826      0.8990     0.8585     0.7916     0.6412     0.4848     0.3379     0.0943
         20-30    879678      0.8972     0.8520     0.7820     0.6348     0.4844     0.3394     0.0943
           >30    217087      0.9019     0.8401     0.7763     0.6435     0.5148     0.3805     0.1111

=== CONDITIONAL P(u>u0 | u<0.0566), meas/analytic, in pt bins ===
    (the 2.7 GeV ALCARECO window is at u = 0.1376, far outside;
     a residual pt dependence here would mean acceptance, none means kernel)
        pt bin         n    1.0e-05   1.0e-04   1.0e-03   3.0e-03   1.0e-02   3.0e-02
           0-8     62396     4.4862    5.8803    8.8752   11.6833   17.0467   25.8194
          8-10   9015247     0.9853    0.9752    0.9598    0.9465    0.9191    0.8703
         10-12   5159338     0.9858    0.9757    0.9594    0.9443    0.9165    0.8647
         12-15   3694057     0.9871    0.9743    0.9561    0.9409    0.9125    0.8605
         15-20   2102160     0.9858    0.9714    0.9518    0.9365    0.9070    0.8573
         20-30    863299     0.9858    0.9653    0.9404    0.9243    0.8956    0.8538
           >30    210249     0.9965    0.9527    0.9287    0.9119    0.8859    0.8671
   |eta| 0-0.8   5051287     0.9899    0.9798    0.9653    0.9530    0.9292    0.8873
 |eta| 0.8-1.5   6286304     0.9954    0.9876    0.9785    0.9707    0.9567    0.9283
 |eta| 1.5-2.4   9698953     1.0001    0.9939    0.9898    0.9879    0.9833    0.9727
  |eta| 2.4-10     70202     1.0054    0.9964    0.9887    1.0005    1.0014    0.9506

=== ratio meas/analytic in |Jpsigen_eta| bins ===
         0-0.8   5132954      0.9066     0.8705     0.8084     0.6645     0.5104     0.3615     0.0991
       0.8-1.5   6395869      0.9152     0.8820     0.8256     0.6928     0.5433     0.3914     0.1107
       1.5-2.4   9885101      0.9246     0.8943     0.8447     0.7265     0.5860     0.4337     0.1284
        2.4-10     71619      0.9258     0.8924     0.8388     0.7280     0.5684     0.4183     0.1308
