# dy_bs: 10254 candidates
# baseline (finite, minLegHits>=8, |z_v|<5): 10254 of 10254 (100.000 %)
# classes BEFORE the baseline: signal 10214, dup 1, otherdecay 8, nonres 0, unmatched 31
# classes: signal 10214 (99.610 %), dup 1 (0.010 %), otherdecay 8 (0.078 %), nonres 0 (0.000 %), unmatched 31 (0.302 %)

=== the two beam pulls by GEN class
class             n    <z_x>  Var z_x    <z_y>  Var z_y  P(|z|>3)  P(|z|>5)   <chi2>
------------------------------------------------------------------------------------
signal        10214    0.014    1.176    0.001    1.109   0.02066   0.00245    2.286
otherdecay        8   -1.241    6.097   -0.082    2.331   0.12500   0.12500    9.974
unmatched        31   -0.074    0.972   -0.156    0.765   0.00000   0.00000    1.767
  signal z_x: n 10214  mean +0.0139 +- 0.0107  Var 1.1763  trimVar 1.1112  skew +0.0464  kurt 3.7654
  signal z_y: n 10214  mean +0.0010 +- 0.0104  Var 1.1093  trimVar 1.0549  skew +0.0417  kurt 3.3704

=== back-to-back COSMIC-LIKE pairs (|dphi - pi| < 0.05 AND |eta+ + eta-| < 0.05): 21 of 10254 = 0.2048 +- 0.0446 %
  of those, gen class: signal 21, dup 0, otherdecay 0, nonres 0, unmatched 0
  their pulls: <z_x> -0.124  Var 1.002   <z_y> -0.200  Var 0.790   <|z_v|> 0.628
  the SIGNAL sample for comparison: <z_x> +0.014 Var 1.176, <|z_v|> 0.825
  (|dphi - pi| < 0.05 alone: 1903 = 18.559 % -- a Z pair IS back to back, so this alone tags nothing)

=== what a cut buys: signal efficiency vs background rejection
cut                        eff(signal)      eff(bkg)   rejection      loss
--------------------------------------------------------------------------
|z_bs| < 3                0.97934+-0.00141  0.97500+-0.02469     0.02500   0.02066
|z_bs| < 4                0.99432+-0.00074  0.97500+-0.02469     0.02500   0.00568
|z_bs| < 5                0.99755+-0.00049  0.97500+-0.02469     0.02500   0.00245
|z_v| < 3                 0.99138+-0.00091  0.97500+-0.02469     0.02500   0.00862
|z_v| < 4                 0.99931+-0.00026  1.00000+-0.00000     0.00000   0.00069
|z_v| < 5                 1.00000+-0.00000  1.00000+-0.00000     0.00000   0.00000
|z_bs|<3 AND |z_v|<3      0.97337+-0.00159  0.95000+-0.03446     0.05000   0.02663
|z_bs|<4 AND |z_v|<4      0.99373+-0.00078  0.97500+-0.02469     0.02500   0.00627
|z_bs|<5 AND |z_v|<5      0.99755+-0.00049  0.97500+-0.02469     0.02500   0.00245
chi2_bs(2dof) < 9         0.96975+-0.00169  0.92500+-0.04165     0.07500   0.03025
chi2_bs(2dof) < 16        0.99119+-0.00092  0.97500+-0.02469     0.02500   0.00881
beam-row chi2 < 9         0.99354+-0.00079  1.00000+-0.00000     0.00000   0.00646
beam-row chi2 < 16        0.99951+-0.00022  1.00000+-0.00000     0.00000   0.00049

  signal 10214, background 40 (0.390 % of the sample)

=== the beam rows' own chi2 (3 rows, at the optimum)
  signal       n  10214  median   1.1029  mean   1.6477  p90    3.766  p99     8.111
  background   n     40  median   1.1387  mean   1.6310  p90    3.415  p99     5.262
