injecting hitres_pix_x_q2=+0.1
WARNING: All log messages before absl::InitializeLog() is called are written to STDERR
I0000 00:00:1789252510.042341 1000440 port.cc:153] oneDNN custom operations are on. You may see slightly different numerical results due to floating-point round-off errors from different computation orders. To turn them off, set the environment variable `TF_ENABLE_ONEDNN_OPTS=0`.
WARNING: All log messages before absl::InitializeLog() is called are written to STDERR
I0000 00:00:1789252514.049144 1000440 port.cc:153] oneDNN custom operations are on. You may see slightly different numerical results due to floating-point round-off errors from different computation orders. To turn them off, set the environment variable `TF_ENABLE_ONEDNN_OPTS=0`.
  bsx: standard two-track selection on 10254 candidates
  bsx:     Jpsi_vtxok                        --  (column absent: NOT APPLIED)
  bsx:     finite sigma_m, sigma_v        10254  (100.00 %, -0)
  bsx:     min leg hits >= 8              10254  (100.00 %, -0)
  bsx:     |z_v| < 5                      10254  (100.00 %, -0)
  bsx:     kept                           10254  (100.00 %)
  bsy: standard two-track selection on 10254 candidates
  bsy:     Jpsi_vtxok                        --  (column absent: NOT APPLIED)
  bsy:     finite sigma_m, sigma_v        10254  (100.00 %, -0)
  bsy:     min leg hits >= 8              10254  (100.00 %, -0)
  bsy:     |z_v| < 5                      10254  (100.00 %, -0)
  bsy:     kept                           10254  (100.00 %)
--same-candidates: 8000 candidates kept by BOTH functionals
  norm classes: sigma 0.00154..0.0124, members 1000..1000
  truncation normalisation on [-5, 5] sigma, 8 class(es), 2048 t points
E0000 00:00:1789252519.942499 1000440 cuda_platform.cc:52] failed call to cuInit: INTERNAL: CUDA error: Failed call to cuInit: UNKNOWN ERROR (303)
bsx term: 8000 candidates, 170478 group rows (34661 pruned), 102886 hit rows, 60 parameters, arm 'cf'
  bsx NLL(0) = -34504.224081, max|grad| = 791.9
  norm classes: sigma 0.00149..0.0118, members 1000..1000
  truncation normalisation on [-5, 5] sigma, 8 class(es), 2048 t points
bsy term: 8000 candidates, 171000 group rows (34139 pruned), 102886 hit rows, 60 parameters, arm 'cf'
  bsy NLL(0) = -34578.423316, max|grad| = 708
-> /ceph/submit/data/user/d/david_w/ZMass/cvh/runs_vtxres_260911/beamline/runs/cards/injhit_bs_cf.hdf5 (357.7 MB, 60 parameters)
