beam-width prior: FREE (--beamwidth-prior 0)
WARNING: All log messages before absl::InitializeLog() is called are written to STDERR
I0000 00:00:1789675709.129251 1173844 port.cc:153] oneDNN custom operations are on. You may see slightly different numerical results due to floating-point round-off errors from different computation orders. To turn them off, set the environment variable `TF_ENABLE_ONEDNN_OPTS=0`.
WARNING: All log messages before absl::InitializeLog() is called are written to STDERR
I0000 00:00:1789675714.980643 1173844 port.cc:153] oneDNN custom operations are on. You may see slightly different numerical results due to floating-point round-off errors from different computation orders. To turn them off, set the environment variable `TF_ENABLE_ONEDNN_OPTS=0`.
  vtx: standard candidate selection on 10254 candidates
  vtx:     Jpsi_vtxok                        --  (column absent: NOT APPLIED)
  vtx:     finite sigma_m, sigma_v        10254  (100.00 %, -0)
  vtx:     min leg hits >= 8              10254  (100.00 %, -0)
  vtx:     chi2/ndof < 3                  10254  (100.00 %, -0)
  vtx:     |z_v| < 5                      10254  (100.00 %, -0)
  vtx:     kept                           10254  (100.00 %)
  bsx: standard candidate selection on 10254 candidates
  bsx:     Jpsi_vtxok                        --  (column absent: NOT APPLIED)
  bsx:     finite sigma_m, sigma_v        10254  (100.00 %, -0)
  bsx:     min leg hits >= 8              10254  (100.00 %, -0)
  bsx:     chi2/ndof < 3                  10254  (100.00 %, -0)
  bsx:     |z_v| < 5                      10254  (100.00 %, -0)
  bsx:     kept                           10254  (100.00 %)
  bsy: standard candidate selection on 10254 candidates
  bsy:     Jpsi_vtxok                        --  (column absent: NOT APPLIED)
  bsy:     finite sigma_m, sigma_v        10254  (100.00 %, -0)
  bsy:     min leg hits >= 8              10254  (100.00 %, -0)
  bsy:     chi2/ndof < 3                  10254  (100.00 %, -0)
  bsy:     |z_v| < 5                      10254  (100.00 %, -0)
  bsy:     kept                           10254  (100.00 %)
--same-candidates: 8000 candidates kept by BOTH functionals
  beam3 assembly gate: |rebuilt - exported| / |sum| median 2.559e-08, max 1.124e-07 (share median 0.026842)
  beam3 mean terms: |d theta/d x0| median 2.077e-05 per um, tilt lever <|z_v - z0|> = 2.896 cm
  norm classes: sigma 0.00181..0.00434, members 1000..1000
  truncation normalisation on [-5, 5] sigma, 8 class(es), 2048 t points
  beam3: FROZEN at the record: ['beamcorr_xy']
E0000 00:00:1789675723.840535 1173844 cuda_platform.cc:52] failed call to cuInit: INTERNAL: CUDA error: Failed call to cuInit: UNKNOWN ERROR (303)
vtx term: 8000 candidates, 182967 group rows (22172 pruned), 102886 hit rows, 66 parameters, arm 'cf'
  vtx NLL(0) = -35798.738923, max|grad| = 1032
  beam3 assembly gate: |rebuilt - exported| / |sum| median 2.166e-08, max 7.721e-08 (share median 0.212387)
  beam3 mean terms: |d theta/d x0| median 0.04255 per um, tilt lever <|z_v - z0|> = 2.896 cm
  norm classes: sigma 1..1, members 8000..8000
  truncation normalisation on [-5, 5] sigma, 8 class(es), 2048 t points
  beam3: FROZEN at the record: ['beamcorr_xy']
bsx term: 8000 candidates, 170478 group rows (34661 pruned), 102886 hit rows, 66 parameters, arm 'cf'
  bsx NLL(0) = 11870.715417, max|grad| = 816.1
  beam3 assembly gate: |rebuilt - exported| / |sum| median 1.893e-08, max 7.931e-08 (share median 0.373129)
  beam3 mean terms: |d theta/d x0| median 0.01831 per um, tilt lever <|z_v - z0|> = 2.896 cm
  norm classes: sigma 1..1, members 8000..8000
  truncation normalisation on [-5, 5] sigma, 8 class(es), 2048 t points
  beam3: FROZEN at the record: ['beamcorr_xy']
bsy term: 8000 candidates, 176619 group rows (28520 pruned), 102886 hit rows, 66 parameters, arm 'cf'
  bsy NLL(0) = 11703.441941, max|grad| = 412.6
-> /ceph/submit/data/user/d/david_w/ZMass/cvh/runs_vtxres_260911/beamline/runs_beam3a/cards/b3nc_vtxbs.hdf5 (554.5 MB, 66 parameters)
