fit                   npar     NLLred(min)        EDM  cert              bpix_support                  pix_x_q2
---------------------------------------------------------------------------------------------------------------
bs_cf                   62      23381.7587   7.18e-15  PASS      +0.04633 +- 0.04930        +0.04508 +- 0.14436  
bs_gauss                62      23433.6267   2.52e-10  PASS      +0.02009 +- 0.04874        +0.03560 +- 0.14342  
bs_gaussq               62      23434.6099   3.00e-16  PASS      +0.02613 +- 0.04895        +0.06984 +- 0.14383  
bsfree_cf               62      23381.2231   1.43e-14  PASS      +0.04586 +- 0.04931        +0.00361 +- 0.15612  
inj_bs_cf               62      23380.8686   9.88e-14  PASS      +0.04483 +- 0.04914        +0.03547 +- 0.14425  
inj_vtx_cf              62     -35883.7084   2.59e-16  PASS      +0.02181 +- 0.04898        +0.33773 +- 0.12291  
inj_vtxbs_cf            62     -12480.6721   5.06e-15  PASS      +0.06503 +- 0.04806        +0.24222 +- 0.09249  
inj_vtxbsm_cf           62      11071.7803   3.50e-14  PASS      +0.06825 +- 0.04812        +0.25382 +- 0.09309  
injhit_bs_cf            62      23381.7588   1.17e-11  PASS      +0.04629 +- 0.04930        -0.04821 +- 0.13158  
injhit_vtx_cf           62     -35883.3000   4.04e-14  PASS      +0.02355 +- 0.04913        +0.22907 +- 0.11202  
injhit_vtxbs_cf         62     -12479.3911   3.03e-15  PASS      +0.06839 +- 0.04835        +0.14045 +- 0.08421  
mass_cf                 62      23259.5292   9.04e-16  PASS      +0.00173 +- 0.05003        +0.15087 +- 0.98409  
nobw_bs_cf              60      23382.1699   2.50e-16  PASS      +0.04630 +- 0.04929        +0.06682 +- 0.13934  
vtx_cf                  62     -35883.2644   7.99e-14  PASS      +0.02364 +- 0.04913        +0.34981 +- 0.12296  
vtxbs_cf                62     -12479.3686   4.91e-14  PASS      +0.06846 +- 0.04835        +0.25341 +- 0.09252  
vtxbsfree_cf            62     -12480.9505   1.69e-15  PASS      +0.07024 +- 0.04840        +0.27767 +- 0.09426  
vtxbsm_cf               62      11073.1457   3.76e-15  PASS      +0.07157 +- 0.04841        +0.26514 +- 0.09312  
vtxbsmfree_cf           62      11071.5135   9.00e-16  PASS      +0.07330 +- 0.04847        +0.29126 +- 0.09491  

18/18 certified at EDM < 0.001
