============================================================================================================
THE GAUSSIAN TERM'S ACTUAL ERROR (sandwich) vs THE ONE IT QUOTES
   8000 tracks, components 'vtx', at MC truth, with the parmtype-15 tier priors and 1 on every hit class
============================================================================================================
   cf       H+P rank 60/60, eig +1.064e+00 .. 9.998e+03;  median sandwich/quoted over the informative parameters: 0.918   (bootstrap/sandwich 0.9970)
   gauss    H+P rank 60/60, eig +1.062e+00 .. 9.997e+03;  median sandwich/quoted over the informative parameters: 1.001   (bootstrap/sandwich 0.9968)
   gaussq   H+P rank 60/60, eig +1.066e+00 .. 9.997e+03;  median sandwich/quoted over the informative parameters: 1.014   (bootstrap/sandwich 0.9971)

------------------------------------------------------------------------------------------------------------
MATERIAL GROUPS the term constrains
------------------------------------------------------------------------------------------------------------
parameter                      cf quoted     cf ACTUAL    S/Q  gauss quoted  gauss ACTUAL    S/Q gaussq quoted gaussq ACTUAL    S/Q  EFF marg  EFF alone

------------------------------------------------------------------------------------------------------------
HIT CLASSES
------------------------------------------------------------------------------------------------------------
parameter                      cf quoted     cf ACTUAL    S/Q  gauss quoted  gauss ACTUAL    S/Q gaussq quoted gaussq ACTUAL    S/Q  EFF marg  EFF alone
hitres_pix_x_q1                   0.0639        0.0664   1.04        0.0633        0.0673   1.06        0.0610        0.0649   1.06     0.956      0.966
hitres_pix_x_q3                   0.0988        0.1107   1.12        0.0897        0.1021   1.14        0.0868        0.0993   1.14     0.805      0.799
hitres_pix_x_q2                   0.1027        0.1063   1.04        0.0976        0.1042   1.07        0.0941        0.1008   1.07     0.900      0.889
hitres_pix_x_q0                   0.1829        0.1977   1.08        0.1800        0.1957   1.09        0.1747        0.1898   1.09     0.922      0.905
hitres_pix_y_q1                   0.2710        0.2844   1.05        0.2707        0.2944   1.09        0.2627        0.2862   1.09     1.013      1.013
hitres_pix_y_q2                   0.4577        0.4643   1.01        0.4492        0.4813   1.07        0.4381        0.4733   1.08     1.039      1.020
hitres_pix_y_q0                   0.4795        0.5116   1.07        0.4024        0.4773   1.19        0.3915        0.4696   1.20     0.842      0.694
hitres_str_N3_lo                  0.4851        0.4600   0.95        0.4678        0.4542   0.97        0.4570        0.4490   0.98     0.953      0.918
hitres_str_N3_hi                  0.5502        0.4537   0.82        0.5446        0.4619   0.85        0.5328        0.4565   0.86     1.012      0.995
hitres_str_N2_lo                  0.5534        0.5535   1.00        0.5406        0.5574   1.03        0.5284        0.5520   1.04     0.994      0.929
hitres_pix_y_q3                   0.5666        0.4970   0.88        0.5039        0.5526   1.10        0.4941        0.5509   1.11     1.229      1.015
hitres_str_N1_lo                  0.5967        0.4396   0.74        0.5950        0.4581   0.77        0.5825        0.4567   0.78     1.080      0.971
hitres_str_N2_hi                  0.6622        0.5884   0.89        0.6463        0.6134   0.95        0.6336        0.6075   0.96     1.066      0.973
hitres_str_N4_hi                  0.7847        0.5116   0.65        0.7894        0.5210   0.66        0.7788        0.5224   0.67     1.043      0.968
   EFFICIENCY sigma^2(Gauss, ACTUAL) / sigma^2(CF, actual):  median 1.026   16-84 % 0.916-1.096   min 0.805  max 1.229
   PRIOR-FREE (standalone) efficiency:              median 0.967   16-84 % 0.901-1.013
   (the QUOTED-vs-QUOTED ratio, i.e. what the Gaussian CLAIMS: median 0.916)
   sandwich/quoted, PRIOR-FREE: CF 1.062 (1.000 = the model is right), Gaussian 1.104

READING: EFFICIENCY > 1 means the full PDF constrains that parameter better,
 by that factor in VARIANCE, than the Gaussian chi2 actually does -- as opposed
 to the factor the Gaussian claims.  `S/Q` is each arm's own sandwich-over-quoted:
 it is ~1 when the model describes the data and > 1 when it does not.

wrote /ceph/submit/data/user/d/david_w/ZMass/cvh/runs_vtxres_260911/beamline/runs/eff_vtx.npz
