########## channel bs
============================================================================================================
THE GAUSSIAN TERM'S ACTUAL ERROR (sandwich) vs THE ONE IT QUOTES
   8000 tracks, components 'bs', at MC truth, with the parmtype-15 tier priors and 1 on every hit class
============================================================================================================
   cf       H+P rank 62/62, eig +1.687e+00 .. 9.995e+03;  median sandwich/quoted over the informative parameters: 1.138   (bootstrap/sandwich 1.0028)
   gauss    H+P rank 62/62, eig +2.355e+00 .. 9.996e+03;  median sandwich/quoted over the informative parameters: 1.264   (bootstrap/sandwich 0.9909)
   gaussq   H+P rank 62/62, eig +2.417e+00 .. 9.996e+03;  median sandwich/quoted over the informative parameters: 1.256   (bootstrap/sandwich 0.9910)

------------------------------------------------------------------------------------------------------------
MATERIAL GROUPS the term constrains
------------------------------------------------------------------------------------------------------------
parameter                      cf quoted     cf ACTUAL    S/Q  gauss quoted  gauss ACTUAL    S/Q gaussq quoted gaussq ACTUAL    S/Q  EFF marg  EFF alone

------------------------------------------------------------------------------------------------------------
HIT CLASSES
------------------------------------------------------------------------------------------------------------
parameter                      cf quoted     cf ACTUAL    S/Q  gauss quoted  gauss ACTUAL    S/Q gaussq quoted gaussq ACTUAL    S/Q  EFF marg  EFF alone
hitres_pix_x_q1                   0.1030        0.1153   1.12        0.1009        0.1216   1.21        0.0984        0.1181   1.20     1.051      1.040
hitres_pix_y_q1                   0.1037        0.1009   0.97        0.1040        0.1330   1.28        0.1027        0.1302   1.27     1.665      1.405
hitres_pix_y_q0                   0.1454        0.1879   1.29        0.1361        0.1921   1.41        0.1340        0.1883   1.41     1.004      0.917
hitres_pix_x_q3                   0.1496        0.1799   1.20        0.1359        0.1862   1.37        0.1327        0.1814   1.37     1.017      1.018
hitres_pix_x_q2                   0.1497        0.1564   1.04        0.1478        0.1764   1.19        0.1442        0.1711   1.19     1.197      1.157
hitres_pix_y_q2                   0.1867        0.2456   1.32        0.1962        0.3940   2.01        0.1930        0.3845   1.99     2.451      2.161
hitres_str_N2_lo                  0.1945        0.2282   1.17        0.1909        0.2258   1.18        0.1879        0.2227   1.19     0.953      0.988
hitres_pix_x_q0                   0.2206        0.2607   1.18        0.2111        0.2635   1.25        0.2056        0.2561   1.25     0.965      0.959
hitres_str_N1_lo                  0.2235        0.2348   1.05        0.2184        0.2875   1.32        0.2150        0.2838   1.32     1.461      1.502
hitres_str_N3_hi                  0.2281        0.2691   1.18        0.2207        0.2928   1.33        0.2166        0.2861   1.32     1.130      0.941
hitres_str_N3_lo                  0.2292        0.2864   1.25        0.2266        0.3274   1.45        0.2212        0.3173   1.43     1.227      1.263
hitres_pix_y_q3                   0.2360        0.3804   1.61        0.1882        0.5579   2.96        0.1813        0.5236   2.89     1.895      1.597
hitres_str_N2_hi                  0.3202        0.3704   1.16        0.3149        0.3866   1.23        0.3085        0.3782   1.23     1.043      1.004
hitres_str_N4_lo                  0.4158        0.4314   1.04        0.4067        0.4358   1.07        0.4005        0.4303   1.07     0.995      0.937
   EFFICIENCY sigma^2(Gauss, ACTUAL) / sigma^2(CF, actual):  median 1.089   16-84 % 1.002-1.518   min 0.953  max 2.451
   PRIOR-FREE (standalone) efficiency:              median 0.996   16-84 % 0.926-1.432
   (the QUOTED-vs-QUOTED ratio, i.e. what the Gaussian CLAIMS: median 0.923)
   sandwich/quoted, PRIOR-FREE: CF 1.188 (1.000 = the model is right), Gaussian 1.297

READING: EFFICIENCY > 1 means the full PDF constrains that parameter better,
 by that factor in VARIANCE, than the Gaussian chi2 actually does -- as opposed
 to the factor the Gaussian claims.  `S/Q` is each arm's own sandwich-over-quoted:
 it is ~1 when the model describes the data and > 1 when it does not.

wrote /ceph/submit/data/user/d/david_w/ZMass/cvh/runs_vtxres_260911/beamline/runs_final/eff_bs.npz
########## channel vtx
============================================================================================================
THE GAUSSIAN TERM'S ACTUAL ERROR (sandwich) vs THE ONE IT QUOTES
   8000 tracks, components 'vtx', at MC truth, with the parmtype-15 tier priors and 1 on every hit class
============================================================================================================
   cf       H+P rank 62/62, eig +1.064e+00 .. 9.998e+03;  median sandwich/quoted over the informative parameters: 0.919   (bootstrap/sandwich 0.9981)
   gauss    H+P rank 62/62, eig +1.062e+00 .. 9.997e+03;  median sandwich/quoted over the informative parameters: 1.000   (bootstrap/sandwich 0.9982)
   gaussq   H+P rank 62/62, eig +1.066e+00 .. 9.997e+03;  median sandwich/quoted over the informative parameters: 1.013   (bootstrap/sandwich 0.9981)

------------------------------------------------------------------------------------------------------------
MATERIAL GROUPS the term constrains
------------------------------------------------------------------------------------------------------------
parameter                      cf quoted     cf ACTUAL    S/Q  gauss quoted  gauss ACTUAL    S/Q gaussq quoted gaussq ACTUAL    S/Q  EFF marg  EFF alone

------------------------------------------------------------------------------------------------------------
HIT CLASSES
------------------------------------------------------------------------------------------------------------
parameter                      cf quoted     cf ACTUAL    S/Q  gauss quoted  gauss ACTUAL    S/Q gaussq quoted gaussq ACTUAL    S/Q  EFF marg  EFF alone
hitres_pix_x_q1                   0.0644        0.0661   1.03        0.0637        0.0670   1.05        0.0614        0.0647   1.05     0.957      0.966
hitres_pix_x_q3                   0.0994        0.1125   1.13        0.0901        0.1033   1.15        0.0872        0.1004   1.15     0.796      0.799
hitres_pix_x_q2                   0.1037        0.1066   1.03        0.0985        0.1043   1.06        0.0950        0.1010   1.06     0.897      0.889
hitres_pix_x_q0                   0.1852        0.2035   1.10        0.1820        0.2000   1.10        0.1766        0.1939   1.10     0.908      0.905
hitres_pix_y_q1                   0.2714        0.2880   1.06        0.2710        0.2975   1.10        0.2630        0.2891   1.10     1.008      1.013
hitres_pix_y_q2                   0.4577        0.4642   1.01        0.4493        0.4809   1.07        0.4382        0.4730   1.08     1.038      1.020
hitres_pix_y_q0                   0.4814        0.5133   1.07        0.4036        0.4765   1.18        0.3926        0.4689   1.19     0.835      0.694
hitres_str_N3_lo                  0.4865        0.4615   0.95        0.4690        0.4560   0.97        0.4581        0.4508   0.98     0.954      0.918
hitres_str_N3_hi                  0.5517        0.4520   0.82        0.5465        0.4602   0.84        0.5346        0.4547   0.85     1.012      0.995
hitres_str_N2_lo                  0.5550        0.5547   1.00        0.5425        0.5577   1.03        0.5302        0.5521   1.04     0.991      0.929
hitres_pix_y_q3                   0.5666        0.4966   0.88        0.5041        0.5514   1.09        0.4943        0.5496   1.11     1.225      1.015
hitres_str_N1_lo                  0.5980        0.4438   0.74        0.5968        0.4591   0.77        0.5842        0.4576   0.78     1.063      0.971
hitres_str_N2_hi                  0.6627        0.5892   0.89        0.6470        0.6131   0.95        0.6343        0.6072   0.96     1.062      0.973
hitres_str_N4_hi                  0.7850        0.5124   0.65        0.7898        0.5216   0.66        0.7792        0.5232   0.67     1.043      0.968
   EFFICIENCY sigma^2(Gauss, ACTUAL) / sigma^2(CF, actual):  median 1.025   16-84 % 0.905-1.101   min 0.796  max 1.225
   PRIOR-FREE (standalone) efficiency:              median 0.967   16-84 % 0.901-1.013
   (the QUOTED-vs-QUOTED ratio, i.e. what the Gaussian CLAIMS: median 0.916)
   sandwich/quoted, PRIOR-FREE: CF 1.062 (1.000 = the model is right), Gaussian 1.104

READING: EFFICIENCY > 1 means the full PDF constrains that parameter better,
 by that factor in VARIANCE, than the Gaussian chi2 actually does -- as opposed
 to the factor the Gaussian claims.  `S/Q` is each arm's own sandwich-over-quoted:
 it is ~1 when the model describes the data and > 1 when it does not.

wrote /ceph/submit/data/user/d/david_w/ZMass/cvh/runs_vtxres_260911/beamline/runs_final/eff_vtx.npz
########## channel vtxbs
============================================================================================================
THE GAUSSIAN TERM'S ACTUAL ERROR (sandwich) vs THE ONE IT QUOTES
   8000 tracks, components 'vtxbs', at MC truth, with the parmtype-15 tier priors and 1 on every hit class
============================================================================================================
   cf       H+P rank 62/62, eig +1.756e+00 .. 9.993e+03;  median sandwich/quoted over the informative parameters: 1.196   (bootstrap/sandwich 1.0027)
   gauss    H+P rank 62/62, eig +2.427e+00 .. 9.993e+03;  median sandwich/quoted over the informative parameters: 1.273   (bootstrap/sandwich 0.9907)
   gaussq   H+P rank 62/62, eig +2.491e+00 .. 9.994e+03;  median sandwich/quoted over the informative parameters: 1.274   (bootstrap/sandwich 0.9903)

------------------------------------------------------------------------------------------------------------
MATERIAL GROUPS the term constrains
------------------------------------------------------------------------------------------------------------
parameter                      cf quoted     cf ACTUAL    S/Q  gauss quoted  gauss ACTUAL    S/Q gaussq quoted gaussq ACTUAL    S/Q  EFF marg  EFF alone

------------------------------------------------------------------------------------------------------------
HIT CLASSES
------------------------------------------------------------------------------------------------------------
parameter                      cf quoted     cf ACTUAL    S/Q  gauss quoted  gauss ACTUAL    S/Q gaussq quoted gaussq ACTUAL    S/Q  EFF marg  EFF alone
hitres_pix_x_q1                   0.0507        0.0581   1.15        0.0500        0.0599   1.20        0.0483        0.0578   1.20     0.987      0.993
hitres_pix_x_q3                   0.0796        0.1021   1.28        0.0717        0.0911   1.27        0.0696        0.0888   1.28     0.755      0.875
hitres_pix_x_q2                   0.0815        0.0997   1.22        0.0783        0.0980   1.25        0.0757        0.0949   1.25     0.906      0.979
hitres_pix_y_q1                   0.0965        0.0980   1.02        0.0963        0.1215   1.26        0.0949        0.1191   1.25     1.478      1.346
hitres_pix_y_q0                   0.1394        0.1834   1.32        0.1289        0.1880   1.46        0.1266        0.1849   1.46     1.016      0.971
hitres_pix_x_q0                   0.1401        0.1731   1.24        0.1361        0.1737   1.28        0.1322        0.1681   1.27     0.943      0.954
hitres_pix_y_q2                   0.1734        0.2171   1.25        0.1801        0.3382   1.88        0.1769        0.3294   1.86     2.303      2.047
hitres_str_N2_lo                  0.1867        0.2333   1.25        0.1828        0.2318   1.27        0.1797        0.2284   1.27     0.958      0.981
hitres_str_N3_lo                  0.2115        0.2644   1.25        0.2077        0.3011   1.45        0.2026        0.2929   1.45     1.227      1.294
hitres_str_N1_lo                  0.2143        0.2240   1.05        0.2099        0.2735   1.30        0.2063        0.2696   1.31     1.449      1.454
hitres_str_N3_hi                  0.2156        0.2518   1.17        0.2089        0.2719   1.30        0.2047        0.2657   1.30     1.113      0.949
hitres_pix_y_q3                   0.2212        0.3460   1.56        0.1765        0.4934   2.79        0.1703        0.4652   2.73     1.808      1.595
hitres_str_N2_hi                  0.3001        0.3713   1.24        0.2942        0.3976   1.35        0.2877        0.3877   1.35     1.090      1.032
hitres_str_N4_lo                  0.4023        0.4353   1.08        0.3932        0.4342   1.10        0.3867        0.4286   1.11     0.970      0.926
   EFFICIENCY sigma^2(Gauss, ACTUAL) / sigma^2(CF, actual):  median 1.080   16-84 % 0.954-1.457   min 0.755  max 2.303
   PRIOR-FREE (standalone) efficiency:              median 0.980   16-84 % 0.921-1.376
   (the QUOTED-vs-QUOTED ratio, i.e. what the Gaussian CLAIMS: median 0.912)
   sandwich/quoted, PRIOR-FREE: CF 1.199 (1.000 = the model is right), Gaussian 1.337

READING: EFFICIENCY > 1 means the full PDF constrains that parameter better,
 by that factor in VARIANCE, than the Gaussian chi2 actually does -- as opposed
 to the factor the Gaussian claims.  `S/Q` is each arm's own sandwich-over-quoted:
 it is ~1 when the model describes the data and > 1 when it does not.

wrote /ceph/submit/data/user/d/david_w/ZMass/cvh/runs_vtxres_260911/beamline/runs_final/eff_vtxbs.npz
########## channel vtxbsmass
============================================================================================================
THE GAUSSIAN TERM'S ACTUAL ERROR (sandwich) vs THE ONE IT QUOTES
   8000 tracks, components 'vtxbsmass', at MC truth, with the parmtype-15 tier priors and 1 on every hit class
============================================================================================================
   cf       H+P rank 62/62, eig +1.775e+00 .. 9.993e+03;  median sandwich/quoted over the informative parameters: 1.194   (bootstrap/sandwich 1.0029)
   gauss    H+P rank 62/62, eig +2.443e+00 .. 9.993e+03;  median sandwich/quoted over the informative parameters: 1.271   (bootstrap/sandwich 0.9929)
   gaussq   H+P rank 62/62, eig +2.509e+00 .. 9.994e+03;  median sandwich/quoted over the informative parameters: 1.272   (bootstrap/sandwich 0.9922)

------------------------------------------------------------------------------------------------------------
MATERIAL GROUPS the term constrains
------------------------------------------------------------------------------------------------------------
parameter                      cf quoted     cf ACTUAL    S/Q  gauss quoted  gauss ACTUAL    S/Q gaussq quoted gaussq ACTUAL    S/Q  EFF marg  EFF alone

------------------------------------------------------------------------------------------------------------
HIT CLASSES
------------------------------------------------------------------------------------------------------------
parameter                      cf quoted     cf ACTUAL    S/Q  gauss quoted  gauss ACTUAL    S/Q gaussq quoted gaussq ACTUAL    S/Q  EFF marg  EFF alone
hitres_pix_x_q1                   0.0507        0.0583   1.15        0.0499        0.0601   1.20        0.0483        0.0579   1.20     0.986      0.993
hitres_pix_x_q3                   0.0796        0.1021   1.28        0.0717        0.0910   1.27        0.0695        0.0887   1.28     0.755      0.875
hitres_pix_x_q2                   0.0815        0.0997   1.22        0.0783        0.0980   1.25        0.0757        0.0949   1.25     0.907      0.979
hitres_pix_y_q1                   0.0964        0.0974   1.01        0.0962        0.1209   1.26        0.0948        0.1185   1.25     1.482      1.348
hitres_pix_y_q0                   0.1394        0.1831   1.31        0.1288        0.1875   1.46        0.1266        0.1844   1.46     1.014      0.971
hitres_pix_x_q0                   0.1400        0.1726   1.23        0.1360        0.1731   1.27        0.1321        0.1675   1.27     0.943      0.954
hitres_pix_y_q2                   0.1733        0.2166   1.25        0.1801        0.3376   1.88        0.1768        0.3289   1.86     2.305      2.048
hitres_str_N2_lo                  0.1829        0.2252   1.23        0.1797        0.2259   1.26        0.1765        0.2222   1.26     0.974      0.988
hitres_str_N3_lo                  0.2091        0.2589   1.24        0.2057        0.2971   1.44        0.2005        0.2887   1.44     1.243      1.297
hitres_str_N1_lo                  0.2109        0.2193   1.04        0.2071        0.2672   1.29        0.2034        0.2630   1.29     1.439      1.448
hitres_str_N3_hi                  0.2149        0.2501   1.16        0.2083        0.2708   1.30        0.2042        0.2646   1.30     1.119      0.951
hitres_pix_y_q3                   0.2209        0.3470   1.57        0.1764        0.4930   2.79        0.1702        0.4649   2.73     1.795      1.593
hitres_str_N2_hi                  0.2998        0.3720   1.24        0.2940        0.3976   1.35        0.2874        0.3877   1.35     1.087      1.030
hitres_str_N4_lo                  0.3996        0.4342   1.09        0.3912        0.4342   1.11        0.3844        0.4280   1.11     0.972      0.930
   EFFICIENCY sigma^2(Gauss, ACTUAL) / sigma^2(CF, actual):  median 1.078   16-84 % 0.963-1.451   min 0.755  max 2.305
   PRIOR-FREE (standalone) efficiency:              median 0.981   16-84 % 0.923-1.376
   (the QUOTED-vs-QUOTED ratio, i.e. what the Gaussian CLAIMS: median 0.913)
   sandwich/quoted, PRIOR-FREE: CF 1.196 (1.000 = the model is right), Gaussian 1.339

READING: EFFICIENCY > 1 means the full PDF constrains that parameter better,
 by that factor in VARIANCE, than the Gaussian chi2 actually does -- as opposed
 to the factor the Gaussian claims.  `S/Q` is each arm's own sandwich-over-quoted:
 it is ~1 when the model describes the data and > 1 when it does not.

wrote /ceph/submit/data/user/d/david_w/ZMass/cvh/runs_vtxres_260911/beamline/runs_final/eff_vtxbsmass.npz
EFFDONE
