============================================================================================================
THE GAUSSIAN TERM'S ACTUAL ERROR (sandwich) vs THE ONE IT QUOTES
   8000 tracks, components 'bs', at MC truth, with the parmtype-15 tier priors and 1 on every hit class
============================================================================================================
   cf       H+P rank 60/60, eig +2.420e+00 .. 9.995e+03;  median sandwich/quoted over the informative parameters: 1.385   (bootstrap/sandwich 1.0071)
   gauss    H+P rank 60/60, eig +3.066e+00 .. 9.995e+03;  median sandwich/quoted over the informative parameters: 1.462   (bootstrap/sandwich 0.9954)
   gaussq   H+P rank 60/60, eig +3.162e+00 .. 9.996e+03;  median sandwich/quoted over the informative parameters: 1.460   (bootstrap/sandwich 0.9953)

------------------------------------------------------------------------------------------------------------
MATERIAL GROUPS the term constrains
------------------------------------------------------------------------------------------------------------
parameter                      cf quoted     cf ACTUAL    S/Q  gauss quoted  gauss ACTUAL    S/Q gaussq quoted gaussq ACTUAL    S/Q  EFF marg  EFF alone

------------------------------------------------------------------------------------------------------------
HIT CLASSES
------------------------------------------------------------------------------------------------------------
parameter                      cf quoted     cf ACTUAL    S/Q  gauss quoted  gauss ACTUAL    S/Q gaussq quoted gaussq ACTUAL    S/Q  EFF marg  EFF alone
hitres_pix_y_q1                   0.0861        0.1039   1.21        0.0829        0.1159   1.40        0.0819        0.1143   1.40     1.209      1.186
hitres_pix_x_q1                   0.0904        0.1168   1.29        0.0891        0.1178   1.32        0.0868        0.1144   1.32     0.960      0.995
hitres_pix_y_q0                   0.1234        0.1860   1.51        0.1151        0.1782   1.55        0.1133        0.1751   1.55     0.886      0.872
hitres_pix_x_q3                   0.1412        0.1941   1.37        0.1227        0.1865   1.52        0.1198        0.1825   1.52     0.884      0.889
hitres_pix_x_q2                   0.1455        0.1713   1.18        0.1438        0.1844   1.28        0.1403        0.1797   1.28     1.100      1.097
hitres_str_N2_lo                  0.1518        0.2203   1.45        0.1468        0.2071   1.41        0.1445        0.2040   1.41     0.857      0.916
hitres_pix_y_q2                   0.1551        0.2260   1.46        0.1515        0.2939   1.94        0.1487        0.2876   1.93     1.619      1.499
hitres_str_N1_lo                  0.1751        0.2295   1.31        0.1688        0.2502   1.48        0.1660        0.2459   1.48     1.148      1.180
hitres_str_N3_hi                  0.1856        0.2823   1.52        0.1746        0.2836   1.62        0.1716        0.2785   1.62     0.974      0.931
hitres_str_N3_lo                  0.1864        0.2985   1.60        0.1789        0.3068   1.71        0.1748        0.2985   1.71     1.000      1.024
hitres_pix_y_q3                   0.1954        0.3446   1.76        0.1373        0.3637   2.65        0.1328        0.3454   2.60     1.005      0.955
hitres_pix_x_q0                   0.2341        0.3633   1.55        0.2189        0.3415   1.56        0.2123        0.3292   1.55     0.821      0.817
hitres_str_N2_hi                  0.2579        0.3596   1.39        0.2573        0.3712   1.44        0.2516        0.3622   1.44     1.014      0.998
hitres_str_N4_lo                  0.3209        0.4076   1.27        0.3148        0.4011   1.27        0.3098        0.3951   1.28     0.940      0.963
   EFFICIENCY sigma^2(Gauss, ACTUAL) / sigma^2(CF, actual):  median 0.987   16-84 % 0.876-1.114   min 0.784  max 1.619
   PRIOR-FREE (standalone) efficiency:              median 0.959   16-84 % 0.857-1.120
   (the QUOTED-vs-QUOTED ratio, i.e. what the Gaussian CLAIMS: median 0.902)
   sandwich/quoted, PRIOR-FREE: CF 1.445 (1.000 = the model is right), Gaussian 1.534

READING: EFFICIENCY > 1 means the full PDF constrains that parameter better,
 by that factor in VARIANCE, than the Gaussian chi2 actually does -- as opposed
 to the factor the Gaussian claims.  `S/Q` is each arm's own sandwich-over-quoted:
 it is ~1 when the model describes the data and > 1 when it does not.

wrote /ceph/submit/data/user/d/david_w/ZMass/cvh/runs_vtxres_260911/beamline/runs/eff_bs.npz
