WARNING: All log messages before absl::InitializeLog() is called are written to STDERR
I0000 00:00:1789289615.297599 2798212 port.cc:153] oneDNN custom operations are on. You may see slightly different numerical results due to floating-point round-off errors from different computation orders. To turn them off, set the environment variable `TF_ENABLE_ONEDNN_OPTS=0`.
WARNING: All log messages before absl::InitializeLog() is called are written to STDERR
I0000 00:00:1789289621.204467 2798212 port.cc:153] oneDNN custom operations are on. You may see slightly different numerical results due to floating-point round-off errors from different computation orders. To turn them off, set the environment variable `TF_ENABLE_ONEDNN_OPTS=0`.
  bsx: standard two-track selection on 10254 candidates
  bsx:     Jpsi_vtxok                        --  (column absent: NOT APPLIED)
  bsx:     finite sigma_m, sigma_v        10254  (100.00 %, -0)
  bsx:     min leg hits >= 8              10254  (100.00 %, -0)
  bsx:     |z_v| < 5                      10254  (100.00 %, -0)
  bsx:     kept                           10254  (100.00 %)
  norm classes: sigma 1..1, members 8000..8000
  truncation normalisation on [-5, 5] sigma, 8 class(es), 2048 t points
E0000 00:00:1789289631.513992 2798212 cuda_platform.cc:52] failed call to cuInit: INTERNAL: CUDA error: Failed call to cuInit: UNKNOWN ERROR (303)
bsx term: 8000 candidates, 170478 group rows (34661 pruned), 118886 hit rows, 62 parameters, arm 'cf'
  norm classes: sigma 1..1, members 8000..8000
  truncation normalisation on [-5, 5] sigma, 8 class(es), 2048 t points
bsy term: 8000 candidates, 176619 group rows (28520 pruned), 118886 hit rows, 62 parameters, arm 'cf'
[04:57:18] bs/cf: H in 202 s, diag -4.51e+04 .. 5.11e+03
[04:57:23] bs/cf: J from 200 batches, |sum_m g_m - g| = 6.82e-13
  norm classes: sigma 1..1, members 8000..8000
  truncation normalisation on [-5, 5] sigma, 8 class(es), 2048 t points
bsx term: 8000 candidates, 167212 group rows (37927 pruned), 118886 hit rows, 62 parameters, arm 'gauss'
  norm classes: sigma 1..1, members 8000..8000
  truncation normalisation on [-5, 5] sigma, 8 class(es), 2048 t points
bsy term: 8000 candidates, 173407 group rows (31732 pruned), 118886 hit rows, 62 parameters, arm 'gauss'
[05:00:59] bs/gauss: H in 202 s, diag -3.98e+04 .. 4.09e+03
[05:01:02] bs/gauss: J from 200 batches, |sum_m g_m - g| = 2.27e-13
  norm classes: sigma 1..1, members 8000..8000
  truncation normalisation on [-5, 5] sigma, 8 class(es), 2048 t points
bsx term: 8000 candidates, 167312 group rows (37827 pruned), 118886 hit rows, 62 parameters, arm 'gaussq'
  norm classes: sigma 1..1, members 8000..8000
  truncation normalisation on [-5, 5] sigma, 8 class(es), 2048 t points
bsy term: 8000 candidates, 173521 group rows (31618 pruned), 118886 hit rows, 62 parameters, arm 'gaussq'
[05:04:34] bs/gaussq: H in 199 s, diag -3.69e+04 .. 563
[05:04:37] bs/gaussq: J from 200 batches, |sum_m g_m - g| = 6.82e-13
  norm classes: sigma 0.00181..0.00434, members 1000..1000
  truncation normalisation on [-5, 5] sigma, 8 class(es), 2048 t points
vtx term: 8000 candidates, 182967 group rows (22172 pruned), 118886 hit rows, 62 parameters, arm 'cf'
[05:06:32] vtx/cf: H in 106 s, diag -2.36e+04 .. 1.04e+04
[05:06:34] vtx/cf: J from 200 batches, |sum_m g_m - g| = 0
  norm classes: sigma 0.00181..0.00434, members 1000..1000
  truncation normalisation on [-5, 5] sigma, 8 class(es), 2048 t points
vtx term: 8000 candidates, 180021 group rows (25118 pruned), 118886 hit rows, 62 parameters, arm 'gauss'
[05:08:26] vtx/gauss: H in 106 s, diag -2.57e+04 .. 1.42e+04
[05:08:27] vtx/gauss: J from 200 batches, |sum_m g_m - g| = 0
  norm classes: sigma 0.00181..0.00434, members 1000..1000
  truncation normalisation on [-5, 5] sigma, 8 class(es), 2048 t points
vtx term: 8000 candidates, 180136 group rows (25003 pruned), 118886 hit rows, 62 parameters, arm 'gaussq'
[05:10:20] vtx/gaussq: H in 105 s, diag -2.65e+04 .. 9.48e+03
[05:10:22] vtx/gaussq: J from 200 batches, |sum_m g_m - g| = 0
  norm classes: sigma 0.00181..0.00434, members 1000..1000
  truncation normalisation on [-5, 5] sigma, 8 class(es), 2048 t points
vtx term: 8000 candidates, 182967 group rows (22172 pruned), 118886 hit rows, 62 parameters, arm 'cf'
  norm classes: sigma 1..1, members 8000..8000
  truncation normalisation on [-5, 5] sigma, 8 class(es), 2048 t points
bsx term: 8000 candidates, 170478 group rows (34661 pruned), 118886 hit rows, 62 parameters, arm 'cf'
  norm classes: sigma 1..1, members 8000..8000
  truncation normalisation on [-5, 5] sigma, 8 class(es), 2048 t points
bsy term: 8000 candidates, 176619 group rows (28520 pruned), 118886 hit rows, 62 parameters, arm 'cf'
[05:15:52] vtxbs/cf: H in 302 s, diag -6.88e+04 .. 1.55e+04
[05:15:57] vtxbs/cf: J from 200 batches, |sum_m g_m - g| = 4.55e-13
  norm classes: sigma 0.00181..0.00434, members 1000..1000
  truncation normalisation on [-5, 5] sigma, 8 class(es), 2048 t points
vtx term: 8000 candidates, 180021 group rows (25118 pruned), 118886 hit rows, 62 parameters, arm 'gauss'
  norm classes: sigma 1..1, members 8000..8000
  truncation normalisation on [-5, 5] sigma, 8 class(es), 2048 t points
bsx term: 8000 candidates, 167212 group rows (37927 pruned), 118886 hit rows, 62 parameters, arm 'gauss'
  norm classes: sigma 1..1, members 8000..8000
  truncation normalisation on [-5, 5] sigma, 8 class(es), 2048 t points
bsy term: 8000 candidates, 173407 group rows (31732 pruned), 118886 hit rows, 62 parameters, arm 'gauss'
[05:21:21] vtxbs/gauss: H in 306 s, diag -6.55e+04 .. 1.82e+04
[05:21:26] vtxbs/gauss: J from 200 batches, |sum_m g_m - g| = 1.36e-12
  norm classes: sigma 0.00181..0.00434, members 1000..1000
  truncation normalisation on [-5, 5] sigma, 8 class(es), 2048 t points
vtx term: 8000 candidates, 180136 group rows (25003 pruned), 118886 hit rows, 62 parameters, arm 'gaussq'
  norm classes: sigma 1..1, members 8000..8000
  truncation normalisation on [-5, 5] sigma, 8 class(es), 2048 t points
bsx term: 8000 candidates, 167312 group rows (37827 pruned), 118886 hit rows, 62 parameters, arm 'gaussq'
  norm classes: sigma 1..1, members 8000..8000
  truncation normalisation on [-5, 5] sigma, 8 class(es), 2048 t points
bsy term: 8000 candidates, 173521 group rows (31618 pruned), 118886 hit rows, 62 parameters, arm 'gaussq'
[05:26:52] vtxbs/gaussq: H in 304 s, diag -6.33e+04 .. 1e+04
[05:26:58] vtxbs/gaussq: J from 200 batches, |sum_m g_m - g| = 6.82e-13
  norm classes: sigma 0.00181..0.00434, members 1000..1000
  truncation normalisation on [-5, 5] sigma, 8 class(es), 2048 t points
vtx term: 8000 candidates, 182967 group rows (22172 pruned), 118886 hit rows, 62 parameters, arm 'cf'
  norm classes: sigma 1..1, members 8000..8000
  truncation normalisation on [-5, 5] sigma, 8 class(es), 2048 t points
bsx term: 8000 candidates, 170478 group rows (34661 pruned), 118886 hit rows, 62 parameters, arm 'cf'
  norm classes: sigma 1..1, members 8000..8000
  truncation normalisation on [-5, 5] sigma, 8 class(es), 2048 t points
bsy term: 8000 candidates, 176619 group rows (28520 pruned), 118886 hit rows, 62 parameters, arm 'cf'
[05:27:26] kernel CF tabulation (8000 samples) built in 2.1 s
mass term: 8000 candidates, 184799 group rows (20340 pruned), 118886 hit rows, 62 parameters, arm 'cf'
[05:33:56] vtxbsmass/cf: H in 390 s, diag -6.9e+04 .. 1.53e+04
[05:34:02] vtxbsmass/cf: J from 200 batches, |sum_m g_m - g| = 2.27e-12
  norm classes: sigma 0.00181..0.00434, members 1000..1000
  truncation normalisation on [-5, 5] sigma, 8 class(es), 2048 t points
vtx term: 8000 candidates, 180021 group rows (25118 pruned), 118886 hit rows, 62 parameters, arm 'gauss'
  norm classes: sigma 1..1, members 8000..8000
  truncation normalisation on [-5, 5] sigma, 8 class(es), 2048 t points
bsx term: 8000 candidates, 167212 group rows (37927 pruned), 118886 hit rows, 62 parameters, arm 'gauss'
  norm classes: sigma 1..1, members 8000..8000
  truncation normalisation on [-5, 5] sigma, 8 class(es), 2048 t points
bsy term: 8000 candidates, 173407 group rows (31732 pruned), 118886 hit rows, 62 parameters, arm 'gauss'
[05:34:38] kernel CF tabulation (8000 samples) built in 3.5 s
mass term: 8000 candidates, 186135 group rows (19004 pruned), 118886 hit rows, 62 parameters, arm 'gauss'
[05:41:11] vtxbsmass/gauss: H in 392 s, diag -6.57e+04 .. 1.83e+04
[05:41:17] vtxbsmass/gauss: J from 200 batches, |sum_m g_m - g| = 4.55e-13
  norm classes: sigma 0.00181..0.00434, members 1000..1000
  truncation normalisation on [-5, 5] sigma, 8 class(es), 2048 t points
vtx term: 8000 candidates, 180136 group rows (25003 pruned), 118886 hit rows, 62 parameters, arm 'gaussq'
  norm classes: sigma 1..1, members 8000..8000
  truncation normalisation on [-5, 5] sigma, 8 class(es), 2048 t points
bsx term: 8000 candidates, 167312 group rows (37827 pruned), 118886 hit rows, 62 parameters, arm 'gaussq'
  norm classes: sigma 1..1, members 8000..8000
  truncation normalisation on [-5, 5] sigma, 8 class(es), 2048 t points
bsy term: 8000 candidates, 173521 group rows (31618 pruned), 118886 hit rows, 62 parameters, arm 'gaussq'
[05:41:50] kernel CF tabulation (8000 samples) built in 3.4 s
mass term: 8000 candidates, 182399 group rows (22740 pruned), 118886 hit rows, 62 parameters, arm 'gaussq'
[05:48:20] vtxbsmass/gaussq: H in 390 s, diag -6.35e+04 .. 9.89e+03
[05:48:26] vtxbsmass/gaussq: J from 200 batches, |sum_m g_m - g| = 4.55e-13
[05:48:26] -> /ceph/submit/data/user/d/david_w/ZMass/cvh/runs_vtxres_260911/beamline/runs_final/fisherHJ.npz
