# ON: 6 files, 1899 candidates
# Jpsi_bsok 100.000 %

=== G1 ndof(ON) - ndof(OFF) == 3
  matched 1899, 1866 on the baseline; ndof difference: 3 x1866
  PASS
  (unselected: 3 x1899)

=== G2 beamWidthScale=1e6 reproduces the rows-OFF fit
  1899 matched candidates (wide vs off); 1875 pass the baseline on BOTH
    branch                        p50        p99      p99.9        max  frac>1e-6
    Jpsi_vtxres             0.000e+00  1.354e-06  1.965e-05  6.537e-05    0.01440
    Jpsi_vtxsig             0.000e+00  3.562e-07  6.435e-06  1.031e-05    0.00373
    Jpsi_vtxz               0.000e+00  1.005e-06  1.148e-05  6.542e-05    0.01067
    Jpsi_mass               0.000e+00  0.000e+00  8.884e-08  2.543e-07    0.00000
    Jpsi_sigmamass          0.000e+00  4.560e-07  2.009e-06  9.155e-06    0.00160
    Jpsi_mass_unc           0.000e+00  8.374e-08  8.554e-07  2.548e-06    0.00107
    Jpsi_x                  0.000e+00  0.000e+00  4.171e-07  2.155e-06    0.00053
    Jpsi_y                  0.000e+00  0.000e+00  2.549e-07  5.251e-07    0.00000
    Jpsi_z                  0.000e+00  0.000e+00  7.017e-08  7.184e-07    0.00000
    Jpsi_pt                 0.000e+00  0.000e+00  7.655e-07  1.446e-06    0.00107
    Jpsi_eta                0.000e+00  0.000e+00  2.282e-07  4.027e-07    0.00000
    Muplus_pt               0.000e+00  0.000e+00  9.705e-08  3.574e-07    0.00000
    Muminus_pt              0.000e+00  0.000e+00  8.954e-08  1.046e-07    0.00000
    chisqval                0.000e+00  1.583e-08  6.606e-06  7.972e-06    0.00320
    Jpsi_vtxvgf             0.000e+00  1.167e-07  3.519e-07  6.225e-07    0.00000
    resinfcov               1.082e-07  1.537e-06  4.474e-06  3.092e-05    0.02560
    resinfcovhit            1.131e-07  1.737e-06  8.363e-06  3.667e-05    0.03200
    cfmass_vgf              2.831e-07  2.682e-06  4.788e-06  8.103e-06    0.11093
    ndof(A)-ndof(B): unique [3.]
    WORST relative difference over all compared branches: 6.542e-05   (worst branch: Jpsi_vtxz)
  The bulk is BIT-IDENTICAL (median 0). The residual tail is not the constraint: the three weightless rows still sit at the FRONT of the row list, which changes the sparse-LDLT elimination order and with it the last bits, and the vertex residual is a difference of two nearly equal numbers (sigma_v^2 = 1/(h_66 - h_f6^T C h_f6)).

# the baseline keeps 1869 of 1899 candidates

=== G3 the beam chi2 enters ONCE
  |recomputed/exported - 1| (chi2fit)           median 4.468e-06  p90 2.053e-05  max 0.0002417 
  |chi2(linpoint)/chi2(optimum) - 1|            median 0  p90 5.173e-06  max 0.00423 
  chi2fit on 3 rows: median 1.0885, mean 1.6 (the mean is tail-dominated on the UNSELECTED sample); 2x would double both

=== G5 sum_b |a_b|^2 == Cov_ii  (the registered blocks, fam != 15)
  maker Jpsi_bsvchk                             median 7.036e-09  p90 5.56e-08  max 4.844e-05 
  resinfbsv vs bsvarv, per block, max rel       median 1.683e-07  p90 1.992e-07  max 2.609e-07 
  Jpsi_vtxvchk (vertex, WITH the beam block)    median 9.003e-09  p90 4.04e-08  max 1.476e-06 
  mass: |(mat+hit+bs)/sigma_m^2 - 1|            median 1.257e-07  p90 4.007e-07  max 1.005e-05 
  cfmass_grp_closure                            median 4.069e-16  p90 7.344e-16  max 2.033e-15 
  cfvtx_grp_closure                             median 4.985e-16  p90 7.5e-16  max 1.815e-15 
  cfbs_grp_closure                              median 5.51e-16  p90 8.482e-16  max 2.252e-15 

=== G6 the mean-term identity: Jpsi_bsmeanbs == -P
  max |Jpsi_bsmeanbs + P|                       median 7.876e-14  p90 7.876e-14  max 2.982e-11 

=== G7 the leave-one-out identity against the rows-OFF fit
  1899 matched, 1869 with bsok, 1866 evaluated
  |r_bs(ON) - r_bs(OFF)| / sigma                median 0.0009192  p90 0.003774  max 0.5409 
  |z_bs(ON) - z_bs(OFF)|                        median 0.001188  p90 0.00545  max 0.5792 
  |Cov(ON) - Cov(OFF)| / |Cov|                  median 0.0008447  p90 0.003796  max 0.04899 

=== G4a the OLD build == the NEW build at beamWidthScale=1/sqrt(2)
  1899 matched candidates (half vs old); 1866 pass the baseline on BOTH
    branch                        p50        p99      p99.9        max  frac>1e-6
    Jpsi_vtxres             0.000e+00  2.090e-07  3.637e-06  1.606e-05    0.00268
    Jpsi_vtxsig             0.000e+00  1.079e-07  1.763e-07  3.833e-07    0.00000
    Jpsi_vtxz               0.000e+00  1.903e-07  3.503e-06  1.600e-05    0.00268
    Jpsi_mass               0.000e+00  0.000e+00  1.035e-08  8.213e-08    0.00000
    Jpsi_sigmamass          0.000e+00  3.027e-07  5.153e-07  9.838e-07    0.00000
    Jpsi_mass_unc           0.000e+00  0.000e+00  8.542e-08  9.882e-08    0.00000
    Jpsi_x                  0.000e+00  0.000e+00  0.000e+00  8.216e-08    0.00000
    Jpsi_y                  0.000e+00  0.000e+00  0.000e+00  0.000e+00    0.00000
    Jpsi_z                  0.000e+00  0.000e+00  0.000e+00  1.101e-07    0.00000
    Jpsi_pt                 0.000e+00  0.000e+00  2.073e-07  8.474e-07    0.00000
    Jpsi_eta                0.000e+00  0.000e+00  1.321e-07  3.942e-07    0.00000
    Muplus_pt               0.000e+00  0.000e+00  9.647e-08  1.274e-07    0.00000
    Muminus_pt              0.000e+00  0.000e+00  0.000e+00  2.014e-07    0.00000
    chisqval                0.000e+00  2.140e-08  2.046e-06  3.990e-06    0.00161
    Jpsi_vtxvgf             0.000e+00  9.966e-08  2.246e-07  5.172e-07    0.00000
    resinfcov               9.707e-08  1.143e-06  1.725e-06  3.805e-06    0.01554
    resinfcovhit            1.070e-07  1.241e-06  2.039e-06  3.888e-06    0.01715
    cfmass_vgf              3.330e-07  2.954e-06  5.527e-06  7.108e-06    0.13398
    ndof(A)-ndof(B): unique [0.]
    WORST relative difference over all compared branches: 1.606e-05   (worst branch: Jpsi_vtxres)
  PASS -- the rows DID enter twice

=== G4b the SIZE of the double-emission defect (nominal vs old)
  1899 matched candidates (on vs old); 1866 pass the baseline on BOTH
    branch                        p50        p99      p99.9        max  frac>1e-6
    Jpsi_vtxres             4.756e-02  1.182e+00  1.812e+00  1.946e+00    1.00000
    Jpsi_vtxsig             8.700e-03  1.034e-01  1.292e-01  1.558e-01    1.00000
    Jpsi_vtxz               5.452e-02  1.183e+00  1.806e+00  1.873e+00    0.99946
    Jpsi_mass               5.849e-04  3.759e-03  7.943e-03  1.344e-02    0.99946
    Jpsi_sigmamass          1.215e-02  3.274e-02  5.052e-02  6.466e-02    1.00000
    Jpsi_mass_unc           4.964e-04  3.699e-03  6.839e-03  1.614e-02    0.99786
    Jpsi_x                  1.382e-03  7.114e-03  1.154e-02  1.537e-02    0.99946
    Jpsi_y                  7.208e-04  3.829e-03  5.583e-03  7.073e-03    0.99732
    Jpsi_z                  2.539e-05  2.030e-03  6.879e-03  2.968e-02    0.95766
    Jpsi_pt                 8.326e-04  2.285e-02  1.289e-01  2.000e-01    1.00000
    Jpsi_eta                2.007e-04  9.377e-03  3.119e-02  3.818e-02    0.99250
    Muplus_pt               5.348e-04  5.004e-03  1.062e-02  1.437e-02    0.99946
    Muminus_pt              5.581e-04  4.370e-03  9.775e-03  2.373e-02    0.99893
    chisqval                2.738e-02  1.847e-01  2.598e-01  2.794e-01    1.00000
    Jpsi_vtxvgf             8.380e-03  8.576e-02  1.104e-01  1.284e-01    1.00000
    resinfcov               1.120e-02  4.212e-02  5.575e-02  7.673e-02    0.99946
    resinfcovhit            5.015e-02  1.269e-01  1.404e-01  1.735e-01    1.00000
    cfmass_vgf              4.551e-02  1.071e-01  1.274e-01  1.470e-01    1.00000
    ndof(A)-ndof(B): unique [0.]
    WORST relative difference over all compared branches: 1.946e+00   (worst branch: Jpsi_vtxres)

=== G4c the closure the OLD build cannot have (the beam rows are in V and in no dV_b)
  OLD  Jpsi_vtxvchk                             median 0.02174  p90 0.1319  max 0.4135 
  NEW  Jpsi_vtxvchk                             median 9.1e-09  p90 4.09e-08  max 0.0001098 
  OFF  Jpsi_vtxvchk                             median 8.751e-09  p90 7.274e-08  max 2.993 

=== the two pulls (orientation only; the study does the real work)
  UNSELECTED, for contrast: Var(z_x) 1.171 on 1869
  z_bs,x: n 1869  mean +0.0234  Var 1.1709  trimVar 1.1133  P(|z|>3) 0.01177  P(|z|>5) 0.001070
  z_bs,y: n 1869  mean +0.0261  Var 1.0886  trimVar 1.0422  P(|z|>3) 0.00803  P(|z|>5) 0.000535

=== the family composition of the two beam functionals
  Jpsi_bsvbs       x 0.2213   y 0.2097
  Jpsi_bsvhit      x 0.6048   y 0.6163
  Jpsi_bsvms       x 0.1739   y 0.1740
  Jpsi_bsvioni     x 0.0000   y 0.0000
  Jpsi_massvbs     0.040105
  Jpsi_vtxvbs      0.065608
