[38;21mINFO:pubhtml.py: installed index.php in /home/submit/david_w/public_html/ZMass/cvh/260913_bsfinal[0m
[38;21mINFO:plot_vtx.py: === bsx: 10254 candidates, functional bsx[0m
[38;21mINFO:plot_vtx.py: bsx: N 10254, Var(z) 1.18104, mean +0.01283 +- 0.01073, skew +0.0622, kurt 5.0006
   norm(cf) 0.998699  var(model) 1.01060  skew(model) -0.0000  kurt(model) 4.135, norm(gauss) 0.998698  var(model) 1.01046  skew(model) +0.0000  kurt(model) 3.004, norm(gaussq) 0.998714  var(model) 0.99871  skew(model) +0.0000  kurt(model) 3.004
   DATA trimmed at |z| < 5: Var 1.12409  skew +0.0227  kurt 3.8990  (drops 0.176 %)
   P(|z| > 1): data 0.321143   cf 0.316050 (data/model 1.016)   gauss 0.319745 (data/model 1.004)   gaussq 0.316927 (data/model 1.013)
   P(|z| > 2): data 0.062415   cf 0.046344 (data/model 1.347)   gauss 0.046728 (data/model 1.336)   gaussq 0.045453 (data/model 1.373)
   P(|z| > 3): data 0.012385   cf 0.003466 (data/model 3.573)   gauss 0.002858 (data/model 4.333)   gaussq 0.002698 (data/model 4.591)
   P(|z| > 4): data 0.003803   cf 0.000347 (data/model 10.946)   gauss 0.000070 (data/model 54.352)   gaussq 0.000063 (data/model 60.069)
   P(|z| > 5): data 0.001755   cf 0.000110 (data/model 15.982)   gauss 0.000001 (data/model 2620.805)   gaussq 0.000001 (data/model 3060.885)[0m
[38;21mINFO:plot_vtx.py: wrote /home/submit/david_w/public_html/ZMass/cvh/260913_bsfinal/density_bsx.pdf[0m
[38;21mINFO:plot_vtx.py: wrote /home/submit/david_w/public_html/ZMass/cvh/260913_bsfinal/density_bsx_log.pdf[0m
[38;21mINFO:plot_vtx.py: wrote /home/submit/david_w/public_html/ZMass/cvh/260913_bsfinal/family_shares_bsx.pdf[0m
[38;21mINFO:plot_vtx.py: bsx family shares (median): hit (Gaussian) 0.6027, multiple scattering 0.1412, ionization 0.0000, beam line (Gaussian) 0.2121[0m
[38;21mINFO:plot_vtx.py: wrote /home/submit/david_w/public_html/ZMass/cvh/260913_bsfinal/shares_vs_genpt_bsx.pdf[0m
[38;21mINFO:plot_vtx.py:   hit (Gaussian)         0.490 0.578 0.619 0.629 0.625 0.639 0.635 0.620   (pT bins [-99.    20.54  26.73  31.02  34.65  37.7   40.57  43.25 142.62])[0m
[38;21mINFO:plot_vtx.py:   multiple scattering    0.306 0.205 0.163 0.137 0.125 0.115 0.107 0.099   (pT bins [-99.    20.54  26.73  31.02  34.65  37.7   40.57  43.25 142.62])[0m
[38;21mINFO:plot_vtx.py:   ionization             0.000 0.000 0.000 0.000 0.000 0.000 0.000 0.000   (pT bins [-99.    20.54  26.73  31.02  34.65  37.7   40.57  43.25 142.62])[0m
[38;21mINFO:plot_vtx.py:   beam line (Gaussian)   0.137 0.178 0.200 0.222 0.237 0.238 0.248 0.266   (pT bins [-99.    20.54  26.73  31.02  34.65  37.7   40.57  43.25 142.62])[0m
[38;21mINFO:plot_vtx.py: wrote /home/submit/david_w/public_html/ZMass/cvh/260913_bsfinal/group_shares_bsx.pdf[0m
[38;21mINFO:plot_vtx.py: bsx top material groups: material_bpix_support6 0.0674, material_tib_support 0.0239, material_bpix_services 0.0133, material_fpix_support 0.0119, material_bpix_active_L1 0.0091, material_tob_support 0.0079, material_bpix_active_L2 0.0079, material_tec_structure 0.0060, material_bpix_active_L3 0.0048, material_tibtid_services 0.0044[0m
[38;21mINFO:plot_vtx.py: wrote /home/submit/david_w/public_html/ZMass/cvh/260913_bsfinal/hitclass_shares_bsx.pdf[0m
[38;21mINFO:plot_vtx.py: bsx top hit classes: pix_x_q1 0.0995, pix_y_q1 0.0972, str_N3_lo 0.0486, str_N2_lo 0.0444, pix_y_q0 0.0439, str_N3_hi 0.0391, pix_x_q2 0.0372, pix_y_q2 0.0318[0m
/work/submit/david_w/ZMass/mfs/.venv/lib64/python3.9/site-packages/numpy/lib/_function_base_impl.py:2922: RuntimeWarning: invalid value encountered in divide
  c /= stddev[:, None]
/work/submit/david_w/ZMass/mfs/.venv/lib64/python3.9/site-packages/numpy/lib/_function_base_impl.py:2923: RuntimeWarning: invalid value encountered in divide
  c /= stddev[None, :]
[38;21mINFO:plot_vtx.py: bsx: corr(sigma, z) = +nan +- 0.00988; corr(sigma, |z|) = +nan[0m
/work/submit/david_w/ZMass/calibration_studies/resolution/vtxres/plot_vtx.py:232: RuntimeWarning: Mean of empty slice.
  m = np.array([z[ic == i].mean() for i in range(len(ed) - 1)])
/work/submit/david_w/ZMass/mfs/.venv/lib64/python3.9/site-packages/numpy/_core/_methods.py:138: RuntimeWarning: invalid value encountered in scalar divide
  ret = ret.dtype.type(ret / rcount)
/work/submit/david_w/ZMass/mfs/.venv/lib64/python3.9/site-packages/numpy/_core/_methods.py:218: RuntimeWarning: Degrees of freedom <= 0 for slice
  ret = _var(a, axis=axis, dtype=dtype, out=out, ddof=ddof,
/work/submit/david_w/ZMass/mfs/.venv/lib64/python3.9/site-packages/numpy/_core/_methods.py:175: RuntimeWarning: invalid value encountered in divide
  arrmean = um.true_divide(arrmean, div, out=arrmean,
/work/submit/david_w/ZMass/mfs/.venv/lib64/python3.9/site-packages/numpy/_core/_methods.py:210: RuntimeWarning: invalid value encountered in scalar divide
  ret = ret.dtype.type(ret / rcount)
/work/submit/david_w/ZMass/calibration_studies/resolution/vtxres/plot_vtx.py:235: RuntimeWarning: Degrees of freedom <= 0 for slice
  v = np.array([z[ic == i].var() for i in range(len(ed) - 1)])
[38;21mINFO:plot_vtx.py: wrote /home/submit/david_w/public_html/ZMass/cvh/260913_bsfinal/sigma_check_bsx.pdf[0m
[38;21mINFO:plot_vtx.py: === bsy: 10254 candidates, functional bsy[0m
[38;21mINFO:plot_vtx.py: bsy: N 10254, Var(z) 1.10925, mean +0.00039 +- 0.01040, skew +0.0599, kurt 4.3909
   norm(cf) 0.998698  var(model) 1.01125  skew(model) -0.0000  kurt(model) 4.170, norm(gauss) 0.998698  var(model) 1.01111  skew(model) +0.0000  kurt(model) 3.004, norm(gaussq) 0.998714  var(model) 0.99871  skew(model) +0.0000  kurt(model) 3.004
   DATA trimmed at |z| < 5: Var 1.08142  skew +0.0547  kurt 3.6966  (drops 0.078 %)
   P(|z| > 1): data 0.317632   cf 0.316106 (data/model 1.005)   gauss 0.319902 (data/model 0.993)   gaussq 0.316927 (data/model 1.002)
   P(|z| > 2): data 0.052955   cf 0.046393 (data/model 1.141)   gauss 0.046798 (data/model 1.132)   gaussq 0.045453 (data/model 1.165)
   P(|z| > 3): data 0.009557   cf 0.003491 (data/model 2.738)   gauss 0.002867 (data/model 3.334)   gaussq 0.002698 (data/model 3.543)
   P(|z| > 4): data 0.002243   cf 0.000357 (data/model 6.289)   gauss 0.000070 (data/model 31.896)   gaussq 0.000063 (data/model 35.425)
   P(|z| > 5): data 0.000780   cf 0.000114 (data/model 6.843)   gauss 0.000001 (data/model 1156.599)   gaussq 0.000001 (data/model 1360.394)[0m
[38;21mINFO:plot_vtx.py: wrote /home/submit/david_w/public_html/ZMass/cvh/260913_bsfinal/density_bsy.pdf[0m
[38;21mINFO:plot_vtx.py: wrote /home/submit/david_w/public_html/ZMass/cvh/260913_bsfinal/density_bsy_log.pdf[0m
[38;21mINFO:plot_vtx.py: wrote /home/submit/david_w/public_html/ZMass/cvh/260913_bsfinal/family_shares_bsy.pdf[0m
[38;21mINFO:plot_vtx.py: bsy family shares (median): hit (Gaussian) 0.4395, multiple scattering 0.1503, ionization 0.0000, beam line (Gaussian) 0.3736[0m
[38;21mINFO:plot_vtx.py: wrote /home/submit/david_w/public_html/ZMass/cvh/260913_bsfinal/shares_vs_genpt_bsy.pdf[0m
[38;21mINFO:plot_vtx.py:   hit (Gaussian)         0.407 0.430 0.439 0.451 0.447 0.447 0.448 0.458   (pT bins [-99.    20.54  26.73  31.02  34.65  37.7   40.57  43.25 142.62])[0m
[38;21mINFO:plot_vtx.py:   multiple scattering    0.287 0.209 0.166 0.145 0.139 0.131 0.124 0.107   (pT bins [-99.    20.54  26.73  31.02  34.65  37.7   40.57  43.25 142.62])[0m
[38;21mINFO:plot_vtx.py:   ionization             0.000 0.000 0.000 0.000 0.000 0.000 0.000 0.000   (pT bins [-99.    20.54  26.73  31.02  34.65  37.7   40.57  43.25 142.62])[0m
[38;21mINFO:plot_vtx.py:   beam line (Gaussian)   0.280 0.340 0.370 0.381 0.394 0.401 0.415 0.416   (pT bins [-99.    20.54  26.73  31.02  34.65  37.7   40.57  43.25 142.62])[0m
[38;21mINFO:plot_vtx.py: wrote /home/submit/david_w/public_html/ZMass/cvh/260913_bsfinal/group_shares_bsy.pdf[0m
[38;21mINFO:plot_vtx.py: bsy top material groups: material_bpix_support6 0.0706, material_tib_support 0.0232, material_bpix_services 0.0125, material_fpix_support 0.0105, material_bpix_active_L1 0.0097, material_tob_support 0.0096, material_bpix_active_L2 0.0092, material_tec_structure 0.0059, material_bpix_active_L3 0.0058, material_tibtid_services 0.0050[0m
[38;21mINFO:plot_vtx.py: wrote /home/submit/david_w/public_html/ZMass/cvh/260913_bsfinal/hitclass_shares_bsy.pdf[0m
[38;21mINFO:plot_vtx.py: bsy top hit classes: pix_x_q1 0.1392, pix_x_q2 0.0559, pix_y_q1 0.0504, pix_x_q3 0.0428, str_N3_lo 0.0246, pix_x_q0 0.0227, str_N2_lo 0.0214, pix_y_q0 0.0214[0m
/work/submit/david_w/ZMass/mfs/.venv/lib64/python3.9/site-packages/numpy/lib/_function_base_impl.py:2922: RuntimeWarning: invalid value encountered in divide
  c /= stddev[:, None]
/work/submit/david_w/ZMass/mfs/.venv/lib64/python3.9/site-packages/numpy/lib/_function_base_impl.py:2923: RuntimeWarning: invalid value encountered in divide
  c /= stddev[None, :]
[38;21mINFO:plot_vtx.py: bsy: corr(sigma, z) = +nan +- 0.00988; corr(sigma, |z|) = +nan[0m
/work/submit/david_w/ZMass/calibration_studies/resolution/vtxres/plot_vtx.py:232: RuntimeWarning: Mean of empty slice.
  m = np.array([z[ic == i].mean() for i in range(len(ed) - 1)])
/work/submit/david_w/ZMass/mfs/.venv/lib64/python3.9/site-packages/numpy/_core/_methods.py:138: RuntimeWarning: invalid value encountered in scalar divide
  ret = ret.dtype.type(ret / rcount)
/work/submit/david_w/ZMass/mfs/.venv/lib64/python3.9/site-packages/numpy/_core/_methods.py:218: RuntimeWarning: Degrees of freedom <= 0 for slice
  ret = _var(a, axis=axis, dtype=dtype, out=out, ddof=ddof,
/work/submit/david_w/ZMass/mfs/.venv/lib64/python3.9/site-packages/numpy/_core/_methods.py:175: RuntimeWarning: invalid value encountered in divide
  arrmean = um.true_divide(arrmean, div, out=arrmean,
/work/submit/david_w/ZMass/mfs/.venv/lib64/python3.9/site-packages/numpy/_core/_methods.py:210: RuntimeWarning: invalid value encountered in scalar divide
  ret = ret.dtype.type(ret / rcount)
/work/submit/david_w/ZMass/calibration_studies/resolution/vtxres/plot_vtx.py:235: RuntimeWarning: Degrees of freedom <= 0 for slice
  v = np.array([z[ic == i].var() for i in range(len(ed) - 1)])
[38;21mINFO:plot_vtx.py: wrote /home/submit/david_w/public_html/ZMass/cvh/260913_bsfinal/sigma_check_bsy.pdf[0m
[38;21mINFO:plot_vtx.py: === vtx: 10254 candidates, functional vtx[0m
[38;21mINFO:plot_vtx.py: vtx: N 10254, Var(z) 1.11648, mean +0.00782 +- 0.01043, skew -0.0308, kurt 3.5472
   norm(cf) 0.998688  var(model) 1.02005  skew(model) +0.0000  kurt(model) 5.516, norm(gauss) 0.998687  var(model) 1.01964  skew(model) +0.0000  kurt(model) 3.004, norm(gaussq) 0.998714  var(model) 0.99871  skew(model) +0.0000  kurt(model) 3.004
   DATA trimmed at |z| < 5: Var 1.11648  skew -0.0308  kurt 3.5472  (drops 0.000 %)
   P(|z| > 1): data 0.324361   cf 0.314696 (data/model 1.031)   gauss 0.321928 (data/model 1.008)   gaussq 0.316927 (data/model 1.023)
   P(|z| > 2): data 0.061634   cf 0.046854 (data/model 1.315)   gauss 0.047727 (data/model 1.291)   gaussq 0.045453 (data/model 1.356)
   P(|z| > 3): data 0.008680   cf 0.004132 (data/model 2.101)   gauss 0.002986 (data/model 2.906)   gaussq 0.002698 (data/model 3.217)
   P(|z| > 4): data 0.000683   cf 0.000629 (data/model 1.085)   gauss 0.000075 (data/model 9.049)   gaussq 0.000063 (data/model 10.782)
   P(|z| > 5): data 0.000000   cf 0.000230 (data/model 0.000)   gauss 0.000001 (data/model 0.000)   gaussq 0.000001 (data/model 0.000)[0m
[38;21mINFO:plot_vtx.py: wrote /home/submit/david_w/public_html/ZMass/cvh/260913_bsfinal/density_vtx.pdf[0m
[38;21mINFO:plot_vtx.py: wrote /home/submit/david_w/public_html/ZMass/cvh/260913_bsfinal/density_vtx_log.pdf[0m
[38;21mINFO:plot_vtx.py: wrote /home/submit/david_w/public_html/ZMass/cvh/260913_bsfinal/family_shares_vtx.pdf[0m
[38;21mINFO:plot_vtx.py: vtx family shares (median): hit (Gaussian) 0.6561, multiple scattering 0.2858, ionization 0.0000[0m
[38;21mINFO:plot_vtx.py: wrote /home/submit/david_w/public_html/ZMass/cvh/260913_bsfinal/shares_vs_genpt_vtx.pdf[0m
[38;21mINFO:plot_vtx.py:   hit (Gaussian)         0.542 0.615 0.642 0.670 0.677 0.677 0.688 0.715   (pT bins [-99.    20.54  26.73  31.02  34.65  37.7   40.57  43.25 142.62])[0m
[38;21mINFO:plot_vtx.py:   multiple scattering    0.381 0.326 0.299 0.276 0.272 0.266 0.260 0.220   (pT bins [-99.    20.54  26.73  31.02  34.65  37.7   40.57  43.25 142.62])[0m
[38;21mINFO:plot_vtx.py:   ionization             0.000 0.000 0.000 0.000 0.000 0.000 0.000 0.000   (pT bins [-99.    20.54  26.73  31.02  34.65  37.7   40.57  43.25 142.62])[0m
[38;21mINFO:plot_vtx.py: wrote /home/submit/david_w/public_html/ZMass/cvh/260913_bsfinal/group_shares_vtx.pdf[0m
[38;21mINFO:plot_vtx.py: vtx top material groups: material_bpix_support6 0.1178, material_tib_support 0.0392, material_bpix_services 0.0188, material_tob_support 0.0175, material_fpix_support 0.0158, material_bpix_active_L2 0.0156, material_bpix_active_L1 0.0153, material_tec_structure 0.0109, material_bpix_active_L3 0.0100, material_tibtid_services 0.0089[0m
[38;21mINFO:plot_vtx.py: wrote /home/submit/david_w/public_html/ZMass/cvh/260913_bsfinal/hitclass_shares_vtx.pdf[0m
[38;21mINFO:plot_vtx.py: vtx top hit classes: pix_x_q1 0.2583, pix_x_q2 0.1022, pix_x_q3 0.0773, pix_x_q0 0.0414, pix_y_q1 0.0305, str_N3_lo 0.0234, str_N3_hi 0.0216, str_N2_lo 0.0210[0m
[38;21mINFO:plot_vtx.py: vtx: corr(sigma, z) = +0.00327 +- 0.00988; corr(sigma, |z|) = -0.02439[0m
[38;21mINFO:plot_vtx.py: wrote /home/submit/david_w/public_html/ZMass/cvh/260913_bsfinal/sigma_check_vtx.pdf[0m
