# 1 files, functional bsx
[1/1] cumulative 112 (0 s)
standard two-track selection on 113 candidates
    Jpsi_vtxok                       113  (100.00 %, -0)
    finite sigma_m, sigma_v          113  (100.00 %, -0)
    min leg hits >= 8                113  (100.00 %, -0)
    |z_v| < 5                        113  (100.00 %, -0)
    kept                             113  (100.00 %)

=== bsx: 112 candidates, 2826 group rows (25.23/cand), 12.99 hit rows/cand
    exponent storage 31.54 kB/cand
    sum_g (vqms+vqio) + vgf closure: median 1.000000  p1 1.000000  p99 1.000000
    -> /ceph/submit/data/user/d/david_w/ZMass/cvh/runs_vtxres_260911/beamline/runs_smoke/dy_bsx.npz (3.5 MB)
# 1 files, functional bsy
[1/1] cumulative 112 (0 s)
standard two-track selection on 113 candidates
    Jpsi_vtxok                       113  (100.00 %, -0)
    finite sigma_m, sigma_v          113  (100.00 %, -0)
    min leg hits >= 8                113  (100.00 %, -0)
    |z_v| < 5                        113  (100.00 %, -0)
    kept                             113  (100.00 %)

=== bsy: 112 candidates, 2826 group rows (25.23/cand), 12.99 hit rows/cand
    exponent storage 31.54 kB/cand
    sum_g (vqms+vqio) + vgf closure: median 1.000000  p1 1.000000  p99 1.000000
    -> /ceph/submit/data/user/d/david_w/ZMass/cvh/runs_vtxres_260911/beamline/runs_smoke/dy_bsy.npz (3.5 MB)
# 1 files, functional vtx
[1/1] cumulative 112 (0 s)
standard two-track selection on 113 candidates
    Jpsi_vtxok                       113  (100.00 %, -0)
    finite sigma_m, sigma_v          113  (100.00 %, -0)
    min leg hits >= 8                113  (100.00 %, -0)
    |z_v| < 5                        113  (100.00 %, -0)
    kept                             113  (100.00 %)

=== vtx: 112 candidates, 2826 group rows (25.23/cand), 12.99 hit rows/cand
    exponent storage 31.54 kB/cand
    sum_g (vqms+vqio) + vgf closure: median 1.000000  p1 1.000000  p99 1.000000
    -> /ceph/submit/data/user/d/david_w/ZMass/cvh/runs_vtxres_260911/beamline/runs_smoke/dy_vtx.npz (3.5 MB)
# 1 files, functional mass
[1/1] cumulative 112 (0 s)
standard two-track selection on 113 candidates
    Jpsi_vtxok                       113  (100.00 %, -0)
    finite sigma_m, sigma_v          113  (100.00 %, -0)
    min leg hits >= 8                113  (100.00 %, -0)
    |z_v| < 5                        113  (100.00 %, -0)
    kept                             113  (100.00 %)

=== mass: 112 candidates, 2826 group rows (25.23/cand), 12.99 hit rows/cand
    exponent storage 31.54 kB/cand
    sum_g (vqms+vqio) + vgf closure: median 1.000000  p1 1.000000  p99 1.000000
    -> /ceph/submit/data/user/d/david_w/ZMass/cvh/runs_vtxres_260911/beamline/runs_smoke/dy_mass.npz (3.4 MB)
bsx   n=112 sigma[0]=1  new fields: ['vbsx', 'vbsy', 'bswidth', 'bswidtherr']
       vbsx median 0.19253  vbsy median 0.00000
bsy   n=112 sigma[0]=1  new fields: ['vbsx', 'vbsy', 'bswidth', 'bswidtherr']
       vbsx median 0.02356  vbsy median 0.24312
vtx   n=112 sigma[0]=0.002027  new fields: ['vbsx', 'vbsy', 'bswidth', 'bswidtherr']
       vbsx median 0.00940  vbsy median 0.00762
mass  n=112 sigma[0]=0.6854  new fields: ['vbsx', 'vbsy', 'bswidth', 'bswidtherr']
       vbsx median 0.01807  vbsy median 0.01232
SMOKEEXTRACTDONE
beam-width prior from the record: sigma(k) = 0.05476 (widths 10.83 / 10.39 um, errors 0.290 / 0.290 um)
WARNING: All log messages before absl::InitializeLog() is called are written to STDERR
I0000 00:00:1789266391.219966 1594077 port.cc:153] oneDNN custom operations are on. You may see slightly different numerical results due to floating-point round-off errors from different computation orders. To turn them off, set the environment variable `TF_ENABLE_ONEDNN_OPTS=0`.
WARNING: All log messages before absl::InitializeLog() is called are written to STDERR
I0000 00:00:1789266395.275098 1594077 port.cc:153] oneDNN custom operations are on. You may see slightly different numerical results due to floating-point round-off errors from different computation orders. To turn them off, set the environment variable `TF_ENABLE_ONEDNN_OPTS=0`.
  bsx: standard two-track selection on 112 candidates
  bsx:     Jpsi_vtxok                        --  (column absent: NOT APPLIED)
  bsx:     finite sigma_m, sigma_v          112  (100.00 %, -0)
  bsx:     min leg hits >= 8                112  (100.00 %, -0)
  bsx:     |z_v| < 5                        112  (100.00 %, -0)
  bsx:     kept                             112  (100.00 %)
  bsy: standard two-track selection on 112 candidates
  bsy:     Jpsi_vtxok                        --  (column absent: NOT APPLIED)
  bsy:     finite sigma_m, sigma_v          112  (100.00 %, -0)
  bsy:     min leg hits >= 8                112  (100.00 %, -0)
  bsy:     |z_v| < 5                        112  (100.00 %, -0)
  bsy:     kept                             112  (100.00 %)
--same-candidates: 112 candidates kept by BOTH functionals
  norm classes: sigma 1..1, members 112..112
  truncation normalisation on [-5, 5] sigma, 8 class(es), 2048 t points
E0000 00:00:1789266398.980439 1594077 cuda_platform.cc:52] failed call to cuInit: INTERNAL: CUDA error: Failed call to cuInit: UNKNOWN ERROR (303)
bsx term: 112 candidates, 2383 group rows (443 pruned), 1679 hit rows, 62 parameters, arm 'cf'
  bsx NLL(0) = 177.943625, max|grad| = 42.82
  norm classes: sigma 1..1, members 112..112
  truncation normalisation on [-5, 5] sigma, 8 class(es), 2048 t points
bsy term: 112 candidates, 2397 group rows (429 pruned), 1679 hit rows, 62 parameters, arm 'cf'
  bsy NLL(0) = 163.089092, max|grad| = 18.06
-> /ceph/submit/data/user/d/david_w/ZMass/cvh/runs_vtxres_260911/beamline/runs_smoke/cards/bs_cf.hdf5 (5.4 MB, 62 parameters)
beam-width prior: FREE (--beamwidth-prior 0)
WARNING: All log messages before absl::InitializeLog() is called are written to STDERR
I0000 00:00:1789266400.797847 1595677 port.cc:153] oneDNN custom operations are on. You may see slightly different numerical results due to floating-point round-off errors from different computation orders. To turn them off, set the environment variable `TF_ENABLE_ONEDNN_OPTS=0`.
WARNING: All log messages before absl::InitializeLog() is called are written to STDERR
I0000 00:00:1789266404.828717 1595677 port.cc:153] oneDNN custom operations are on. You may see slightly different numerical results due to floating-point round-off errors from different computation orders. To turn them off, set the environment variable `TF_ENABLE_ONEDNN_OPTS=0`.
  bsx: standard two-track selection on 112 candidates
  bsx:     Jpsi_vtxok                        --  (column absent: NOT APPLIED)
  bsx:     finite sigma_m, sigma_v          112  (100.00 %, -0)
  bsx:     min leg hits >= 8                112  (100.00 %, -0)
  bsx:     |z_v| < 5                        112  (100.00 %, -0)
  bsx:     kept                             112  (100.00 %)
  bsy: standard two-track selection on 112 candidates
  bsy:     Jpsi_vtxok                        --  (column absent: NOT APPLIED)
  bsy:     finite sigma_m, sigma_v          112  (100.00 %, -0)
  bsy:     min leg hits >= 8                112  (100.00 %, -0)
  bsy:     |z_v| < 5                        112  (100.00 %, -0)
  bsy:     kept                             112  (100.00 %)
--same-candidates: 112 candidates kept by BOTH functionals
  norm classes: sigma 1..1, members 112..112
  truncation normalisation on [-5, 5] sigma, 8 class(es), 2048 t points
E0000 00:00:1789266408.894089 1595677 cuda_platform.cc:52] failed call to cuInit: INTERNAL: CUDA error: Failed call to cuInit: UNKNOWN ERROR (303)
bsx term: 112 candidates, 2383 group rows (443 pruned), 1679 hit rows, 62 parameters, arm 'cf'
  bsx NLL(0) = 177.943625, max|grad| = 42.82
  norm classes: sigma 1..1, members 112..112
  truncation normalisation on [-5, 5] sigma, 8 class(es), 2048 t points
bsy term: 112 candidates, 2397 group rows (429 pruned), 1679 hit rows, 62 parameters, arm 'cf'
  bsy NLL(0) = 163.089092, max|grad| = 18.06
-> /ceph/submit/data/user/d/david_w/ZMass/cvh/runs_vtxres_260911/beamline/runs_smoke/cards/bsfree_cf.hdf5 (5.4 MB, 62 parameters)
param models: --paramModel UnbinnedParams
WARNING: All log messages before absl::InitializeLog() is called are written to STDERR
I0000 00:00:1789266411.521851 1598345 port.cc:153] oneDNN custom operations are on. You may see slightly different numerical results due to floating-point round-off errors from different computation orders. To turn them off, set the environment variable `TF_ENABLE_ONEDNN_OPTS=0`.
WARNING: All log messages before absl::InitializeLog() is called are written to STDERR
I0000 00:00:1789266415.718463 1598345 port.cc:153] oneDNN custom operations are on. You may see slightly different numerical results due to floating-point round-off errors from different computation orders. To turn them off, set the environment variable `TF_ENABLE_ONEDNN_OPTS=0`.
E0000 00:00:1789266421.135623 1598345 cuda_platform.cc:52] failed call to cuInit: INTERNAL: CUDA error: Failed call to cuInit: UNKNOWN ERROR (303)
calib_dummy {'axes': [Integer(0, 1, underflow=False, overflow=False, name='bin')], 'masked': False, 'flow': False, 'start': 0, 'stop': 1}
[38;21mINFO:unbinned.py: Loaded unbinned term 'bsx' (kind MaterialCF, channel jpsi): 112 candidates, 1 chunk(s) of 112, parameters ['material_other', 'material_beampipe', 'material_bpix_active_L1', 'material_bpix_active_L2', 'material_bpix_active_L3', 'material_bpix_services', 'material_bpix_support6', 'material_bpix_support7', 'material_fpix_active_D1', 'material_fpix_active_D2', 'material_fpix_support', 'material_tib_active_L1', 'material_tib_active_L2', 'material_tib_active_L3', 'material_tib_active_L4', 'material_tibtid_services', 'material_tib_support', 'material_tid_active_R1', 'material_tid_active_R2', 'material_tid_active_R3', 'material_tid_support', 'material_tob_active_L1', 'material_tob_active_L2', 'material_tob_active_L3', 'material_tob_active_L4', 'material_tob_active_L5', 'material_tob_active_L6', 'material_tob_services', 'material_tob_support', 'material_tec_active_R1', 'material_tec_active_R2', 'material_tec_active_R3', 'material_tec_active_R4', 'material_tec_active_R5', 'material_tec_active_R6', 'material_tec_active_R7', 'material_tec_services', 'material_tec_structure', 'material_thermal_screen', 'material_support_tube', 'material_pp1_cables', 'material_pixel_patch', 'hitres_pix_x_q0', 'hitres_pix_x_q1', 'hitres_pix_x_q2', 'hitres_pix_x_q3', 'hitres_pix_y_q0', 'hitres_pix_y_q1', 'hitres_pix_y_q2', 'hitres_pix_y_q3', 'hitres_str_N1_lo', 'hitres_str_N1_hi', 'hitres_str_N2_lo', 'hitres_str_N2_hi', 'hitres_str_N3_lo', 'hitres_str_N3_hi', 'hitres_str_N4_lo', 'hitres_str_N4_hi', 'hitres_str_N5_lo', 'hitres_str_N5_hi', 'beamwidth_x', 'beamwidth_y'][0m
[38;21mINFO:unbinned.py: Loaded unbinned term 'bsy' (kind MaterialCF, channel jpsi): 112 candidates, 1 chunk(s) of 112, parameters ['material_other', 'material_beampipe', 'material_bpix_active_L1', 'material_bpix_active_L2', 'material_bpix_active_L3', 'material_bpix_services', 'material_bpix_support6', 'material_bpix_support7', 'material_fpix_active_D1', 'material_fpix_active_D2', 'material_fpix_support', 'material_tib_active_L1', 'material_tib_active_L2', 'material_tib_active_L3', 'material_tib_active_L4', 'material_tibtid_services', 'material_tib_support', 'material_tid_active_R1', 'material_tid_active_R2', 'material_tid_active_R3', 'material_tid_support', 'material_tob_active_L1', 'material_tob_active_L2', 'material_tob_active_L3', 'material_tob_active_L4', 'material_tob_active_L5', 'material_tob_active_L6', 'material_tob_services', 'material_tob_support', 'material_tec_active_R1', 'material_tec_active_R2', 'material_tec_active_R3', 'material_tec_active_R4', 'material_tec_active_R5', 'material_tec_active_R6', 'material_tec_active_R7', 'material_tec_services', 'material_tec_structure', 'material_thermal_screen', 'material_support_tube', 'material_pp1_cables', 'material_pixel_patch', 'hitres_pix_x_q0', 'hitres_pix_x_q1', 'hitres_pix_x_q2', 'hitres_pix_x_q3', 'hitres_pix_y_q0', 'hitres_pix_y_q1', 'hitres_pix_y_q2', 'hitres_pix_y_q3', 'hitres_str_N1_lo', 'hitres_str_N1_hi', 'hitres_str_N2_lo', 'hitres_str_N2_hi', 'hitres_str_N3_lo', 'hitres_str_N3_hi', 'hitres_str_N4_lo', 'hitres_str_N4_hi', 'hitres_str_N5_lo', 'hitres_str_N5_hi', 'beamwidth_x', 'beamwidth_y'][0m
[38;21mINFO:unbinned_params.py: UnbinnedParams: 62 POI(s) ['material_other', 'material_beampipe', 'material_bpix_active_L1', 'material_bpix_active_L2', 'material_bpix_active_L3', 'material_bpix_services', 'material_bpix_support6', 'material_bpix_support7', 'material_fpix_active_D1', 'material_fpix_active_D2', 'material_fpix_support', 'material_tib_active_L1', 'material_tib_active_L2', 'material_tib_active_L3', 'material_tib_active_L4', 'material_tibtid_services', 'material_tib_support', 'material_tid_active_R1', 'material_tid_active_R2', 'material_tid_active_R3', 'material_tid_support', 'material_tob_active_L1', 'material_tob_active_L2', 'material_tob_active_L3', 'material_tob_active_L4', 'material_tob_active_L5', 'material_tob_active_L6', 'material_tob_services', 'material_tob_support', 'material_tec_active_R1', 'material_tec_active_R2', 'material_tec_active_R3', 'material_tec_active_R4', 'material_tec_active_R5', 'material_tec_active_R6', 'material_tec_active_R7', 'material_tec_services', 'material_tec_structure', 'material_thermal_screen', 'material_support_tube', 'material_pp1_cables', 'material_pixel_patch', 'hitres_pix_x_q0', 'hitres_pix_x_q1', 'hitres_pix_x_q2', 'hitres_pix_x_q3', 'hitres_pix_y_q0', 'hitres_pix_y_q1', 'hitres_pix_y_q2', 'hitres_pix_y_q3', 'hitres_str_N1_lo', 'hitres_str_N1_hi', 'hitres_str_N2_lo', 'hitres_str_N2_hi', 'hitres_str_N3_lo', 'hitres_str_N3_hi', 'hitres_str_N4_lo', 'hitres_str_N4_hi', 'hitres_str_N5_lo', 'hitres_str_N5_hi', 'beamwidth_x', 'beamwidth_y'], 0 nuisance(s) [], 62 with a Gaussian prior[0m
[38;21mINFO:fitter.py: Unblinding 62 parameters: ['material_other', 'material_beampipe', 'material_bpix_active_L1', 'material_bpix_active_L2', 'material_bpix_active_L3', 'material_bpix_services', 'material_bpix_support6', 'material_bpix_support7', 'material_fpix_active_D1', 'material_fpix_active_D2', 'material_fpix_support', 'material_tib_active_L1', 'material_tib_active_L2', 'material_tib_active_L3', 'material_tib_active_L4', 'material_tibtid_services', 'material_tib_support', 'material_tid_active_R1', 'material_tid_active_R2', 'material_tid_active_R3', 'material_tid_support', 'material_tob_active_L1', 'material_tob_active_L2', 'material_tob_active_L3', 'material_tob_active_L4', 'material_tob_active_L5', 'material_tob_active_L6', 'material_tob_services', 'material_tob_support', 'material_tec_active_R1', 'material_tec_active_R2', 'material_tec_active_R3', 'material_tec_active_R4', 'material_tec_active_R5', 'material_tec_active_R6', 'material_tec_active_R7', 'material_tec_services', 'material_tec_structure', 'material_thermal_screen', 'material_support_tube', 'material_pp1_cables', 'material_pixel_patch', 'hitres_pix_x_q0', 'hitres_pix_x_q1', 'hitres_pix_x_q2', 'hitres_pix_x_q3', 'hitres_pix_y_q0', 'hitres_pix_y_q1', 'hitres_pix_y_q2', 'hitres_pix_y_q3', 'hitres_str_N1_lo', 'hitres_str_N1_hi', 'hitres_str_N2_lo', 'hitres_str_N2_hi', 'hitres_str_N3_lo', 'hitres_str_N3_hi', 'hitres_str_N4_lo', 'hitres_str_N4_hi', 'hitres_str_N5_lo', 'hitres_str_N5_hi', 'beamwidth_x', 'beamwidth_y'][0m
[38;21mINFO:fitter.py: [paramPriors] applying Gaussian priors to 62/62 ParamModel params:[0m
[38;21mINFO:fitter.py:     material_other: μ=0 σ=0.04[0m
[38;21mINFO:fitter.py:     material_beampipe: μ=0 σ=0.0001[0m
[38;21mINFO:fitter.py:     material_bpix_active_L1: μ=0 σ=0.0004[0m
[38;21mINFO:fitter.py:     material_bpix_active_L2: μ=0 σ=0.0004[0m
[38;21mINFO:fitter.py:     material_bpix_active_L3: μ=0 σ=0.0004[0m
[38;21mINFO:fitter.py:     material_bpix_services: μ=0 σ=0.01[0m
[38;21mINFO:fitter.py:     material_bpix_support6: μ=0 σ=0.0025[0m
[38;21mINFO:fitter.py:     material_bpix_support7: μ=0 σ=0.01[0m
[38;21mINFO:fitter.py:     material_fpix_active_D1: μ=0 σ=0.0004[0m
[38;21mINFO:fitter.py:     material_fpix_active_D2: μ=0 σ=0.0004[0m
[38;21mINFO:fitter.py:     material_fpix_support: μ=0 σ=0.0025[0m
[38;21mINFO:fitter.py:     material_tib_active_L1: μ=0 σ=0.0004[0m
[38;21mINFO:fitter.py:     material_tib_active_L2: μ=0 σ=0.0004[0m
[38;21mINFO:fitter.py:     material_tib_active_L3: μ=0 σ=0.0004[0m
[38;21mINFO:fitter.py:     material_tib_active_L4: μ=0 σ=0.0004[0m
[38;21mINFO:fitter.py:     material_tibtid_services: μ=0 σ=0.01[0m
[38;21mINFO:fitter.py:     material_tib_support: μ=0 σ=0.0025[0m
[38;21mINFO:fitter.py:     material_tid_active_R1: μ=0 σ=0.0004[0m
[38;21mINFO:fitter.py:     material_tid_active_R2: μ=0 σ=0.0004[0m
[38;21mINFO:fitter.py:     material_tid_active_R3: μ=0 σ=0.0004[0m
[38;21mINFO:fitter.py:     material_tid_support: μ=0 σ=0.0025[0m
[38;21mINFO:fitter.py:     material_tob_active_L1: μ=0 σ=0.0004[0m
[38;21mINFO:fitter.py:     material_tob_active_L2: μ=0 σ=0.0004[0m
[38;21mINFO:fitter.py:     material_tob_active_L3: μ=0 σ=0.0004[0m
[38;21mINFO:fitter.py:     material_tob_active_L4: μ=0 σ=0.0004[0m
[38;21mINFO:fitter.py:     material_tob_active_L5: μ=0 σ=0.0004[0m
[38;21mINFO:fitter.py:     material_tob_active_L6: μ=0 σ=0.0004[0m
[38;21mINFO:fitter.py:     material_tob_services: μ=0 σ=0.01[0m
[38;21mINFO:fitter.py:     material_tob_support: μ=0 σ=0.0025[0m
[38;21mINFO:fitter.py:     material_tec_active_R1: μ=0 σ=0.0004[0m
[38;21mINFO:fitter.py:     material_tec_active_R2: μ=0 σ=0.0004[0m
[38;21mINFO:fitter.py:     material_tec_active_R3: μ=0 σ=0.0004[0m
[38;21mINFO:fitter.py:     material_tec_active_R4: μ=0 σ=0.0004[0m
[38;21mINFO:fitter.py:     material_tec_active_R5: μ=0 σ=0.0004[0m
[38;21mINFO:fitter.py:     material_tec_active_R6: μ=0 σ=0.0004[0m
[38;21mINFO:fitter.py:     material_tec_active_R7: μ=0 σ=0.0004[0m
[38;21mINFO:fitter.py:     material_tec_services: μ=0 σ=0.01[0m
[38;21mINFO:fitter.py:     material_tec_structure: μ=0 σ=0.0025[0m
[38;21mINFO:fitter.py:     material_thermal_screen: μ=0 σ=0.0025[0m
[38;21mINFO:fitter.py:     material_support_tube: μ=0 σ=0.0025[0m
[38;21mINFO:fitter.py:     material_pp1_cables: μ=0 σ=0.01[0m
[38;21mINFO:fitter.py:     material_pixel_patch: μ=0 σ=0.01[0m
[38;21mINFO:fitter.py:     hitres_pix_x_q0: μ=0 σ=1[0m
[38;21mINFO:fitter.py:     hitres_pix_x_q1: μ=0 σ=1[0m
[38;21mINFO:fitter.py:     hitres_pix_x_q2: μ=0 σ=1[0m
[38;21mINFO:fitter.py:     hitres_pix_x_q3: μ=0 σ=1[0m
[38;21mINFO:fitter.py:     hitres_pix_y_q0: μ=0 σ=1[0m
[38;21mINFO:fitter.py:     hitres_pix_y_q1: μ=0 σ=1[0m
[38;21mINFO:fitter.py:     hitres_pix_y_q2: μ=0 σ=1[0m
[38;21mINFO:fitter.py:     hitres_pix_y_q3: μ=0 σ=1[0m
[38;21mINFO:fitter.py:     hitres_str_N1_lo: μ=0 σ=1[0m
[38;21mINFO:fitter.py:     hitres_str_N1_hi: μ=0 σ=1[0m
[38;21mINFO:fitter.py:     hitres_str_N2_lo: μ=0 σ=1[0m
[38;21mINFO:fitter.py:     hitres_str_N2_hi: μ=0 σ=1[0m
[38;21mINFO:fitter.py:     hitres_str_N3_lo: μ=0 σ=1[0m
[38;21mINFO:fitter.py:     hitres_str_N3_hi: μ=0 σ=1[0m
[38;21mINFO:fitter.py:     hitres_str_N4_lo: μ=0 σ=1[0m
[38;21mINFO:fitter.py:     hitres_str_N4_hi: μ=0 σ=1[0m
[38;21mINFO:fitter.py:     hitres_str_N5_lo: μ=0 σ=1[0m
[38;21mINFO:fitter.py:     hitres_str_N5_hi: μ=0 σ=1[0m
[38;21mINFO:fitter.py:     beamwidth_x: μ=0 σ=0.05476[0m
[38;21mINFO:fitter.py:     beamwidth_y: μ=0 σ=0.05476[0m
[38;21mINFO:fitter.py: unbinned term 'bsx': 112 candidates in 1 chunk(s) of 112, graph loop[0m
[38;21mINFO:fitter.py: unbinned term 'bsy': 112 candidates in 1 chunk(s) of 112, graph loop[0m
[38;21mINFO:fitter.py: 2 unbinned term(s): the Hessian is assembled from Hessian-vector products rather than from the vectorised jacobian, and the HVP is revrev.[0m
[38;21mINFO:fitter.py: Perform iterative fit[0m
[38;21mINFO:fitter.py: [minimize] method=trust-krylov options={}[0m
[38;21mINFO:rabbit_fit.py: profile beta[0m
[38;21mINFO:rabbit_fit.py: edmval: 4.2591548529211796e-17[0m
[38;21mINFO:rabbit_fit.py: Unbinned likelihood terms contribute 336.144621 to the NLL; the saturated chi2 below is for the binned likelihood only[0m
[38;21mINFO:rabbit_fit.py: Saturated chi2:[0m
[38;21mINFO:rabbit_fit.py:     ndof: -61[0m
[38;21mINFO:rabbit_fit.py:     2*deltaNLL: 3.2[0m
[38;21mINFO:rabbit_fit.py:     p-value: nan%[0m
/work/submit/david_w/WRemnants_dev/wums/wums/ioutils.py:160: FutureWarning: .metadata was not set, returning None instead of Attribute error, boost-histogram 1.7+ will error.
  metadata = obj.metadata if hasattr(obj, "metadata") else None
Results written in file /ceph/submit/data/user/d/david_w/ZMass/cvh/runs_vtxres_260911/beamline/runs_smoke/fits/bs_cf/fitresults.hdf5
[38;21mINFO:rabbit_fit.py: 27.51 seconds total time[0m
param models: --paramModel UnbinnedParams
WARNING: All log messages before absl::InitializeLog() is called are written to STDERR
I0000 00:00:1789266451.447076 1603037 port.cc:153] oneDNN custom operations are on. You may see slightly different numerical results due to floating-point round-off errors from different computation orders. To turn them off, set the environment variable `TF_ENABLE_ONEDNN_OPTS=0`.
WARNING: All log messages before absl::InitializeLog() is called are written to STDERR
I0000 00:00:1789266455.728332 1603037 port.cc:153] oneDNN custom operations are on. You may see slightly different numerical results due to floating-point round-off errors from different computation orders. To turn them off, set the environment variable `TF_ENABLE_ONEDNN_OPTS=0`.
E0000 00:00:1789266461.030181 1603037 cuda_platform.cc:52] failed call to cuInit: INTERNAL: CUDA error: Failed call to cuInit: UNKNOWN ERROR (303)
calib_dummy {'axes': [Integer(0, 1, underflow=False, overflow=False, name='bin')], 'masked': False, 'flow': False, 'start': 0, 'stop': 1}
[38;21mINFO:unbinned.py: Loaded unbinned term 'bsx' (kind MaterialCF, channel jpsi): 112 candidates, 1 chunk(s) of 112, parameters ['material_other', 'material_beampipe', 'material_bpix_active_L1', 'material_bpix_active_L2', 'material_bpix_active_L3', 'material_bpix_services', 'material_bpix_support6', 'material_bpix_support7', 'material_fpix_active_D1', 'material_fpix_active_D2', 'material_fpix_support', 'material_tib_active_L1', 'material_tib_active_L2', 'material_tib_active_L3', 'material_tib_active_L4', 'material_tibtid_services', 'material_tib_support', 'material_tid_active_R1', 'material_tid_active_R2', 'material_tid_active_R3', 'material_tid_support', 'material_tob_active_L1', 'material_tob_active_L2', 'material_tob_active_L3', 'material_tob_active_L4', 'material_tob_active_L5', 'material_tob_active_L6', 'material_tob_services', 'material_tob_support', 'material_tec_active_R1', 'material_tec_active_R2', 'material_tec_active_R3', 'material_tec_active_R4', 'material_tec_active_R5', 'material_tec_active_R6', 'material_tec_active_R7', 'material_tec_services', 'material_tec_structure', 'material_thermal_screen', 'material_support_tube', 'material_pp1_cables', 'material_pixel_patch', 'hitres_pix_x_q0', 'hitres_pix_x_q1', 'hitres_pix_x_q2', 'hitres_pix_x_q3', 'hitres_pix_y_q0', 'hitres_pix_y_q1', 'hitres_pix_y_q2', 'hitres_pix_y_q3', 'hitres_str_N1_lo', 'hitres_str_N1_hi', 'hitres_str_N2_lo', 'hitres_str_N2_hi', 'hitres_str_N3_lo', 'hitres_str_N3_hi', 'hitres_str_N4_lo', 'hitres_str_N4_hi', 'hitres_str_N5_lo', 'hitres_str_N5_hi', 'beamwidth_x', 'beamwidth_y'][0m
[38;21mINFO:unbinned.py: Loaded unbinned term 'bsy' (kind MaterialCF, channel jpsi): 112 candidates, 1 chunk(s) of 112, parameters ['material_other', 'material_beampipe', 'material_bpix_active_L1', 'material_bpix_active_L2', 'material_bpix_active_L3', 'material_bpix_services', 'material_bpix_support6', 'material_bpix_support7', 'material_fpix_active_D1', 'material_fpix_active_D2', 'material_fpix_support', 'material_tib_active_L1', 'material_tib_active_L2', 'material_tib_active_L3', 'material_tib_active_L4', 'material_tibtid_services', 'material_tib_support', 'material_tid_active_R1', 'material_tid_active_R2', 'material_tid_active_R3', 'material_tid_support', 'material_tob_active_L1', 'material_tob_active_L2', 'material_tob_active_L3', 'material_tob_active_L4', 'material_tob_active_L5', 'material_tob_active_L6', 'material_tob_services', 'material_tob_support', 'material_tec_active_R1', 'material_tec_active_R2', 'material_tec_active_R3', 'material_tec_active_R4', 'material_tec_active_R5', 'material_tec_active_R6', 'material_tec_active_R7', 'material_tec_services', 'material_tec_structure', 'material_thermal_screen', 'material_support_tube', 'material_pp1_cables', 'material_pixel_patch', 'hitres_pix_x_q0', 'hitres_pix_x_q1', 'hitres_pix_x_q2', 'hitres_pix_x_q3', 'hitres_pix_y_q0', 'hitres_pix_y_q1', 'hitres_pix_y_q2', 'hitres_pix_y_q3', 'hitres_str_N1_lo', 'hitres_str_N1_hi', 'hitres_str_N2_lo', 'hitres_str_N2_hi', 'hitres_str_N3_lo', 'hitres_str_N3_hi', 'hitres_str_N4_lo', 'hitres_str_N4_hi', 'hitres_str_N5_lo', 'hitres_str_N5_hi', 'beamwidth_x', 'beamwidth_y'][0m
[38;21mINFO:unbinned_params.py: UnbinnedParams: 62 POI(s) ['material_other', 'material_beampipe', 'material_bpix_active_L1', 'material_bpix_active_L2', 'material_bpix_active_L3', 'material_bpix_services', 'material_bpix_support6', 'material_bpix_support7', 'material_fpix_active_D1', 'material_fpix_active_D2', 'material_fpix_support', 'material_tib_active_L1', 'material_tib_active_L2', 'material_tib_active_L3', 'material_tib_active_L4', 'material_tibtid_services', 'material_tib_support', 'material_tid_active_R1', 'material_tid_active_R2', 'material_tid_active_R3', 'material_tid_support', 'material_tob_active_L1', 'material_tob_active_L2', 'material_tob_active_L3', 'material_tob_active_L4', 'material_tob_active_L5', 'material_tob_active_L6', 'material_tob_services', 'material_tob_support', 'material_tec_active_R1', 'material_tec_active_R2', 'material_tec_active_R3', 'material_tec_active_R4', 'material_tec_active_R5', 'material_tec_active_R6', 'material_tec_active_R7', 'material_tec_services', 'material_tec_structure', 'material_thermal_screen', 'material_support_tube', 'material_pp1_cables', 'material_pixel_patch', 'hitres_pix_x_q0', 'hitres_pix_x_q1', 'hitres_pix_x_q2', 'hitres_pix_x_q3', 'hitres_pix_y_q0', 'hitres_pix_y_q1', 'hitres_pix_y_q2', 'hitres_pix_y_q3', 'hitres_str_N1_lo', 'hitres_str_N1_hi', 'hitres_str_N2_lo', 'hitres_str_N2_hi', 'hitres_str_N3_lo', 'hitres_str_N3_hi', 'hitres_str_N4_lo', 'hitres_str_N4_hi', 'hitres_str_N5_lo', 'hitres_str_N5_hi', 'beamwidth_x', 'beamwidth_y'], 0 nuisance(s) [], 60 with a Gaussian prior[0m
[38;21mINFO:fitter.py: Unblinding 62 parameters: ['material_other', 'material_beampipe', 'material_bpix_active_L1', 'material_bpix_active_L2', 'material_bpix_active_L3', 'material_bpix_services', 'material_bpix_support6', 'material_bpix_support7', 'material_fpix_active_D1', 'material_fpix_active_D2', 'material_fpix_support', 'material_tib_active_L1', 'material_tib_active_L2', 'material_tib_active_L3', 'material_tib_active_L4', 'material_tibtid_services', 'material_tib_support', 'material_tid_active_R1', 'material_tid_active_R2', 'material_tid_active_R3', 'material_tid_support', 'material_tob_active_L1', 'material_tob_active_L2', 'material_tob_active_L3', 'material_tob_active_L4', 'material_tob_active_L5', 'material_tob_active_L6', 'material_tob_services', 'material_tob_support', 'material_tec_active_R1', 'material_tec_active_R2', 'material_tec_active_R3', 'material_tec_active_R4', 'material_tec_active_R5', 'material_tec_active_R6', 'material_tec_active_R7', 'material_tec_services', 'material_tec_structure', 'material_thermal_screen', 'material_support_tube', 'material_pp1_cables', 'material_pixel_patch', 'hitres_pix_x_q0', 'hitres_pix_x_q1', 'hitres_pix_x_q2', 'hitres_pix_x_q3', 'hitres_pix_y_q0', 'hitres_pix_y_q1', 'hitres_pix_y_q2', 'hitres_pix_y_q3', 'hitres_str_N1_lo', 'hitres_str_N1_hi', 'hitres_str_N2_lo', 'hitres_str_N2_hi', 'hitres_str_N3_lo', 'hitres_str_N3_hi', 'hitres_str_N4_lo', 'hitres_str_N4_hi', 'hitres_str_N5_lo', 'hitres_str_N5_hi', 'beamwidth_x', 'beamwidth_y'][0m
[38;21mINFO:fitter.py: [paramPriors] applying Gaussian priors to 60/62 ParamModel params:[0m
[38;21mINFO:fitter.py:     material_other: μ=0 σ=0.04[0m
[38;21mINFO:fitter.py:     material_beampipe: μ=0 σ=0.0001[0m
[38;21mINFO:fitter.py:     material_bpix_active_L1: μ=0 σ=0.0004[0m
[38;21mINFO:fitter.py:     material_bpix_active_L2: μ=0 σ=0.0004[0m
[38;21mINFO:fitter.py:     material_bpix_active_L3: μ=0 σ=0.0004[0m
[38;21mINFO:fitter.py:     material_bpix_services: μ=0 σ=0.01[0m
[38;21mINFO:fitter.py:     material_bpix_support6: μ=0 σ=0.0025[0m
[38;21mINFO:fitter.py:     material_bpix_support7: μ=0 σ=0.01[0m
[38;21mINFO:fitter.py:     material_fpix_active_D1: μ=0 σ=0.0004[0m
[38;21mINFO:fitter.py:     material_fpix_active_D2: μ=0 σ=0.0004[0m
[38;21mINFO:fitter.py:     material_fpix_support: μ=0 σ=0.0025[0m
[38;21mINFO:fitter.py:     material_tib_active_L1: μ=0 σ=0.0004[0m
[38;21mINFO:fitter.py:     material_tib_active_L2: μ=0 σ=0.0004[0m
[38;21mINFO:fitter.py:     material_tib_active_L3: μ=0 σ=0.0004[0m
[38;21mINFO:fitter.py:     material_tib_active_L4: μ=0 σ=0.0004[0m
[38;21mINFO:fitter.py:     material_tibtid_services: μ=0 σ=0.01[0m
[38;21mINFO:fitter.py:     material_tib_support: μ=0 σ=0.0025[0m
[38;21mINFO:fitter.py:     material_tid_active_R1: μ=0 σ=0.0004[0m
[38;21mINFO:fitter.py:     material_tid_active_R2: μ=0 σ=0.0004[0m
[38;21mINFO:fitter.py:     material_tid_active_R3: μ=0 σ=0.0004[0m
[38;21mINFO:fitter.py:     material_tid_support: μ=0 σ=0.0025[0m
[38;21mINFO:fitter.py:     material_tob_active_L1: μ=0 σ=0.0004[0m
[38;21mINFO:fitter.py:     material_tob_active_L2: μ=0 σ=0.0004[0m
[38;21mINFO:fitter.py:     material_tob_active_L3: μ=0 σ=0.0004[0m
[38;21mINFO:fitter.py:     material_tob_active_L4: μ=0 σ=0.0004[0m
[38;21mINFO:fitter.py:     material_tob_active_L5: μ=0 σ=0.0004[0m
[38;21mINFO:fitter.py:     material_tob_active_L6: μ=0 σ=0.0004[0m
[38;21mINFO:fitter.py:     material_tob_services: μ=0 σ=0.01[0m
[38;21mINFO:fitter.py:     material_tob_support: μ=0 σ=0.0025[0m
[38;21mINFO:fitter.py:     material_tec_active_R1: μ=0 σ=0.0004[0m
[38;21mINFO:fitter.py:     material_tec_active_R2: μ=0 σ=0.0004[0m
[38;21mINFO:fitter.py:     material_tec_active_R3: μ=0 σ=0.0004[0m
[38;21mINFO:fitter.py:     material_tec_active_R4: μ=0 σ=0.0004[0m
[38;21mINFO:fitter.py:     material_tec_active_R5: μ=0 σ=0.0004[0m
[38;21mINFO:fitter.py:     material_tec_active_R6: μ=0 σ=0.0004[0m
[38;21mINFO:fitter.py:     material_tec_active_R7: μ=0 σ=0.0004[0m
[38;21mINFO:fitter.py:     material_tec_services: μ=0 σ=0.01[0m
[38;21mINFO:fitter.py:     material_tec_structure: μ=0 σ=0.0025[0m
[38;21mINFO:fitter.py:     material_thermal_screen: μ=0 σ=0.0025[0m
[38;21mINFO:fitter.py:     material_support_tube: μ=0 σ=0.0025[0m
[38;21mINFO:fitter.py:     material_pp1_cables: μ=0 σ=0.01[0m
[38;21mINFO:fitter.py:     material_pixel_patch: μ=0 σ=0.01[0m
[38;21mINFO:fitter.py:     hitres_pix_x_q0: μ=0 σ=1[0m
[38;21mINFO:fitter.py:     hitres_pix_x_q1: μ=0 σ=1[0m
[38;21mINFO:fitter.py:     hitres_pix_x_q2: μ=0 σ=1[0m
[38;21mINFO:fitter.py:     hitres_pix_x_q3: μ=0 σ=1[0m
[38;21mINFO:fitter.py:     hitres_pix_y_q0: μ=0 σ=1[0m
[38;21mINFO:fitter.py:     hitres_pix_y_q1: μ=0 σ=1[0m
[38;21mINFO:fitter.py:     hitres_pix_y_q2: μ=0 σ=1[0m
[38;21mINFO:fitter.py:     hitres_pix_y_q3: μ=0 σ=1[0m
[38;21mINFO:fitter.py:     hitres_str_N1_lo: μ=0 σ=1[0m
[38;21mINFO:fitter.py:     hitres_str_N1_hi: μ=0 σ=1[0m
[38;21mINFO:fitter.py:     hitres_str_N2_lo: μ=0 σ=1[0m
[38;21mINFO:fitter.py:     hitres_str_N2_hi: μ=0 σ=1[0m
[38;21mINFO:fitter.py:     hitres_str_N3_lo: μ=0 σ=1[0m
[38;21mINFO:fitter.py:     hitres_str_N3_hi: μ=0 σ=1[0m
[38;21mINFO:fitter.py:     hitres_str_N4_lo: μ=0 σ=1[0m
[38;21mINFO:fitter.py:     hitres_str_N4_hi: μ=0 σ=1[0m
[38;21mINFO:fitter.py:     hitres_str_N5_lo: μ=0 σ=1[0m
[38;21mINFO:fitter.py:     hitres_str_N5_hi: μ=0 σ=1[0m
[38;21mINFO:fitter.py: unbinned term 'bsx': 112 candidates in 1 chunk(s) of 112, graph loop[0m
[38;21mINFO:fitter.py: unbinned term 'bsy': 112 candidates in 1 chunk(s) of 112, graph loop[0m
[38;21mINFO:fitter.py: 2 unbinned term(s): the Hessian is assembled from Hessian-vector products rather than from the vectorised jacobian, and the HVP is revrev.[0m
[38;21mINFO:fitter.py: Perform iterative fit[0m
[38;21mINFO:fitter.py: [minimize] method=trust-krylov options={}[0m
[38;21mINFO:rabbit_fit.py: profile beta[0m
[38;21mINFO:rabbit_fit.py: edmval: 4.4887107206228364e-18[0m
[38;21mINFO:rabbit_fit.py: Unbinned likelihood terms contribute 335.377166 to the NLL; the saturated chi2 below is for the binned likelihood only[0m
[38;21mINFO:rabbit_fit.py: Saturated chi2:[0m
[38;21mINFO:rabbit_fit.py:     ndof: -61[0m
[38;21mINFO:rabbit_fit.py:     2*deltaNLL: 3.63[0m
[38;21mINFO:rabbit_fit.py:     p-value: nan%[0m
/work/submit/david_w/WRemnants_dev/wums/wums/ioutils.py:160: FutureWarning: .metadata was not set, returning None instead of Attribute error, boost-histogram 1.7+ will error.
  metadata = obj.metadata if hasattr(obj, "metadata") else None
Results written in file /ceph/submit/data/user/d/david_w/ZMass/cvh/runs_vtxres_260911/beamline/runs_smoke/fits/bsfree_cf/fitresults.hdf5
[38;21mINFO:rabbit_fit.py: 27.49 seconds total time[0m
THE EXPECTATION, from the simulated luminous region against the record
  sigma_x  record 10.83 um   simulated 9.66 um   -> k = 0.7956   eps = -0.2044
  sigma_y  record 10.39 um   simulated 9.59 um   -> k = 0.8519   eps = -0.1481

fit                           EDM              eps_x   pull_x              eps_y   pull_y  sigma_x(fit) sigma_y(fit)
--------------------------------------------------------------------------------------------------------------------
bs_cf                     4.26e-17    +0.0023 +- 0.0546     +3.79    -0.0047 +- 0.0546     +2.63   10.84+-0.30   10.37+-0.28
                         corr(beamwidth_x, beamwidth_y) = +0.001
bsfree_cf                 4.49e-18    +0.2643 +- 0.7089     +0.66    -0.5216 +- 0.5141     -0.73   12.18+-3.41    7.19+-3.86
                         corr(beamwidth_x, beamwidth_y) = +0.142

0 fit(s) not certified or unreadable
SMOKECARDDONE
