WARNING: All log messages before absl::InitializeLog() is called are written to STDERR
I0000 00:00:1789259299.185347 1302687 port.cc:153] oneDNN custom operations are on. You may see slightly different numerical results due to floating-point round-off errors from different computation orders. To turn them off, set the environment variable `TF_ENABLE_ONEDNN_OPTS=0`.
WARNING: All log messages before absl::InitializeLog() is called are written to STDERR
I0000 00:00:1789259303.286820 1302687 port.cc:153] oneDNN custom operations are on. You may see slightly different numerical results due to floating-point round-off errors from different computation orders. To turn them off, set the environment variable `TF_ENABLE_ONEDNN_OPTS=0`.
  bsx: standard two-track selection on 10254 candidates
  bsx:     Jpsi_vtxok                        --  (column absent: NOT APPLIED)
  bsx:     finite sigma_m, sigma_v        10254  (100.00 %, -0)
  bsx:     min leg hits >= 8              10254  (100.00 %, -0)
  bsx:     |z_v| < 5                      10254  (100.00 %, -0)
  bsx:     kept                           10254  (100.00 %)
  norm classes: sigma 0.00154..0.0124, members 1000..1000
  truncation normalisation on [-5, 5] sigma, 8 class(es), 2048 t points
E0000 00:00:1789259309.220017 1302687 cuda_platform.cc:52] failed call to cuInit: INTERNAL: CUDA error: Failed call to cuInit: UNKNOWN ERROR (303)
bsx term: 8000 candidates, 170478 group rows (34661 pruned), 102886 hit rows, 60 parameters, arm 'cf'
  norm classes: sigma 0.00149..0.0118, members 1000..1000
  truncation normalisation on [-5, 5] sigma, 8 class(es), 2048 t points
bsy term: 8000 candidates, 171000 group rows (34139 pruned), 102886 hit rows, 60 parameters, arm 'cf'
[20:30:29] bs/cf: H in 117 s, diag -5.4e+04 .. 1.11e+03
[20:30:32] bs/cf: J from 200 batches, |sum_m g_m - g| = 4.55e-13
  norm classes: sigma 0.00154..0.0124, members 1000..1000
  truncation normalisation on [-5, 5] sigma, 8 class(es), 2048 t points
bsx term: 8000 candidates, 167212 group rows (37927 pruned), 102886 hit rows, 60 parameters, arm 'gauss'
  norm classes: sigma 0.00149..0.0118, members 1000..1000
  truncation normalisation on [-5, 5] sigma, 8 class(es), 2048 t points
bsy term: 8000 candidates, 167570 group rows (37569 pruned), 102886 hit rows, 60 parameters, arm 'gauss'
[20:32:34] bs/gauss: H in 118 s, diag -4.54e+04 .. 210
[20:32:36] bs/gauss: J from 200 batches, |sum_m g_m - g| = 4.55e-13
  norm classes: sigma 0.00154..0.0124, members 1000..1000
  truncation normalisation on [-5, 5] sigma, 8 class(es), 2048 t points
bsx term: 8000 candidates, 167312 group rows (37827 pruned), 102886 hit rows, 60 parameters, arm 'gaussq'
  norm classes: sigma 0.00149..0.0118, members 1000..1000
  truncation normalisation on [-5, 5] sigma, 8 class(es), 2048 t points
bsy term: 8000 candidates, 167700 group rows (37439 pruned), 102886 hit rows, 60 parameters, arm 'gaussq'
[20:34:38] bs/gaussq: H in 120 s, diag -4.17e+04 .. 215
[20:34:40] bs/gaussq: J from 200 batches, |sum_m g_m - g| = 7.96e-13
  norm classes: sigma 0.00181..0.00434, members 1000..1000
  truncation normalisation on [-5, 5] sigma, 8 class(es), 2048 t points
vtx term: 8000 candidates, 182967 group rows (22172 pruned), 102886 hit rows, 60 parameters, arm 'cf'
[20:35:46] vtx/cf: H in 64 s, diag -2.36e+04 .. 1.04e+04
[20:35:47] vtx/cf: J from 200 batches, |sum_m g_m - g| = 0
  norm classes: sigma 0.00181..0.00434, members 1000..1000
  truncation normalisation on [-5, 5] sigma, 8 class(es), 2048 t points
vtx term: 8000 candidates, 180021 group rows (25118 pruned), 102886 hit rows, 60 parameters, arm 'gauss'
[20:36:50] vtx/gauss: H in 62 s, diag -2.57e+04 .. 1.42e+04
[20:36:52] vtx/gauss: J from 200 batches, |sum_m g_m - g| = 0
  norm classes: sigma 0.00181..0.00434, members 1000..1000
  truncation normalisation on [-5, 5] sigma, 8 class(es), 2048 t points
vtx term: 8000 candidates, 180136 group rows (25003 pruned), 102886 hit rows, 60 parameters, arm 'gaussq'
[20:37:55] vtx/gaussq: H in 63 s, diag -2.65e+04 .. 9.48e+03
[20:37:57] vtx/gaussq: J from 200 batches, |sum_m g_m - g| = 0
  norm classes: sigma 0.00181..0.00434, members 1000..1000
  truncation normalisation on [-5, 5] sigma, 8 class(es), 2048 t points
vtx term: 8000 candidates, 182967 group rows (22172 pruned), 102886 hit rows, 60 parameters, arm 'cf'
  norm classes: sigma 0.00154..0.0124, members 1000..1000
  truncation normalisation on [-5, 5] sigma, 8 class(es), 2048 t points
bsx term: 8000 candidates, 170478 group rows (34661 pruned), 102886 hit rows, 60 parameters, arm 'cf'
  norm classes: sigma 0.00149..0.0118, members 1000..1000
  truncation normalisation on [-5, 5] sigma, 8 class(es), 2048 t points
bsy term: 8000 candidates, 171000 group rows (34139 pruned), 102886 hit rows, 60 parameters, arm 'cf'
[20:41:01] vtxbs/cf: H in 178 s, diag -7.76e+04 .. 1.15e+04
[20:41:05] vtxbs/cf: J from 200 batches, |sum_m g_m - g| = 1.36e-12
  norm classes: sigma 0.00181..0.00434, members 1000..1000
  truncation normalisation on [-5, 5] sigma, 8 class(es), 2048 t points
vtx term: 8000 candidates, 180021 group rows (25118 pruned), 102886 hit rows, 60 parameters, arm 'gauss'
  norm classes: sigma 0.00154..0.0124, members 1000..1000
  truncation normalisation on [-5, 5] sigma, 8 class(es), 2048 t points
bsx term: 8000 candidates, 167212 group rows (37927 pruned), 102886 hit rows, 60 parameters, arm 'gauss'
  norm classes: sigma 0.00149..0.0118, members 1000..1000
  truncation normalisation on [-5, 5] sigma, 8 class(es), 2048 t points
bsy term: 8000 candidates, 167570 group rows (37569 pruned), 102886 hit rows, 60 parameters, arm 'gauss'
[20:44:13] vtxbs/gauss: H in 183 s, diag -7.12e+04 .. 1.4e+04
[20:44:17] vtxbs/gauss: J from 200 batches, |sum_m g_m - g| = 4.55e-12
  norm classes: sigma 0.00181..0.00434, members 1000..1000
  truncation normalisation on [-5, 5] sigma, 8 class(es), 2048 t points
vtx term: 8000 candidates, 180136 group rows (25003 pruned), 102886 hit rows, 60 parameters, arm 'gaussq'
  norm classes: sigma 0.00154..0.0124, members 1000..1000
  truncation normalisation on [-5, 5] sigma, 8 class(es), 2048 t points
bsx term: 8000 candidates, 167312 group rows (37827 pruned), 102886 hit rows, 60 parameters, arm 'gaussq'
  norm classes: sigma 0.00149..0.0118, members 1000..1000
  truncation normalisation on [-5, 5] sigma, 8 class(es), 2048 t points
bsy term: 8000 candidates, 167700 group rows (37439 pruned), 102886 hit rows, 60 parameters, arm 'gaussq'
[20:47:25] vtxbs/gaussq: H in 185 s, diag -6.82e+04 .. 5.98e+03
[20:47:28] vtxbs/gaussq: J from 200 batches, |sum_m g_m - g| = 1.36e-12
  norm classes: sigma 0.00181..0.00434, members 1000..1000
  truncation normalisation on [-5, 5] sigma, 8 class(es), 2048 t points
vtx term: 8000 candidates, 182967 group rows (22172 pruned), 102886 hit rows, 60 parameters, arm 'cf'
  norm classes: sigma 0.00154..0.0124, members 1000..1000
  truncation normalisation on [-5, 5] sigma, 8 class(es), 2048 t points
bsx term: 8000 candidates, 170478 group rows (34661 pruned), 102886 hit rows, 60 parameters, arm 'cf'
  norm classes: sigma 0.00149..0.0118, members 1000..1000
  truncation normalisation on [-5, 5] sigma, 8 class(es), 2048 t points
bsy term: 8000 candidates, 171000 group rows (34139 pruned), 102886 hit rows, 60 parameters, arm 'cf'
[20:47:37] kernel CF tabulation (8000 samples) built in 0.9 s
mass term: 8000 candidates, 184799 group rows (20340 pruned), 102886 hit rows, 60 parameters, arm 'cf'
[20:51:34] vtxbsmass/cf: H in 237 s, diag -7.78e+04 .. 1.13e+04
[20:51:38] vtxbsmass/cf: J from 200 batches, |sum_m g_m - g| = 1.82e-12
  norm classes: sigma 0.00181..0.00434, members 1000..1000
  truncation normalisation on [-5, 5] sigma, 8 class(es), 2048 t points
vtx term: 8000 candidates, 180021 group rows (25118 pruned), 102886 hit rows, 60 parameters, arm 'gauss'
  norm classes: sigma 0.00154..0.0124, members 1000..1000
  truncation normalisation on [-5, 5] sigma, 8 class(es), 2048 t points
bsx term: 8000 candidates, 167212 group rows (37927 pruned), 102886 hit rows, 60 parameters, arm 'gauss'
  norm classes: sigma 0.00149..0.0118, members 1000..1000
  truncation normalisation on [-5, 5] sigma, 8 class(es), 2048 t points
bsy term: 8000 candidates, 167570 group rows (37569 pruned), 102886 hit rows, 60 parameters, arm 'gauss'
[20:51:45] kernel CF tabulation (8000 samples) built in 0.9 s
mass term: 8000 candidates, 186135 group rows (19004 pruned), 102886 hit rows, 60 parameters, arm 'gauss'
[20:55:47] vtxbsmass/gauss: H in 241 s, diag -7.13e+04 .. 1.4e+04
[20:55:51] vtxbsmass/gauss: J from 200 batches, |sum_m g_m - g| = 9.09e-13
  norm classes: sigma 0.00181..0.00434, members 1000..1000
  truncation normalisation on [-5, 5] sigma, 8 class(es), 2048 t points
vtx term: 8000 candidates, 180136 group rows (25003 pruned), 102886 hit rows, 60 parameters, arm 'gaussq'
  norm classes: sigma 0.00154..0.0124, members 1000..1000
  truncation normalisation on [-5, 5] sigma, 8 class(es), 2048 t points
bsx term: 8000 candidates, 167312 group rows (37827 pruned), 102886 hit rows, 60 parameters, arm 'gaussq'
  norm classes: sigma 0.00149..0.0118, members 1000..1000
  truncation normalisation on [-5, 5] sigma, 8 class(es), 2048 t points
bsy term: 8000 candidates, 167700 group rows (37439 pruned), 102886 hit rows, 60 parameters, arm 'gaussq'
[20:55:55] kernel CF tabulation (8000 samples) built in 0.9 s
mass term: 8000 candidates, 182399 group rows (22740 pruned), 102886 hit rows, 60 parameters, arm 'gaussq'
[20:59:59] vtxbsmass/gaussq: H in 244 s, diag -6.84e+04 .. 5.83e+03
[21:00:03] vtxbsmass/gaussq: J from 200 batches, |sum_m g_m - g| = 4.55e-13
[21:00:03] -> /ceph/submit/data/user/d/david_w/ZMass/cvh/runs_vtxres_260911/beamline/runs/fisherHJ.npz
=== channel bs
============================================================================================================
THE GAUSSIAN TERM'S ACTUAL ERROR (sandwich) vs THE ONE IT QUOTES
   8000 tracks, components 'bs', at MC truth, with the parmtype-15 tier priors and 1 on every hit class
============================================================================================================
   cf       H+P rank 60/60, eig +2.420e+00 .. 9.995e+03;  median sandwich/quoted over the informative parameters: 1.385   (bootstrap/sandwich 1.0071)
   gauss    H+P rank 60/60, eig +3.066e+00 .. 9.995e+03;  median sandwich/quoted over the informative parameters: 1.462   (bootstrap/sandwich 0.9954)
   gaussq   H+P rank 60/60, eig +3.162e+00 .. 9.996e+03;  median sandwich/quoted over the informative parameters: 1.460   (bootstrap/sandwich 0.9953)

------------------------------------------------------------------------------------------------------------
MATERIAL GROUPS the term constrains
------------------------------------------------------------------------------------------------------------
parameter                      cf quoted     cf ACTUAL    S/Q  gauss quoted  gauss ACTUAL    S/Q gaussq quoted gaussq ACTUAL    S/Q  EFF marg  EFF alone

------------------------------------------------------------------------------------------------------------
HIT CLASSES
------------------------------------------------------------------------------------------------------------
parameter                      cf quoted     cf ACTUAL    S/Q  gauss quoted  gauss ACTUAL    S/Q gaussq quoted gaussq ACTUAL    S/Q  EFF marg  EFF alone
hitres_pix_y_q1                   0.0861        0.1039   1.21        0.0829        0.1159   1.40        0.0819        0.1143   1.40     1.209      1.186
hitres_pix_x_q1                   0.0904        0.1168   1.29        0.0891        0.1178   1.32        0.0868        0.1144   1.32     0.960      0.995
hitres_pix_y_q0                   0.1234        0.1860   1.51        0.1151        0.1782   1.55        0.1133        0.1751   1.55     0.886      0.872
hitres_pix_x_q3                   0.1412        0.1941   1.37        0.1227        0.1865   1.52        0.1198        0.1825   1.52     0.884      0.889
hitres_pix_x_q2                   0.1455        0.1713   1.18        0.1438        0.1844   1.28        0.1403        0.1797   1.28     1.100      1.097
hitres_str_N2_lo                  0.1518        0.2203   1.45        0.1468        0.2071   1.41        0.1445        0.2040   1.41     0.857      0.916
hitres_pix_y_q2                   0.1551        0.2260   1.46        0.1515        0.2939   1.94        0.1487        0.2876   1.93     1.619      1.499
hitres_str_N1_lo                  0.1751        0.2295   1.31        0.1688        0.2502   1.48        0.1660        0.2459   1.48     1.148      1.180
hitres_str_N3_hi                  0.1856        0.2823   1.52        0.1746        0.2836   1.62        0.1716        0.2785   1.62     0.974      0.931
hitres_str_N3_lo                  0.1864        0.2985   1.60        0.1789        0.3068   1.71        0.1748        0.2985   1.71     1.000      1.024
hitres_pix_y_q3                   0.1954        0.3446   1.76        0.1373        0.3637   2.65        0.1328        0.3454   2.60     1.005      0.955
hitres_pix_x_q0                   0.2341        0.3633   1.55        0.2189        0.3415   1.56        0.2123        0.3292   1.55     0.821      0.817
hitres_str_N2_hi                  0.2579        0.3596   1.39        0.2573        0.3712   1.44        0.2516        0.3622   1.44     1.014      0.998
hitres_str_N4_lo                  0.3209        0.4076   1.27        0.3148        0.4011   1.27        0.3098        0.3951   1.28     0.940      0.963
   EFFICIENCY sigma^2(Gauss, ACTUAL) / sigma^2(CF, actual):  median 0.987   16-84 % 0.876-1.114   min 0.784  max 1.619
   PRIOR-FREE (standalone) efficiency:              median 0.959   16-84 % 0.857-1.120
   (the QUOTED-vs-QUOTED ratio, i.e. what the Gaussian CLAIMS: median 0.902)
   sandwich/quoted, PRIOR-FREE: CF 1.445 (1.000 = the model is right), Gaussian 1.534

READING: EFFICIENCY > 1 means the full PDF constrains that parameter better,
 by that factor in VARIANCE, than the Gaussian chi2 actually does -- as opposed
 to the factor the Gaussian claims.  `S/Q` is each arm's own sandwich-over-quoted:
 it is ~1 when the model describes the data and > 1 when it does not.

wrote /ceph/submit/data/user/d/david_w/ZMass/cvh/runs_vtxres_260911/beamline/runs/eff_bs.npz
=== channel vtx
============================================================================================================
THE GAUSSIAN TERM'S ACTUAL ERROR (sandwich) vs THE ONE IT QUOTES
   8000 tracks, components 'vtx', at MC truth, with the parmtype-15 tier priors and 1 on every hit class
============================================================================================================
   cf       H+P rank 60/60, eig +1.064e+00 .. 9.998e+03;  median sandwich/quoted over the informative parameters: 0.918   (bootstrap/sandwich 0.9970)
   gauss    H+P rank 60/60, eig +1.062e+00 .. 9.997e+03;  median sandwich/quoted over the informative parameters: 1.001   (bootstrap/sandwich 0.9968)
   gaussq   H+P rank 60/60, eig +1.066e+00 .. 9.997e+03;  median sandwich/quoted over the informative parameters: 1.014   (bootstrap/sandwich 0.9971)

------------------------------------------------------------------------------------------------------------
MATERIAL GROUPS the term constrains
------------------------------------------------------------------------------------------------------------
parameter                      cf quoted     cf ACTUAL    S/Q  gauss quoted  gauss ACTUAL    S/Q gaussq quoted gaussq ACTUAL    S/Q  EFF marg  EFF alone

------------------------------------------------------------------------------------------------------------
HIT CLASSES
------------------------------------------------------------------------------------------------------------
parameter                      cf quoted     cf ACTUAL    S/Q  gauss quoted  gauss ACTUAL    S/Q gaussq quoted gaussq ACTUAL    S/Q  EFF marg  EFF alone
hitres_pix_x_q1                   0.0639        0.0664   1.04        0.0633        0.0673   1.06        0.0610        0.0649   1.06     0.956      0.966
hitres_pix_x_q3                   0.0988        0.1107   1.12        0.0897        0.1021   1.14        0.0868        0.0993   1.14     0.805      0.799
hitres_pix_x_q2                   0.1027        0.1063   1.04        0.0976        0.1042   1.07        0.0941        0.1008   1.07     0.900      0.889
hitres_pix_x_q0                   0.1829        0.1977   1.08        0.1800        0.1957   1.09        0.1747        0.1898   1.09     0.922      0.905
hitres_pix_y_q1                   0.2710        0.2844   1.05        0.2707        0.2944   1.09        0.2627        0.2862   1.09     1.013      1.013
hitres_pix_y_q2                   0.4577        0.4643   1.01        0.4492        0.4813   1.07        0.4381        0.4733   1.08     1.039      1.020
hitres_pix_y_q0                   0.4795        0.5116   1.07        0.4024        0.4773   1.19        0.3915        0.4696   1.20     0.842      0.694
hitres_str_N3_lo                  0.4851        0.4600   0.95        0.4678        0.4542   0.97        0.4570        0.4490   0.98     0.953      0.918
hitres_str_N3_hi                  0.5502        0.4537   0.82        0.5446        0.4619   0.85        0.5328        0.4565   0.86     1.012      0.995
hitres_str_N2_lo                  0.5534        0.5535   1.00        0.5406        0.5574   1.03        0.5284        0.5520   1.04     0.994      0.929
hitres_pix_y_q3                   0.5666        0.4970   0.88        0.5039        0.5526   1.10        0.4941        0.5509   1.11     1.229      1.015
hitres_str_N1_lo                  0.5967        0.4396   0.74        0.5950        0.4581   0.77        0.5825        0.4567   0.78     1.080      0.971
hitres_str_N2_hi                  0.6622        0.5884   0.89        0.6463        0.6134   0.95        0.6336        0.6075   0.96     1.066      0.973
hitres_str_N4_hi                  0.7847        0.5116   0.65        0.7894        0.5210   0.66        0.7788        0.5224   0.67     1.043      0.968
   EFFICIENCY sigma^2(Gauss, ACTUAL) / sigma^2(CF, actual):  median 1.026   16-84 % 0.916-1.096   min 0.805  max 1.229
   PRIOR-FREE (standalone) efficiency:              median 0.967   16-84 % 0.901-1.013
   (the QUOTED-vs-QUOTED ratio, i.e. what the Gaussian CLAIMS: median 0.916)
   sandwich/quoted, PRIOR-FREE: CF 1.062 (1.000 = the model is right), Gaussian 1.104

READING: EFFICIENCY > 1 means the full PDF constrains that parameter better,
 by that factor in VARIANCE, than the Gaussian chi2 actually does -- as opposed
 to the factor the Gaussian claims.  `S/Q` is each arm's own sandwich-over-quoted:
 it is ~1 when the model describes the data and > 1 when it does not.

wrote /ceph/submit/data/user/d/david_w/ZMass/cvh/runs_vtxres_260911/beamline/runs/eff_vtx.npz
=== channel vtxbs
============================================================================================================
THE GAUSSIAN TERM'S ACTUAL ERROR (sandwich) vs THE ONE IT QUOTES
   8000 tracks, components 'vtxbs', at MC truth, with the parmtype-15 tier priors and 1 on every hit class
============================================================================================================
   cf       H+P rank 60/60, eig +2.491e+00 .. 9.992e+03;  median sandwich/quoted over the informative parameters: 1.321   (bootstrap/sandwich 1.0036)
   gauss    H+P rank 60/60, eig +3.138e+00 .. 9.993e+03;  median sandwich/quoted over the informative parameters: 1.434   (bootstrap/sandwich 0.9965)
   gaussq   H+P rank 60/60, eig +3.237e+00 .. 9.993e+03;  median sandwich/quoted over the informative parameters: 1.434   (bootstrap/sandwich 0.9966)

------------------------------------------------------------------------------------------------------------
MATERIAL GROUPS the term constrains
------------------------------------------------------------------------------------------------------------
parameter                      cf quoted     cf ACTUAL    S/Q  gauss quoted  gauss ACTUAL    S/Q gaussq quoted gaussq ACTUAL    S/Q  EFF marg  EFF alone

------------------------------------------------------------------------------------------------------------
HIT CLASSES
------------------------------------------------------------------------------------------------------------
parameter                      cf quoted     cf ACTUAL    S/Q  gauss quoted  gauss ACTUAL    S/Q gaussq quoted gaussq ACTUAL    S/Q  EFF marg  EFF alone
hitres_pix_x_q1                   0.0502        0.0601   1.20        0.0496        0.0617   1.24        0.0479        0.0594   1.24     0.978      0.988
hitres_pix_x_q3                   0.0796        0.1072   1.35        0.0709        0.0970   1.37        0.0688        0.0944   1.37     0.774      0.840
hitres_pix_y_q1                   0.0809        0.1001   1.24        0.0779        0.1093   1.40        0.0768        0.1077   1.40     1.156      1.163
hitres_pix_x_q2                   0.0821        0.0984   1.20        0.0789        0.0976   1.24        0.0763        0.0944   1.24     0.921      0.968
hitres_pix_y_q0                   0.1186        0.1845   1.56        0.1097        0.1776   1.62        0.1078        0.1747   1.62     0.896      0.899
hitres_pix_x_q0                   0.1430        0.1828   1.28        0.1378        0.1801   1.31        0.1335        0.1739   1.30     0.905      0.920
hitres_pix_y_q2                   0.1458        0.2044   1.40        0.1422        0.2654   1.87        0.1394        0.2594   1.86     1.611      1.498
hitres_str_N2_lo                  0.1478        0.2211   1.50        0.1428        0.2092   1.46        0.1405        0.2061   1.47     0.869      0.918
hitres_str_N1_lo                  0.1705        0.2208   1.29        0.1647        0.2423   1.47        0.1619        0.2380   1.47     1.162      1.178
hitres_str_N3_lo                  0.1763        0.2772   1.57        0.1692        0.2875   1.70        0.1652        0.2800   1.69     1.020      1.055
hitres_str_N3_hi                  0.1787        0.2652   1.48        0.1686        0.2694   1.60        0.1655        0.2642   1.60     0.993      0.946
hitres_pix_y_q3                   0.1847        0.3146   1.70        0.1310        0.3363   2.57        0.1268        0.3200   2.52     1.035      0.975
hitres_str_N2_hi                  0.2474        0.3539   1.43        0.2459        0.3690   1.50        0.2402        0.3596   1.50     1.033      1.017
hitres_str_N4_lo                  0.3144        0.4044   1.29        0.3084        0.3976   1.29        0.3032        0.3914   1.29     0.937      0.956
   EFFICIENCY sigma^2(Gauss, ACTUAL) / sigma^2(CF, actual):  median 0.985   16-84 % 0.889-1.070   min 0.774  max 1.611
   PRIOR-FREE (standalone) efficiency:              median 0.962   16-84 % 0.882-1.085
   (the QUOTED-vs-QUOTED ratio, i.e. what the Gaussian CLAIMS: median 0.889)
   sandwich/quoted, PRIOR-FREE: CF 1.421 (1.000 = the model is right), Gaussian 1.494

READING: EFFICIENCY > 1 means the full PDF constrains that parameter better,
 by that factor in VARIANCE, than the Gaussian chi2 actually does -- as opposed
 to the factor the Gaussian claims.  `S/Q` is each arm's own sandwich-over-quoted:
 it is ~1 when the model describes the data and > 1 when it does not.

wrote /ceph/submit/data/user/d/david_w/ZMass/cvh/runs_vtxres_260911/beamline/runs/eff_vtxbs.npz
=== channel vtxbsmass
============================================================================================================
THE GAUSSIAN TERM'S ACTUAL ERROR (sandwich) vs THE ONE IT QUOTES
   8000 tracks, components 'vtxbsmass', at MC truth, with the parmtype-15 tier priors and 1 on every hit class
============================================================================================================
   cf       H+P rank 60/60, eig +2.510e+00 .. 9.992e+03;  median sandwich/quoted over the informative parameters: 1.322   (bootstrap/sandwich 1.0044)
   gauss    H+P rank 60/60, eig +3.155e+00 .. 9.993e+03;  median sandwich/quoted over the informative parameters: 1.425   (bootstrap/sandwich 0.9976)
   gaussq   H+P rank 60/60, eig +3.255e+00 .. 9.993e+03;  median sandwich/quoted over the informative parameters: 1.424   (bootstrap/sandwich 0.9973)

------------------------------------------------------------------------------------------------------------
MATERIAL GROUPS the term constrains
------------------------------------------------------------------------------------------------------------
parameter                      cf quoted     cf ACTUAL    S/Q  gauss quoted  gauss ACTUAL    S/Q gaussq quoted gaussq ACTUAL    S/Q  EFF marg  EFF alone

------------------------------------------------------------------------------------------------------------
HIT CLASSES
------------------------------------------------------------------------------------------------------------
parameter                      cf quoted     cf ACTUAL    S/Q  gauss quoted  gauss ACTUAL    S/Q gaussq quoted gaussq ACTUAL    S/Q  EFF marg  EFF alone
hitres_pix_x_q1                   0.0502        0.0602   1.20        0.0495        0.0618   1.25        0.0479        0.0596   1.24     0.978      0.988
hitres_pix_x_q3                   0.0796        0.1072   1.35        0.0709        0.0970   1.37        0.0688        0.0943   1.37     0.774      0.840
hitres_pix_y_q1                   0.0808        0.0996   1.23        0.0778        0.1089   1.40        0.0768        0.1073   1.40     1.160      1.164
hitres_pix_x_q2                   0.0821        0.0983   1.20        0.0789        0.0976   1.24        0.0763        0.0944   1.24     0.922      0.968
hitres_pix_y_q0                   0.1186        0.1842   1.55        0.1096        0.1774   1.62        0.1078        0.1745   1.62     0.897      0.899
hitres_pix_x_q0                   0.1429        0.1822   1.28        0.1377        0.1795   1.30        0.1335        0.1734   1.30     0.905      0.920
hitres_pix_y_q2                   0.1458        0.2041   1.40        0.1422        0.2650   1.86        0.1394        0.2590   1.86     1.611      1.499
hitres_str_N2_lo                  0.1459        0.2154   1.48        0.1414        0.2052   1.45        0.1389        0.2019   1.45     0.878      0.925
hitres_str_N1_lo                  0.1688        0.2147   1.27        0.1634        0.2369   1.45        0.1604        0.2325   1.45     1.173      1.189
hitres_str_N3_lo                  0.1749        0.2728   1.56        0.1681        0.2851   1.70        0.1641        0.2774   1.69     1.034      1.061
hitres_str_N3_hi                  0.1783        0.2641   1.48        0.1683        0.2685   1.60        0.1652        0.2633   1.59     0.994      0.947
hitres_pix_y_q3                   0.1846        0.3151   1.71        0.1310        0.3362   2.57        0.1268        0.3199   2.52     1.031      0.975
hitres_str_N2_hi                  0.2472        0.3545   1.43        0.2457        0.3695   1.50        0.2400        0.3600   1.50     1.032      1.016
hitres_str_N4_lo                  0.3130        0.4060   1.30        0.3073        0.4000   1.30        0.3020        0.3933   1.30     0.939      0.958
   EFFICIENCY sigma^2(Gauss, ACTUAL) / sigma^2(CF, actual):  median 0.986   16-84 % 0.892-1.071   min 0.774  max 1.611
   PRIOR-FREE (standalone) efficiency:              median 0.963   16-84 % 0.883-1.090
   (the QUOTED-vs-QUOTED ratio, i.e. what the Gaussian CLAIMS: median 0.891)
   sandwich/quoted, PRIOR-FREE: CF 1.417 (1.000 = the model is right), Gaussian 1.495

READING: EFFICIENCY > 1 means the full PDF constrains that parameter better,
 by that factor in VARIANCE, than the Gaussian chi2 actually does -- as opposed
 to the factor the Gaussian claims.  `S/Q` is each arm's own sandwich-over-quoted:
 it is ~1 when the model describes the data and > 1 when it does not.

wrote /ceph/submit/data/user/d/david_w/ZMass/cvh/runs_vtxres_260911/beamline/runs/eff_vtxbsmass.npz
================================================================================================
A. FITTED VALUES AT MC TRUTH (no injection) -- value +- error, and the physical amount
================================================================================================
fit                    EDM             NLL   params
bs_cf            1.096e-17             nan       60
vtx_cf           1.953e-13             nan       60
vtxbs_cf         2.416e-13             nan       60
vtxbsm_cf        7.278e-15             nan       60

parameter                      prior      bs_cf k       +-    %mat  /prior     vtx_cf k       +-    %mat  /prior   vtxbs_cf k       +-    %mat  /prior  vtxbsm_cf k       +-    %mat  /prior
material_bpix_services         0.100      -0.0020   0.0982   -0.20   0.982      -0.0035   0.0990   -0.35   0.990      -0.0017   0.0975   -0.17   0.975      -0.0054   0.0969   -0.54   0.969
material_bpix_support6         0.050       0.0597   0.0495    6.15   0.990       0.0236   0.0491    2.39   0.983       0.0790   0.0485    8.22   0.970       0.0819   0.0485    8.54   0.971
material_other                 0.200      -0.0090   0.1988   -0.90   0.994      -0.0067   0.1992   -0.67   0.996      -0.0171   0.1980   -1.70   0.990      -0.0182   0.1978   -1.81   0.989
material_tib_support           0.050       0.0000   0.0498    0.00   0.995      -0.0058   0.0497   -0.58   0.994      -0.0078   0.0494   -0.77   0.989      -0.0095   0.0490   -0.94   0.980
material_tibtid_services       0.100      -0.0049   0.0996   -0.49   0.996       0.0026   0.1000    0.26   1.000       0.0000   0.0997    0.00   0.997      -0.0104   0.0984   -1.04   0.984
material_pixel_patch           0.100      -0.0026   0.0998   -0.26   0.998      -0.0022   0.0999   -0.22   0.999      -0.0044   0.0997   -0.44   0.997      -0.0057   0.0996   -0.57   0.996
material_tec_structure         0.050      -0.0017   0.0499   -0.17   0.998       0.0020   0.0500    0.20   1.000       0.0015   0.0500    0.15   0.999      -0.0008   0.0496   -0.08   0.993
material_tid_support           0.050      -0.0025   0.0499   -0.25   0.998       0.0006   0.0500    0.06   1.000      -0.0014   0.0499   -0.14   0.999      -0.0017   0.0499   -0.17   0.998
material_tec_active_R5         0.020      -0.0001   0.0200   -0.01   1.000      -0.0000   0.0200   -0.00   1.000      -0.0001   0.0200   -0.01   1.000      -0.0001   0.0200   -0.01   1.000
material_tid_active_R2         0.020      -0.0000   0.0200   -0.00   1.000      -0.0000   0.0200   -0.00   1.000      -0.0000   0.0200   -0.00   1.000      -0.0000   0.0200   -0.00   1.000

================================================================================================
B. INJECTION RECOVERY for material_bpix_support6  (physical units)
================================================================================================
   SIGN: the injection scales that group's exponents by exp(+k) in the CARD, i.e.
   it declares the model at k = 0 to already have exp(k) times the material, so
   the MLE moves by -k.  What is tested is |shift| against |truth|.
   PRIOR SHRINKAGE: the group carries its tier prior, and the injection is about
   one prior sigma, so the POSTERIOR only moves by a fraction
   f = sigma_post^2 / sigma_lik^2 of it, with 1/sigma_lik^2 = 1/sigma_post^2 - 1/sigma_pri^2.
   The prior-corrected column divides the shift by that f.
arm            baseline       +-   injected       +-      shift  /truth  f_pri corr/truth pull_lik   leak
bs_cf           0.05969  0.04951    0.05859  0.04936   -0.00109     nan  0.026        nan      nan  0.023
      largest leakage: hitres_pix_x_q1 -0.12 sigma, hitres_pix_x_q2 -0.07 sigma, hitres_pix_y_q1 -0.06 sigma
vtx_cf          0.02362  0.04913    0.02179  0.04898   -0.00182     nan  0.040        nan      nan  0.025
      largest leakage: hitres_pix_x_q1 -0.14 sigma, hitres_pix_x_q2 -0.10 sigma, hitres_pix_x_q3 -0.06 sigma
vtxbs_cf        0.07902  0.04848    0.07583  0.04819   -0.00319     nan  0.071        nan      nan  0.035
      largest leakage: hitres_pix_x_q1 -0.19 sigma, hitres_pix_x_q2 -0.12 sigma, hitres_pix_x_q3 -0.08 sigma
vtxbsm_cf       0.08194  0.04854    0.07886  0.04825   -0.00308     nan  0.069        nan      nan  0.035
      largest leakage: hitres_pix_x_q1 -0.19 sigma, hitres_pix_x_q2 -0.12 sigma, hitres_pix_x_q3 -0.08 sigma
================================================================================================
A. FITTED VALUES AT MC TRUTH (no injection) -- value +- error, and the physical amount
================================================================================================
fit                    EDM             NLL   params
bs_cf            1.096e-17             nan       60
vtx_cf           1.953e-13             nan       60
vtxbs_cf         2.416e-13             nan       60

parameter                      prior      bs_cf k       +-    %mat  /prior     vtx_cf k       +-    %mat  /prior   vtxbs_cf k       +-    %mat  /prior
material_bpix_services         0.100      -0.0020   0.0982   -0.20   0.982      -0.0035   0.0990   -0.35   0.990      -0.0017   0.0975   -0.17   0.975
material_bpix_support6         0.050       0.0597   0.0495    6.15   0.990       0.0236   0.0491    2.39   0.983       0.0790   0.0485    8.22   0.970
material_other                 0.200      -0.0090   0.1988   -0.90   0.994      -0.0067   0.1992   -0.67   0.996      -0.0171   0.1980   -1.70   0.990
material_tib_support           0.050       0.0000   0.0498    0.00   0.995      -0.0058   0.0497   -0.58   0.994      -0.0078   0.0494   -0.77   0.989
material_tibtid_services       0.100      -0.0049   0.0996   -0.49   0.996       0.0026   0.1000    0.26   1.000       0.0000   0.0997    0.00   0.997
material_pixel_patch           0.100      -0.0026   0.0998   -0.26   0.998      -0.0022   0.0999   -0.22   0.999      -0.0044   0.0997   -0.44   0.997
material_tec_structure         0.050      -0.0017   0.0499   -0.17   0.998       0.0020   0.0500    0.20   1.000       0.0015   0.0500    0.15   0.999
material_tid_support           0.050      -0.0025   0.0499   -0.25   0.998       0.0006   0.0500    0.06   1.000      -0.0014   0.0499   -0.14   0.999
material_tec_active_R5         0.020      -0.0001   0.0200   -0.01   1.000      -0.0000   0.0200   -0.00   1.000      -0.0001   0.0200   -0.01   1.000
material_tid_active_R2         0.020      -0.0000   0.0200   -0.00   1.000      -0.0000   0.0200   -0.00   1.000      -0.0000   0.0200   -0.00   1.000

================================================================================================
B. INJECTION RECOVERY for hitres_pix_x_q2  (physical units)
================================================================================================
   SIGN: the injection scales that group's exponents by exp(+k) in the CARD, i.e.
   it declares the model at k = 0 to already have exp(k) times the material, so
   the MLE moves by -k.  What is tested is |shift| against |truth|.
   PRIOR SHRINKAGE: the group carries its tier prior, and the injection is about
   one prior sigma, so the POSTERIOR only moves by a fraction
   f = sigma_post^2 / sigma_lik^2 of it, with 1/sigma_lik^2 = 1/sigma_post^2 - 1/sigma_pri^2.
   The prior-corrected column divides the shift by that f.
arm            baseline       +-   injected       +-      shift  /truth  f_pri corr/truth pull_lik   leak
bs_cf           0.12280  0.16186    0.02322  0.14766   -0.09958     nan    nan        nan      nan  0.001
      largest leakage: hitres_pix_y_q2 -0.00 sigma, hitres_pix_x_q1 -0.00 sigma, hitres_pix_x_q3 -0.00 sigma
vtx_cf          0.34876  0.12291    0.22812  0.11197   -0.12064     nan    nan        nan      nan  0.001
      largest leakage: hitres_str_N3_hi -0.00 sigma, hitres_pix_y_q2 -0.00 sigma, hitres_pix_x_q1 -0.00 sigma
vtxbs_cf        0.26219  0.09659    0.14854  0.08793   -0.11366     nan    nan        nan      nan  0.000
      largest leakage: hitres_pix_x_q1 -0.00 sigma, hitres_pix_y_q2 -0.00 sigma, material_bpix_support6 -0.00 sigma
