THE EXPECTATION, from the simulated luminous region against the record
  sigma_x  record 10.83 um   simulated 10.05 um   -> k = 0.8600   eps = -0.1400
  sigma_y  record 10.39 um   simulated 9.98 um   -> k = 0.9226   eps = -0.0774

fit                           EDM              eps_x   pull_x              eps_y   pull_y  sigma_x(fit) sigma_y(fit)
--------------------------------------------------------------------------------------------------------------------
bs_cf                     7.18e-15    -0.0099 +- 0.0445     +2.93    +0.0355 +- 0.0426     +2.65   10.78+-0.24   10.57+-0.22
                         corr(beamwidth_x, beamwidth_y) = +0.157
vtx_cf                    7.99e-14    -0.0131 +- 0.0540     +2.35    -0.0102 +- 0.0541     +1.24   10.76+-0.29   10.33+-0.28
                         corr(beamwidth_x, beamwidth_y) = -0.004
vtxbs_cf                  4.91e-14    -0.0567 +- 0.0422     +1.97    -0.0257 +- 0.0396     +1.30   10.52+-0.24   10.25+-0.21
                         corr(beamwidth_x, beamwidth_y) = +0.035
vtxbsm_cf                 3.76e-15    -0.0545 +- 0.0422     +2.02    -0.0324 +- 0.0396     +1.13   10.53+-0.24   10.22+-0.21
                         corr(beamwidth_x, beamwidth_y) = +0.035
bsfree_cf                 1.43e-14    -0.0031 +- 0.0798     +1.72    +0.0899 +- 0.0728     +2.30   10.82+-0.43   10.84+-0.36
                         corr(beamwidth_x, beamwidth_y) = +0.401
vtxbsfree_cf              1.69e-15    -0.1394 +- 0.0638     +0.01    -0.0595 +- 0.0567     +0.32   10.05+-0.37   10.07+-0.30
                         corr(beamwidth_x, beamwidth_y) = +0.088
vtxbsmfree_cf             9.00e-16    -0.1350 +- 0.0639     +0.08    -0.0732 +- 0.0564     +0.07   10.08+-0.37   10.00+-0.30
                         corr(beamwidth_x, beamwidth_y) = +0.089

0 fit(s) not certified or unreadable
