   note: /work/submit/david_w/ZMass/calibration_studies/resolution/runs/perhit/fisherHJ_joint_ref.fix.npz carries no `param_units`; its matrices are taken as physical
============================================================================================================
THE GAUSSIAN TERM'S ACTUAL ERROR (sandwich) vs THE ONE IT QUOTES
   10000 tracks, components 'refmass', at MC truth, with the parmtype-15 tier priors and 1 on every hit class
============================================================================================================
   cf       H+P rank 60/60, eig +3.079e+00 .. 9.961e+03;  median sandwich/quoted over the informative parameters: 0.932   (bootstrap/sandwich nan)
   gaussq   H+P rank 60/60, eig +3.139e+00 .. 9.963e+03;  median sandwich/quoted over the informative parameters: 1.022   (bootstrap/sandwich nan)

------------------------------------------------------------------------------------------------------------
MATERIAL GROUPS the term constrains
------------------------------------------------------------------------------------------------------------
parameter                      cf quoted     cf ACTUAL    S/Q gaussq quoted gaussq ACTUAL    S/Q  EFF marg  EFF alone
material_tib_support              0.0334        0.0190   0.57        0.0328        0.0215   0.66     1.280      1.195
material_tec_structure            0.0339        0.0207   0.61        0.0340        0.0217   0.64     1.095      1.046
material_bpix_support6            0.0351        0.0293   0.83        0.0340        0.0347   1.02     1.402      1.331
material_tibtid_services          0.0753        0.0396   0.53        0.0762        0.0447   0.59     1.274      1.186
material_bpix_services            0.0792        0.0487   0.61        0.0797        0.0629   0.79     1.672      1.580
material_tob_support              0.0412        0.0174   0.42        0.0410        0.0183   0.45     1.102      1.110
material_other                    0.1831        0.0680   0.37        0.1790        0.0706   0.39     1.076      0.733
material_tec_services             0.0921        0.0303   0.33        0.0921        0.0373   0.40     1.517      1.454
material_tob_services             0.0926        0.0254   0.27        0.0919        0.0262   0.29     1.065      0.962
material_fpix_support             0.0479        0.0167   0.35        0.0481        0.0216   0.45     1.667      1.805
material_tid_support              0.0483        0.0105   0.22        0.0485        0.0122   0.25     1.347      1.355
material_bpix_support7            0.0974        0.0198   0.20        0.0982        0.0231   0.23     1.359      2.215
   EFFICIENCY sigma^2(Gauss, ACTUAL) / sigma^2(CF, actual):  median 1.313   16-84 % 1.090-1.553   min 1.065  max 1.672
   PRIOR-FREE (standalone) efficiency:              median 1.263   16-84 % 1.026-1.634
   (the QUOTED-vs-QUOTED ratio, i.e. what the Gaussian CLAIMS: median 1.003)
   sandwich/quoted, PRIOR-FREE: CF 0.950 (1.000 = the model is right), Gaussian 1.068

------------------------------------------------------------------------------------------------------------
HIT CLASSES
------------------------------------------------------------------------------------------------------------
parameter                      cf quoted     cf ACTUAL    S/Q gaussq quoted gaussq ACTUAL    S/Q  EFF marg  EFF alone
hitres_pix_y_q1                   0.0268        0.0314   1.17        0.0245        0.0304   1.24     0.934      0.965
hitres_pix_y_q2                   0.0315        0.0371   1.18        0.0278        0.0377   1.36     1.036      1.001
hitres_pix_y_q3                   0.0345        0.0378   1.10        0.0306        0.0445   1.45     1.384      1.364
hitres_pix_x_q2                   0.0390        0.0408   1.05        0.0363        0.0485   1.34     1.414      1.416
hitres_pix_x_q3                   0.0391        0.0420   1.07        0.0366        0.0424   1.16     1.018      1.041
hitres_pix_x_q1                   0.0409        0.0465   1.14        0.0409        0.0566   1.38     1.481      1.476
hitres_pix_y_q0                   0.0715        0.0985   1.38        0.0621        0.0937   1.51     0.904      0.905
hitres_str_N3_hi                  0.0823        0.0770   0.94        0.0808        0.0832   1.03     1.168      1.192
hitres_str_N3_lo                  0.1007        0.0930   0.92        0.0986        0.0971   0.98     1.090      1.121
hitres_str_N2_lo                  0.1063        0.1012   0.95        0.1059        0.1109   1.05     1.201      1.268
hitres_str_N2_hi                  0.1163        0.1136   0.98        0.1163        0.1276   1.10     1.261      1.294
hitres_str_N1_lo                  0.1438        0.1598   1.11        0.1247        0.1590   1.27     0.991      1.027
hitres_str_N4_hi                  0.1571        0.1629   1.04        0.1521        0.1685   1.11     1.069      1.076
hitres_pix_x_q0                   0.1652        0.2885   1.75        0.1387        0.2612   1.88     0.820      0.827
   EFFICIENCY sigma^2(Gauss, ACTUAL) / sigma^2(CF, actual):  median 1.113   16-84 % 0.975-1.339   min 0.820  max 1.481
   PRIOR-FREE (standalone) efficiency:              median 1.117   16-84 % 0.991-1.313
   (the QUOTED-vs-QUOTED ratio, i.e. what the Gaussian CLAIMS: median 0.943)
   sandwich/quoted, PRIOR-FREE: CF 1.082 (1.000 = the model is right), Gaussian 1.191

READING: EFFICIENCY > 1 means the full PDF constrains that parameter better,
 by that factor in VARIANCE, than the Gaussian chi2 actually does -- as opposed
 to the factor the Gaussian claims.  `S/Q` is each arm's own sandwich-over-quoted:
 it is ~1 when the model describes the data and > 1 when it does not.

wrote /work/submit/david_w/ZMass/calibration_studies/resolution/runs/perhit/eff_refmass.fix.npz
