============================================================================================================
THE GAUSSIAN TERM'S ACTUAL ERROR (sandwich) vs THE ONE IT QUOTES
   8000 tracks, components 'ref', at MC truth, with the parmtype-15 tier priors and 1 on every hit class
============================================================================================================
   cf       H+P rank 60/60, eig +3.078e+00 .. 9.960e+03;  median sandwich/quoted over the informative parameters: 0.934   (bootstrap/sandwich 0.9977)
   gauss    H+P rank 60/60, eig +2.961e+00 .. 9.962e+03;  median sandwich/quoted over the informative parameters: 1.001   (bootstrap/sandwich 0.9989)
   gaussq   H+P rank 60/60, eig +3.137e+00 .. 9.962e+03;  median sandwich/quoted over the informative parameters: 1.028   (bootstrap/sandwich 0.9997)

------------------------------------------------------------------------------------------------------------
MATERIAL GROUPS the term constrains   (sigma also scaled to 320000 tracks)
------------------------------------------------------------------------------------------------------------
parameter                      cf quoted     cf ACTUAL    S/Q  gauss quoted  gauss ACTUAL    S/Q gaussq quoted gaussq ACTUAL    S/Q  EFF marg  EFF alone
material_bpix_support6            0.0058        0.0048   0.82        0.0054        0.0054   0.98        0.0056        0.0058   1.03     1.466      1.351
material_tib_support              0.0062        0.0037   0.60        0.0058        0.0041   0.71        0.0060        0.0044   0.74     1.446      1.329
material_bpix_services            0.0134        0.0077   0.57        0.0127        0.0091   0.72        0.0135        0.0105   0.78     1.892      1.874
material_tibtid_services          0.0137        0.0062   0.45        0.0130        0.0063   0.49        0.0139        0.0076   0.55     1.527      1.508
material_other                    0.0289        0.0090   0.31        0.0276        0.0089   0.32        0.0283        0.0096   0.34     1.144      0.772
material_tec_structure            0.0073        0.0025   0.34        0.0071        0.0027   0.38        0.0073        0.0029   0.40     1.413      1.295
material_tob_support              0.0074        0.0022   0.29        0.0072        0.0026   0.35        0.0074        0.0027   0.36     1.510      1.393
material_tec_services             0.0152        0.0034   0.23        0.0151        0.0046   0.31        0.0152        0.0051   0.34     2.227      2.132
material_fpix_support             0.0077        0.0024   0.32        0.0076        0.0032   0.42        0.0077        0.0033   0.43     1.844      2.129
material_tob_services             0.0154        0.0023   0.15        0.0150        0.0025   0.16        0.0153        0.0027   0.18     1.393      0.881
material_tid_support              0.0077        0.0015   0.19        0.0076        0.0017   0.23        0.0078        0.0018   0.23     1.486      1.711
   EFFICIENCY sigma^2(Gauss, ACTUAL) / sigma^2(CF, actual):  median 1.486   16-84 % 1.405-1.863   min 1.144  max 2.227
   PRIOR-FREE (standalone) efficiency:              median 1.393   16-84 % 1.129-1.976
   (the QUOTED-vs-QUOTED ratio, i.e. what the Gaussian CLAIMS: median 0.998)
   sandwich/quoted, PRIOR-FREE: CF 0.999 (1.000 = the model is right), Gaussian 1.237

------------------------------------------------------------------------------------------------------------
HIT CLASSES   (sigma also scaled to 320000 tracks)
------------------------------------------------------------------------------------------------------------
parameter                      cf quoted     cf ACTUAL    S/Q  gauss quoted  gauss ACTUAL    S/Q gaussq quoted gaussq ACTUAL    S/Q  EFF marg  EFF alone
hitres_pix_y_q1                   0.0042        0.0050   1.17        0.0039        0.0048   1.23        0.0039        0.0048   1.24     0.933      0.965
hitres_pix_y_q2                   0.0050        0.0059   1.18        0.0044        0.0060   1.35        0.0044        0.0060   1.36     1.036      1.001
hitres_pix_y_q3                   0.0055        0.0060   1.10        0.0049        0.0071   1.45        0.0048        0.0070   1.45     1.384      1.364
hitres_pix_x_q2                   0.0062        0.0064   1.05        0.0058        0.0078   1.34        0.0057        0.0077   1.34     1.418      1.416
hitres_pix_x_q3                   0.0062        0.0066   1.07        0.0059        0.0068   1.16        0.0058        0.0067   1.16     1.019      1.041
hitres_pix_x_q1                   0.0065        0.0074   1.14        0.0066        0.0092   1.39        0.0065        0.0090   1.38     1.483      1.476
hitres_pix_y_q0                   0.0113        0.0156   1.38        0.0099        0.0150   1.51        0.0098        0.0148   1.51     0.904      0.905
hitres_str_N3_hi                  0.0130        0.0122   0.94        0.0131        0.0135   1.03        0.0128        0.0132   1.03     1.164      1.192
hitres_str_N3_lo                  0.0160        0.0147   0.92        0.0163        0.0157   0.96        0.0157        0.0152   0.97     1.081      1.121
hitres_str_N2_lo                  0.0169        0.0160   0.95        0.0174        0.0181   1.04        0.0168        0.0175   1.04     1.201      1.268
hitres_str_N2_hi                  0.0184        0.0179   0.97        0.0188        0.0205   1.09        0.0184        0.0201   1.09     1.260      1.294
hitres_str_N1_lo                  0.0228        0.0252   1.11        0.0204        0.0262   1.28        0.0198        0.0251   1.27     0.992      1.027
hitres_str_N4_hi                  0.0249        0.0258   1.04        0.0248        0.0273   1.10        0.0241        0.0267   1.11     1.069      1.076
hitres_pix_x_q0                   0.0261        0.0456   1.75        0.0230        0.0443   1.93        0.0219        0.0413   1.88     0.819      0.827
   EFFICIENCY sigma^2(Gauss, ACTUAL) / sigma^2(CF, actual):  median 1.108   16-84 % 0.975-1.338   min 0.819  max 1.483
   PRIOR-FREE (standalone) efficiency:              median 1.117   16-84 % 0.991-1.313
   (the QUOTED-vs-QUOTED ratio, i.e. what the Gaussian CLAIMS: median 0.943)
   sandwich/quoted, PRIOR-FREE: CF 1.082 (1.000 = the model is right), Gaussian 1.191

READING: EFFICIENCY > 1 means the full PDF constrains that parameter better,
 by that factor in VARIANCE, than the Gaussian chi2 actually does -- as opposed
 to the factor the Gaussian claims.  `S/Q` is each arm's own sandwich-over-quoted:
 it is ~1 when the model describes the data and > 1 when it does not.

wrote /work/submit/david_w/ZMass/calibration_studies/resolution/runs/perhit/eff_ref.npz
