   note: /work/submit/david_w/ZMass/calibration_studies/resolution/runs/perhit/fisherHJ_joint.fix.npz carries no `param_units`; its matrices are taken as physical
============================================================================================================
THE GAUSSIAN TERM'S ACTUAL ERROR (sandwich) vs THE ONE IT QUOTES
   10000 tracks, components 'res', at MC truth, with the parmtype-15 tier priors and 1 on every hit class
============================================================================================================
   cf       H+P rank 60/60, eig +2.753e+01 .. 1.000e+04;  median sandwich/quoted over the informative parameters: 0.964   (bootstrap/sandwich nan)
   gaussq   H+P rank 60/60, eig +2.768e+01 .. 1.000e+04;  median sandwich/quoted over the informative parameters: 0.982   (bootstrap/sandwich nan)

------------------------------------------------------------------------------------------------------------
MATERIAL GROUPS the term constrains
------------------------------------------------------------------------------------------------------------
parameter                      cf quoted     cf ACTUAL    S/Q gaussq quoted gaussq ACTUAL    S/Q  EFF marg  EFF alone
material_tib_support              0.0453        0.0177   0.39        0.0451        0.0192   0.43     1.172      1.099
material_bpix_services            0.0920        0.0290   0.31        0.0922        0.0298   0.32     1.059      1.157
material_tibtid_services          0.0947        0.0154   0.16        0.0952        0.0157   0.17     1.049      1.269
material_other                    0.1906        0.0269   0.14        0.1901        0.0286   0.15     1.135      1.021
material_tec_structure            0.0486        0.0053   0.11        0.0487        0.0053   0.11     1.017      1.233
material_pixel_patch              0.0974        0.0096   0.10        0.0974        0.0104   0.11     1.183      1.186
   EFFICIENCY sigma^2(Gauss, ACTUAL) / sigma^2(CF, actual):  median 1.097   16-84 % 1.043-1.174   min 1.017  max 1.183
   PRIOR-FREE (standalone) efficiency:              median 1.171   16-84 % 1.083-1.240
   (the QUOTED-vs-QUOTED ratio, i.e. what the Gaussian CLAIMS: median 1.003)
   sandwich/quoted, PRIOR-FREE: CF 0.529 (1.000 = the model is right), Gaussian 0.563

------------------------------------------------------------------------------------------------------------
HIT CLASSES
------------------------------------------------------------------------------------------------------------
parameter                      cf quoted     cf ACTUAL    S/Q gaussq quoted gaussq ACTUAL    S/Q  EFF marg  EFF alone
hitres_str_N3_lo                  0.0156        0.0135   0.86        0.0155        0.0135   0.87     1.004      1.006
hitres_str_N2_lo                  0.0158        0.0149   0.94        0.0157        0.0149   0.95     0.998      1.000
hitres_str_N1_lo                  0.0193        0.0172   0.89        0.0192        0.0172   0.90     1.007      1.008
hitres_str_N3_hi                  0.0249        0.0223   0.89        0.0248        0.0224   0.90     1.011      1.021
hitres_str_N2_hi                  0.0348        0.0325   0.93        0.0347        0.0324   0.93     0.995      1.002
hitres_pix_x_q1                   0.0359        0.0357   0.99        0.0350        0.0366   1.05     1.051      1.069
hitres_pix_x_q3                   0.0375        0.0403   1.08        0.0364        0.0406   1.12     1.011      1.026
hitres_pix_y_q1                   0.0384        0.0418   1.09        0.0378        0.0419   1.11     1.004      1.009
hitres_str_N4_lo                  0.0406        0.0696   1.72        0.0406        0.0696   1.71     0.999      0.998
hitres_pix_x_q2                   0.0419        0.0445   1.06        0.0411        0.0434   1.06     0.952      0.950
hitres_pix_y_q3                   0.0435        0.0428   0.99        0.0424        0.0430   1.01     1.009      1.016
hitres_pix_y_q2                   0.0455        0.0554   1.22        0.0441        0.0547   1.24     0.976      0.977
hitres_pix_y_q0                   0.0524        0.0908   1.73        0.0485        0.0815   1.68     0.806      0.807
hitres_str_N4_hi                  0.0537        0.0691   1.29        0.0530        0.0683   1.29     0.975      0.976
   EFFICIENCY sigma^2(Gauss, ACTUAL) / sigma^2(CF, actual):  median 0.999   16-84 % 0.969-1.010   min 0.573  max 1.051
   PRIOR-FREE (standalone) efficiency:              median 1.001   16-84 % 0.969-1.018
   (the QUOTED-vs-QUOTED ratio, i.e. what the Gaussian CLAIMS: median 0.981)
   sandwich/quoted, PRIOR-FREE: CF 1.067 (1.000 = the model is right), Gaussian 1.090

READING: EFFICIENCY > 1 means the full PDF constrains that parameter better,
 by that factor in VARIANCE, than the Gaussian chi2 actually does -- as opposed
 to the factor the Gaussian claims.  `S/Q` is each arm's own sandwich-over-quoted:
 it is ~1 when the model describes the data and > 1 when it does not.

wrote /work/submit/david_w/ZMass/calibration_studies/resolution/runs/perhit/eff_res.fix.npz
