# 160 files
# 20000 rows
# 20000 rows with d > 0

=== GATE 1: d = n_meas - 5, and sum_k z_k^2 = chi2
  d == n_meas - 5 : 20000/20000  violations 0
  n_meas == nvalid + nvalidpixel : 20000/20000
  |sum z^2 - chi2|/chi2 : median 2.427e-08  p90 5.763e-08  max 2.079e-05
  (in-maker phres_chi2 vs recomputed: max 4.657e-06)

=== GATE 2: sum_b v^(k)_b = 1 per component
  maker phres_vchk (max_k |sum_b v - 1|): median 3.675e-07  p90 4.666e-06  p99 5.579e-05  max 4.507e-02
  rank gap lambda_d/lambda_(d+1): median 1.140e+15  p10 5.301e+14  min 7.938e+13

=== GATE 3: Var(z_k) = 1 under the fit's own Q
  per-hit components pooled: N 288991  mean +0.01079  var 0.95841  skew +0.009  kurt 3.434
  truth-referenced components pooled: N 100000  mean -0.00351  var 1.25587  skew +0.431  kurt 22.200
  per component index k (per-hit only):  k  N   mean      var
     0 20000   +0.0905    1.0117
     1 20000   +0.0039    1.0300
     2 19998   +0.0151    1.0037
     3 19998   +0.0050    0.9907
     4 19986   +0.0072    0.9644
     5 19952   +0.0007    0.9602
     6 19882   +0.0021    0.9571
     7 19678   +0.0077    0.9439
     8 19287   -0.0060    0.9466
     9 18579   +0.0095    0.9416
    10 17379   -0.0023    0.9645
    11 15600   +0.0135    0.9514
    12 13472   +0.0165    0.9350
    13 11065   +0.0095    0.9362
    14  8818   -0.0030    0.8999
    15  6811   +0.0061    0.8848
    16  5308   -0.0179    0.8670
    17  4076   -0.0127    0.8222
    18  3102   -0.0069    0.8937
    19  2266   +0.0301    0.7972
    20  1556   +0.0198    0.8615
    21  1006   -0.0462    0.8807
    22   592   +0.0069    0.8477
    23   326   -0.0171    0.8632
    24   149   +0.0488    0.9867
  Cholesky conditioning G_kk/piv_k: median 3.896  p90 473.877  p99 22477852876.800  max 9.97e+11

=== GATE 4: Cov(z, truth-referenced pull) = 0
  19999 rows with a usable 5-pull
  Var(pull_j): [1.0699 1.069  1.0685 1.0932 1.904 ]
   k   N     corr(z_k, pull_qp)  pull_lam   pull_phi   pull_d0   pull_z0
    0 19999    +0.0096   -0.0067   +0.0048   -0.0171   +0.0020
    1 19999    -0.0067   +0.0027   -0.0038   -0.0021   +0.0031
    2 19997    -0.0012   -0.0122   +0.0143   -0.0068   +0.0004
    3 19997    -0.0122   +0.0012   -0.0132   -0.0051   -0.0100
    4 19985    +0.0095   +0.0056   +0.0001   -0.0125   -0.0043
    5 19951    +0.0044   +0.0067   +0.0114   -0.0076   +0.0060
    6 19881    +0.0095   +0.0050   +0.0024   -0.0074   -0.0000
    7 19677    +0.0109   +0.0069   -0.0045   -0.0041   +0.0134
    8 19286    +0.0016   +0.0044   +0.0046   -0.0055   -0.0120
    9 18578    +0.0089   -0.0058   -0.0057   -0.0006   -0.0110
   10 17378    +0.0011   +0.0107   +0.0122   +0.0039   -0.0094
   11 15600    -0.0075   -0.0033   +0.0098   +0.0150   +0.0194
   12 13472    +0.0118   +0.0051   -0.0001   -0.0037   +0.0036
   13 11065    -0.0097   +0.0211   -0.0043   +0.0057   -0.0072
   14  8818    -0.0227   +0.0123   +0.0113   +0.0097   -0.0027
   15  6811    +0.0034   +0.0068   +0.0007   -0.0032   -0.0012
   16  5308    -0.0204   +0.0037   +0.0144   -0.0167   -0.0161
   17  4076    -0.0021   -0.0064   -0.0090   -0.0065   -0.0084
   18  3102    +0.0244   -0.0194   +0.0166   -0.0153   +0.0320
   19  2266    -0.0303   +0.0208   +0.0187   -0.0132   -0.0199
   20  1556    -0.0214   +0.0334   -0.0149   -0.0227   -0.0305
   21  1006    -0.0050   -0.0333   -0.0432   -0.0244   -0.0135
   22   592    +0.0090   -0.0120   -0.0259   -0.0457   -0.0604
   23   326    -0.0405   +0.0253   +0.0569   +0.0176   -0.0509
   24   149    -0.1920   +0.1057   +0.0701   -0.0707   -0.0917

=== export health
  phres_ok            : 100.00 %
  phcf_nok == d + nref: 100.00 %
  phcf_grp_closure    : max 9.238e-15
  phcf_msec / track   : median 2092.3  mean 2432.4  p90 3991.1  max 7751.5
  phcf_msec / component: median 162.85
  hit (Gaussian) share of a component: median 0.9677  p10 0.3816  p90 0.9989
