# 8000 tracks, cset 'ref', priors: material 1.0 (whitened tier), hit 1.0

================================================================================================
ARM cf: prior-free sandwich sigma at 8000 tracks, and the track count where it reaches the prior
================================================================================================
parameter                   sigma_free   /prior        N_sat         20000     100000     300000    1000000    7000000   41000000
                                                                     sig@N      sig@N      sig@N      sig@N      sig@N      sig@N
-- MATERIAL
material_support_tube           0.0000    0.000     2.64e-25        0.0000     0.0000     0.0000     0.0000     0.0000     0.0000
material_pp1_cables             0.0000    0.000     5.59e-25        0.0000     0.0000     0.0000     0.0000     0.0000     0.0000
material_thermal_screen         0.0000    0.000     4.58e-24        0.0000     0.0000     0.0000     0.0000     0.0000     0.0000
material_tec_active_R7          0.0313    0.031         7.86        0.0707     1.8826     0.0803     0.0030     0.0011     0.0004
material_beampipe               0.0347    0.035         9.62        0.0163     0.0095     0.0055     0.0031     0.0012     0.0005
material_tec_active_R6          0.0434    0.043         15.1        0.3146     0.1483     0.1817     0.0040     0.0015     0.0006
material_fpix_active_D1         0.0450    0.045         16.2        0.0264     0.0118     0.0074     0.0040     0.0015     0.0006
material_bpix_active_L1         0.0653    0.065         34.1        0.0313     0.0178     0.0103     0.0058     0.0022     0.0009
material_fpix_active_D2         0.1137    0.114          103        0.3126     0.0745     0.0173     0.0103     0.0038     0.0016
material_bpix_active_L2         0.1375    0.137          151        0.0689     0.0375     0.0221     0.0122     0.0046     0.0019
material_tob_active_L6          0.1511    0.151          183        0.0292     0.0605     0.1837     0.7003     0.0051     0.0021
material_tec_structure          0.1592    0.159          203        0.0896     0.0463     0.0254     0.0142     0.0054     0.0022
material_tid_active_R3          0.1825    0.183          267        0.1386     0.4468     3.6826     0.0221     0.0061     0.0025
material_tec_active_R5          0.1898    0.190          288        0.8332     0.3591     0.3741     0.0167     0.0064     0.0026
   median N_sat over material: 988 tracks (range 2.64e-25 - 5.73e+04)
-- HIT CLASSES
hitres_pix_y_q1                 0.0381    0.038         11.6        0.0227     0.0107     0.0062     0.0034     0.0013     0.0005
hitres_pix_y_q3                 0.0413    0.041         13.6        0.0254     0.0116     0.0067     0.0037     0.0014     0.0006
hitres_pix_y_q2                 0.0428    0.043         14.7        0.0258     0.0120     0.0069     0.0038     0.0014     0.0006
hitres_pix_x_q2                 0.0443    0.044         15.7        0.0274     0.0125     0.0072     0.0040     0.0015     0.0006
hitres_pix_x_q3                 0.0473    0.047         17.9        0.0289     0.0133     0.0077     0.0042     0.0016     0.0007
hitres_pix_x_q1                 0.0520    0.052         21.7        0.0320     0.0147     0.0085     0.0047     0.0018     0.0007
hitres_str_N3_hi                0.0791    0.079           50        0.0498     0.0224     0.0129     0.0071     0.0027     0.0011
hitres_str_N3_lo                0.0943    0.094         71.2        0.0596     0.0270     0.0154     0.0084     0.0032     0.0013
hitres_pix_y_q0                 0.1012    0.101         81.9        0.0634     0.0286     0.0165     0.0090     0.0034     0.0014
hitres_str_N2_lo                0.1044    0.104         87.3        0.0654     0.0294     0.0170     0.0093     0.0035     0.0015
hitres_str_N2_hi                0.1134    0.113          103        0.0713     0.0320     0.0185     0.0101     0.0038     0.0016
hitres_str_N4_hi                0.1701    0.170          232        0.1062     0.0479     0.0277     0.0152     0.0058     0.0024
hitres_str_N1_lo                0.1753    0.175          246        0.1096     0.0498     0.0287     0.0157     0.0059     0.0024
hitres_str_N4_lo                0.2082    0.208          347        0.1292     0.0587     0.0340     0.0186     0.0070     0.0029
   median N_sat over hit classes: 84.6 tracks (range 11.6 - 4.7e+03)

================================================================================================
ARM gaussq: prior-free sandwich sigma at 8000 tracks, and the track count where it reaches the prior
================================================================================================
parameter                   sigma_free   /prior        N_sat         20000     100000     300000    1000000    7000000   41000000
                                                                     sig@N      sig@N      sig@N      sig@N      sig@N      sig@N
-- MATERIAL
material_pp1_cables             0.0000    0.000     2.45e-25        0.0000     0.0000     0.0000     0.0000     0.0000     0.0000
material_support_tube           0.0000    0.000     3.57e-24        0.0000     0.0000     0.0000     0.0000     0.0000     0.0000
material_thermal_screen         0.0000    0.000     4.52e-24        0.0000     0.0000     0.0000     0.0000     0.0000     0.0000
material_beampipe               0.0224    0.022         4.03        0.0111     0.0108     0.0291     0.0019     0.0008     0.0003
material_bpix_active_L1         0.0353    0.035         9.99        0.0174     0.0171     0.0393     0.0030     0.0012     0.0005
material_tec_active_R6          0.1236    0.124          122        0.3101     0.2566     0.6675     0.0099     0.0041     0.0017
material_tec_active_R7          0.1433    0.143          164        0.1655     0.2350     0.4017     0.0122     0.0048     0.0020
material_bpix_support6          0.1817    0.182          264        0.1487     0.0720     0.1266     0.0158     0.0061     0.0025
material_fpix_active_D1         0.2560    0.256          524        0.3061     0.0970     0.0493     0.0214     0.0086     0.0036
material_fpix_active_D2         0.2786    0.279          621        1.4517     0.1266     0.2784     0.0221     0.0092     0.0039
material_other                  0.3103    0.310          770        0.1887     0.0866     0.0502     0.0277     0.0105     0.0043
material_tib_support            0.3340    0.334          892        0.6612     0.1273     0.2917     0.0284     0.0112     0.0047
material_bpix_active_L2         0.3489    0.349          974        0.2322     0.1383     0.1358     0.0301     0.0117     0.0049
material_tec_services           0.4235    0.423     1.43e+03        0.2589     0.1289     0.0776     0.0378     0.0143     0.0059
   median N_sat over material: 3.1e+03 tracks (range 2.45e-25 - 1.76e+06)
-- HIT CLASSES
hitres_pix_y_q1                 0.0317    0.032         8.02        0.0210     0.0097     0.0116     0.0028     0.0011     0.0004
hitres_pix_y_q2                 0.0400    0.040         12.8        0.0262     0.0120     0.0122     0.0036     0.0014     0.0006
hitres_pix_y_q3                 0.0458    0.046         16.8        0.0303     0.0135     0.0126     0.0041     0.0015     0.0006
hitres_pix_x_q3                 0.0475    0.047           18        0.0292     0.0144     0.0129     0.0042     0.0016     0.0007
hitres_pix_x_q2                 0.0499    0.050         19.9        0.0314     0.0143     0.0114     0.0045     0.0017     0.0007
hitres_pix_x_q1                 0.0590    0.059         27.8        0.0368     0.0172     0.0127     0.0053     0.0020     0.0008
hitres_str_N3_hi                0.0885    0.089         62.7        0.0604     0.0249     0.0144     0.0079     0.0030     0.0012
hitres_pix_y_q0                 0.0948    0.095           72        0.0600     0.0268     0.0156     0.0085     0.0032     0.0013
hitres_str_N3_lo                0.1062    0.106         90.2        0.0659     0.0301     0.0484     0.0094     0.0036     0.0015
hitres_str_N2_lo                0.1239    0.124          123        0.0764     0.0369     0.0479     0.0110     0.0042     0.0017
hitres_str_N2_hi                0.1367    0.137          149        0.0910     0.0382     0.0419     0.0120     0.0046     0.0019
hitres_str_N1_lo                0.1746    0.175          244        0.1174     0.0521     0.0303     0.0157     0.0059     0.0024
hitres_str_N4_hi                0.1782    0.178          254        0.1156     0.0507     0.0374     0.0159     0.0060     0.0025
hitres_str_N4_lo                0.2240    0.224          401        0.1389     0.0684     0.0668     0.0200     0.0076     0.0031
   median N_sat over hit classes: 106 tracks (range 8.02 - 5.66e+03)
