# 8000 tracks, cset 'hit', priors: material 1.0 (whitened tier), hit 1.0

================================================================================================
ARM cf: prior-free sandwich sigma at 8000 tracks, and the track count where it reaches the prior
================================================================================================
parameter                   sigma_free   /prior        N_sat         20000     100000     300000    1000000    7000000   41000000
                                                                     sig@N      sig@N      sig@N      sig@N      sig@N      sig@N
-- MATERIAL
material_thermal_screen         0.0000    0.000     1.81e-27        0.0000     0.0000     0.0000     0.0000     0.0000     0.0000
material_pp1_cables             0.0000    0.000     2.68e-27        0.0000     0.0000     0.0000     0.0000     0.0000     0.0000
material_support_tube           0.0000    0.000     9.43e-27        0.0000     0.0000     0.0000     0.0000     0.0000     0.0000
material_beampipe               0.0000    0.000     9.99e-15        0.0000     0.0000     0.0000     0.0000     0.0000     0.0000
material_tob_active_L6          0.0068    0.007        0.371        0.0427     0.2156     0.0009     0.0006     0.0002     0.0001
material_fpix_active_D2         0.0098    0.010         0.77        0.0594     0.1696     0.3336     0.7294     0.0003     0.0001
material_fpix_active_D1         0.0132    0.013         1.39        0.1424     3.9405     0.0027     0.0037     0.0004     0.0002
material_tob_active_L1          0.0220    0.022         3.87       14.9992     0.0293     0.0035     0.0021     0.0007     0.0003
material_tob_active_L5          0.0222    0.022         3.94        0.2203     0.0115     0.0030     0.0018     0.0007     0.0003
material_bpix_active_L1         0.0255    0.026         5.22        2.7065     0.1716     0.0048     0.0055     0.0009     0.0004
material_bpix_active_L2         0.0413    0.041         13.7        1.3862     0.1192     0.0074     0.0072     0.0014     0.0006
material_tob_active_L2          0.0425    0.042         14.4        2.7302     0.0468     0.0068     0.0041     0.0014     0.0006
material_tob_active_L4          0.0474    0.047           18        0.5300     0.0182     0.0062     0.0039     0.0016     0.0007
material_tib_active_L4          0.0493    0.049         19.4        4.8696     0.0085     0.0066     0.0041     0.0016     0.0007
   median N_sat over material: 136 tracks (range 1.81e-27 - 4.6e+04)
-- HIT CLASSES
hitres_str_N3_lo                0.0135    0.013         1.45        0.0086     0.0038     0.0022     0.0012     0.0005     0.0002
hitres_str_N2_lo                0.0149    0.015         1.78        0.0094     0.0042     0.0024     0.0013     0.0005     0.0002
hitres_str_N1_lo                0.0172    0.017         2.36        0.0109     0.0049     0.0028     0.0015     0.0006     0.0002
hitres_str_N3_hi                0.0232    0.023         4.29        0.0147     0.0066     0.0038     0.0021     0.0008     0.0003
hitres_str_N2_hi                0.0332    0.033          8.8        0.0229     0.0094     0.0054     0.0030     0.0011     0.0005
hitres_pix_x_q1                 0.0370    0.037           11        0.0508     0.0114     0.0061     0.0033     0.0013     0.0005
hitres_pix_x_q3                 0.0406    0.041         13.2        0.0471     0.0119     0.0066     0.0036     0.0014     0.0006
hitres_pix_y_q1                 0.0424    0.042         14.4        0.0382     0.0125     0.0069     0.0038     0.0014     0.0006
hitres_pix_y_q3                 0.0428    0.043         14.7        0.0304     0.0122     0.0070     0.0038     0.0014     0.0006
hitres_pix_x_q2                 0.0453    0.045         16.4        0.0658     0.0147     0.0074     0.0041     0.0015     0.0006
hitres_pix_y_q2                 0.0557    0.056         24.8        0.0497     0.0163     0.0091     0.0050     0.0019     0.0008
hitres_str_N1_hi                0.0609    0.061         29.7        0.0393     0.0172     0.0099     0.0054     0.0021     0.0009
hitres_str_N4_lo                0.0699    0.070           39        0.0441     0.0197     0.0114     0.0062     0.0024     0.0010
hitres_str_N4_hi                0.0707    0.071           40        0.0451     0.0200     0.0115     0.0063     0.0024     0.0010
   median N_sat over hit classes: 15.5 tracks (range 1.45 - 312)

================================================================================================
ARM gaussq: prior-free sandwich sigma at 8000 tracks, and the track count where it reaches the prior
================================================================================================
parameter                   sigma_free   /prior        N_sat         20000     100000     300000    1000000    7000000   41000000
                                                                     sig@N      sig@N      sig@N      sig@N      sig@N      sig@N
-- MATERIAL
material_support_tube           0.0000    0.000     4.62e-23        0.0000     0.0000     0.0000     0.0000     0.0000     0.0000
material_pp1_cables             0.0000    0.000     4.27e-22        0.0000     0.0000     0.0000     0.0000     0.0000     0.0000
material_thermal_screen         0.0000    0.000     1.91e-21        0.0000     0.0000     0.0000     0.0000     0.0000     0.0000
material_beampipe               0.0000    0.000     5.45e-15        0.0000     0.0000     0.0000     0.0000     0.0000     0.0000
material_tob_active_L6          0.0276    0.028         6.07        0.0360     0.3154     0.0029     0.0021     0.0009     0.0004
material_tec_structure          0.0773    0.077         47.8        0.0482     0.0216     0.0125     0.0069     0.0026     0.0011
material_tob_active_L5          0.1145    0.114          105        0.1402     0.0121     0.0116     0.0086     0.0038     0.0016
material_tec_active_R5          0.1350    0.135          146        0.0653     0.0354     0.0215     0.0121     0.0046     0.0019
material_tec_active_R4          0.1451    0.145          168        0.0430     0.0335     0.0222     0.0128     0.0049     0.0020
material_tid_support            0.1528    0.153          187        0.0929     0.0420     0.0244     0.0135     0.0052     0.0021
material_tec_active_R6          0.1550    0.155          192        0.0561     0.0380     0.0241     0.0137     0.0052     0.0022
material_tib_support            0.1826    0.183          267        0.1174     0.0455     0.0274     0.0157     0.0061     0.0025
material_tec_active_R3          0.1832    0.183          269        0.0466     0.0408     0.0279     0.0162     0.0062     0.0026
material_pixel_patch            0.1909    0.191          291        0.1169     0.0538     0.0313     0.0172     0.0065     0.0027
   median N_sat over material: 844 tracks (range 4.62e-23 - 4.31e+06)
-- HIT CLASSES
hitres_str_N3_lo                0.0135    0.013         1.46        0.0087     0.0038     0.0022     0.0012     0.0005     0.0002
hitres_str_N2_lo                0.0152    0.015         1.85        0.0095     0.0042     0.0025     0.0014     0.0005     0.0002
hitres_str_N1_lo                0.0173    0.017          2.4        0.0110     0.0049     0.0028     0.0015     0.0006     0.0002
hitres_str_N3_hi                0.0244    0.024         4.76        0.0157     0.0067     0.0039     0.0022     0.0008     0.0003
hitres_str_N2_hi                0.0406    0.041         13.2        0.0216     0.0097     0.0059     0.0035     0.0014     0.0006
hitres_pix_y_q3                 0.0443    0.044         15.7        0.0296     0.0122     0.0071     0.0039     0.0015     0.0006
hitres_pix_y_q1                 0.0501    0.050         20.1        0.0343     0.0125     0.0075     0.0043     0.0017     0.0007
hitres_pix_x_q3                 0.0581    0.058           27        0.0365     0.0123     0.0078     0.0048     0.0019     0.0008
hitres_pix_y_q2                 0.0591    0.059         27.9        0.0419     0.0156     0.0092     0.0052     0.0020     0.0008
hitres_pix_x_q1                 0.0614    0.061         30.2        0.0418     0.0120     0.0079     0.0050     0.0020     0.0009
hitres_str_N4_lo                0.0705    0.071         39.8        0.0441     0.0198     0.0114     0.0063     0.0024     0.0010
hitres_str_N4_hi                0.0716    0.072           41        0.0451     0.0200     0.0116     0.0064     0.0024     0.0010
hitres_pix_x_q2                 0.0724    0.072           42        0.0525     0.0143     0.0093     0.0059     0.0024     0.0010
hitres_str_N1_hi                0.0730    0.073         42.7        0.0396     0.0180     0.0109     0.0063     0.0025     0.0010
   median N_sat over hit classes: 29 tracks (range 1.46 - 313)
