   cf: 8/8 subsample fits, EDM 1.30e-17 .. 2.56e-12
   gaussq: 8/8 subsample fits, EDM 4.78e-16 .. 1.58e-11

--------------------------------------------------------------------------------------------------------
MATERIAL GROUPS: 8 disjoint subsample fits, sigma scaled to the full sample
--------------------------------------------------------------------------------------------------------
parameter                     cf quoted    cf SPREAD   S/Qgaussq quotedgaussq SPREAD   S/Q  EFF emp EFF sand
material_tib_support             0.0009       0.0001  0.14       0.0009       0.0001  0.13    0.879    1.172
material_bpix_services           0.0035       0.0004  0.10       0.0035       0.0004  0.11    1.178    1.059
material_tibtid_services         0.0035       0.0001  0.04       0.0035       0.0002  0.04    1.386    1.049
material_other                   0.0141       0.0004  0.03       0.0140       0.0005  0.03    1.119    1.135
material_tec_structure           0.0009       0.0000  0.02       0.0009       0.0000  0.02    0.940    1.017
material_pixel_patch             0.0035       0.0001  0.03       0.0035       0.0001  0.04    1.142    1.183
   EMPIRICAL efficiency (spread ratio squared): median 1.130, 16-84 % 0.928-1.219
   SANDWICH efficiency on the same parameters:   median 1.097
   NOTE: with K = 8 the spread itself carries a 27 % statistical error per parameter, so read the MEDIAN, not a single row.

--------------------------------------------------------------------------------------------------------
HIT CLASSES: 8 disjoint subsample fits, sigma scaled to the full sample
--------------------------------------------------------------------------------------------------------
parameter                     cf quoted    cf SPREAD   S/Qgaussq quotedgaussq SPREAD   S/Q  EFF emp EFF sand
hitres_str_N3_lo                 0.0158       0.0150  0.95       0.0157       0.0155  0.98    1.058    1.004
hitres_str_N2_lo                 0.0144       0.0085  0.59       0.0144       0.0085  0.59    1.003    0.998
hitres_str_N1_lo                 0.0156       0.0112  0.72       0.0156       0.0116  0.75    1.074    1.007
hitres_str_N3_hi                 0.0275       0.0392  1.42       0.0275       0.0392  1.42    1.005    1.011
hitres_str_N2_hi                 0.0314       0.0217  0.69       0.0313       0.0211  0.68    0.949    0.995
hitres_pix_x_q1                  0.0340       0.0390  1.15       0.0340       0.0432  1.27    1.223    1.051
hitres_pix_x_q3                  0.0648       0.0716  1.11       0.0647       0.0720  1.11    1.013    1.011
hitres_pix_y_q1                  0.0320       0.0344  1.07       0.0319       0.0356  1.12    1.067    1.004
hitres_str_N4_lo                 0.0197       0.0363  1.85       0.0199       0.0363  1.82    1.000    0.999
hitres_pix_x_q2                  0.0584       0.0537  0.92       0.0584       0.0560  0.96    1.087    0.952
hitres_pix_y_q3                  0.0494       0.0568  1.15       0.0496       0.0526  1.06    0.858    1.009
hitres_pix_y_q2                  0.0479       0.0553  1.15       0.0478       0.0577  1.21    1.089    0.976
hitres_pix_y_q0                  0.0440       0.0602  1.37       0.0430       0.0535  1.24    0.789    0.806
hitres_str_N4_hi                 0.0468       0.0301  0.64       0.0465       0.0306  0.66    1.037    0.975
   EMPIRICAL efficiency (spread ratio squared): median 1.025, 16-84 % 0.953-1.086
   SANDWICH efficiency on the same parameters:   median 1.002
   NOTE: with K = 8 the spread itself carries a 27 % statistical error per parameter, so read the MEDIAN, not a single row.
