# 20000 tracks, 267732 per-hit rows (inflat < 10000), 100000 reference rows

=== Gaussian level: the components are EXACTLY uncorrelated
  per track, algebraic  |sum_b A_b[k].A_b[qp]| : median 2.139e-09  p99 1.519e-08  max 8.349e-06     (this is F^T R = 0)

=== ensemble corr(z_k, z_qp) by hit position along the track
  relpos bin      N     corr        +-
  0.00-0.12    55022  -0.0005  0.0043
  0.12-0.25    44602  +0.0015  0.0047
  0.25-0.38    46789  -0.0076  0.0046
  0.38-0.50    41159  -0.0086  0.0049
  0.50-0.62    43628  -0.0063  0.0048
  0.62-0.75    25227  +0.0030  0.0063
  0.75-0.88    11304  +0.0132  0.0094

=== (1) 4th cross-cumulant correlation with the truth-referenced q/p, by hit position
  relpos bin      N    median     p90     mean
  0.00-0.12    55022   0.3951  0.6897  0.4158
  0.12-0.25    44602   0.5937  0.8019  0.5606
  0.25-0.38    46789   0.6539  0.8171  0.6179
  0.38-0.50    41159   0.5901  0.7898  0.5471
  0.50-0.62    43628   0.3314  0.6831  0.3668
  0.62-0.75    25227   0.1179  0.3372  0.1553
  0.75-0.88    11304   0.0521  0.1597  0.0711
  ALL                  267732   0.4643  0.7652  0.4483

  by hit class:  class                 N    median     p90
    pix_x_q0                  5987   0.5118  0.7243
    pix_x_q1                 17199   0.5277  0.7406
    pix_x_q2                 11113   0.5393  0.7410
    pix_x_q3                 10490   0.5616  0.7459
    pix_y_q0                  5982   0.3480  0.7328
    pix_y_q1                 17177   0.3423  0.7262
    pix_y_q2                 11082   0.3430  0.7134
    pix_y_q3                 10467   0.3815  0.7154
    str_N1_lo                37000   0.3918  0.7619
    str_N1_hi                 4447   0.6143  0.8148
    str_N2_lo                45757   0.4219  0.7675
    str_N2_hi                15341   0.6105  0.8049
    str_N3_lo                35087   0.3727  0.7601
    str_N3_hi                20504   0.5806  0.7912
    str_N4_lo                 8942   0.2695  0.7452
    str_N4_hi                 6735   0.5711  0.7905
    str_N5_lo                 2775   0.2502  0.7394
    str_N5_hi                 1647   0.5639  0.7874

=== (2) 4th cross-cumulant correlation between ADJACENT per-hit innovations (k, k-1)
  all adjacent pairs   247732   median 0.5052  p90 0.9023  mean 0.5439
  relpos bin      N    median     p90
  0.00-0.12    35022   0.3387  0.5214
  0.12-0.25    44602   0.3863  0.8654
  0.25-0.38    46789   0.6379  0.9301
  0.38-0.50    41159   0.6265  0.9291
  0.50-0.62    43628   0.6016  0.9147
  0.62-0.75    25227   0.5555  0.8854
  0.75-0.88    11304   0.5084  0.8682

=== (3) the 6 pairs among the first 4 truth-referenced components (the prototype's table)
    q/p-lam    q/p-phi     q/p-d0    lam-phi     lam-d0     phi-d0
      0.138      0.088      0.095      0.329      0.279      0.712

wrote /ceph/submit/data/user/d/david_w/ZMass/cvh/runs_perhit_260910/xcum20k.npz
