=== card_cf 22:21:40
NLL(0) = 34219.186209, max|grad| = 393.7
wrote /work/submit/david_w/ZMass/calibration_studies/resolution/runs/hitlik/cards/cf.hdf5 (425.2 MB)
=== card_gaussq 22:22:36
NLL(0) = 34591.204724, max|grad| = 877.4
wrote /work/submit/david_w/ZMass/calibration_studies/resolution/runs/hitlik/cards/gaussq.hdf5 (129.5 MB)
=== card_inj_cf 22:23:08
NLL(0) = 34220.293085, max|grad| = 589.6
wrote /work/submit/david_w/ZMass/calibration_studies/resolution/runs/hitlik/cards/inj_cf.hdf5 (425.2 MB)
=== card_inj_gaussq 22:23:40
NLL(0) = 34591.938551, max|grad| = 962.8
wrote /work/submit/david_w/ZMass/calibration_studies/resolution/runs/hitlik/cards/inj_gaussq.hdf5 (129.5 MB)
=== card_cf_c0 22:24:21
NLL(0) = 8477.968223, max|grad| = 325.9
wrote /work/submit/david_w/ZMass/calibration_studies/resolution/runs/hitlik/cards/cf_c0.hdf5 (114.9 MB)
=== card_mass 22:24:49
mass NLL(0) = -47431.190018
wrote /work/submit/david_w/ZMass/calibration_studies/resolution/runs/hitlik/cards/mass.hdf5 (512.2 MB)
=== card_resmass 22:25:25
mass NLL(0) = -47431.190018
wrote /work/submit/david_w/ZMass/calibration_studies/resolution/runs/hitlik/cards/resmass.hdf5 (937.3 MB)
=== card_inj_mass 22:26:14
mass NLL(0) = -47429.183517
wrote /work/submit/david_w/ZMass/calibration_studies/resolution/runs/hitlik/cards/inj_mass.hdf5 (512.2 MB)
=== card_inj_resmass 22:26:49
mass NLL(0) = -47429.183517
wrote /work/submit/david_w/ZMass/calibration_studies/resolution/runs/hitlik/cards/inj_resmass.hdf5 (937.3 MB)
=== card_inj_hit 22:27:37
NLL(0) = 34220.872921, max|grad| = 391.2
wrote /work/submit/david_w/ZMass/calibration_studies/resolution/runs/hitlik/cards/inj_hit.hdf5 (425.4 MB)
=== card_inj_hit_gaussq 22:28:10
NLL(0) = 34592.016372, max|grad| = 947.4
wrote /work/submit/david_w/ZMass/calibration_studies/resolution/runs/hitlik/cards/inj_hit_gaussq.hdf5 (129.7 MB)
=== card_gauss 22:28:41
NLL(0) = 34600.813470, max|grad| = 1950
wrote /work/submit/david_w/ZMass/calibration_studies/resolution/runs/hitlik/cards/gauss.hdf5 (262.4 MB)
=== card_joint 22:29:13
external term 'hitchi2': 92 parameters
wrote /work/submit/david_w/ZMass/calibration_studies/resolution/runs/hitlik/cards/joint.hdf5 (425.3 MB)
=== card_inj_joint 22:29:46
external term 'hitchi2': 92 parameters
wrote /work/submit/david_w/ZMass/calibration_studies/resolution/runs/hitlik/cards/inj_joint.hdf5 (425.3 MB)
=== fit_cf 22:30:19
[38;21mINFO:rabbit_fit.py: edmval: 2.076435797476294e-12[0m
=== fit_gaussq 22:39:05
[38;21mINFO:rabbit_fit.py: edmval: 2.242758191110185e-09[0m
=== fit_inj_cf 22:48:37
[38;21mINFO:rabbit_fit.py: edmval: 4.889733820043629e-13[0m
=== fit_inj_gaussq 22:56:09
[38;21mINFO:rabbit_fit.py: edmval: 3.6098991861394716e-09[0m
=== fit_cf_c0 23:05:31
[38;21mINFO:rabbit_fit.py: edmval: 0.5630048320483764[0m
=== fit_mass 23:07:19
[38;21mINFO:rabbit_fit.py: edmval: 2.0358690420926934e-14[0m
=== fit_resmass 23:10:34
[38;21mINFO:rabbit_fit.py: edmval: 7.043410864619198e-18[0m
=== fit_inj_mass 23:37:36
[38;21mINFO:rabbit_fit.py: edmval: 9.33458504497276e-11[0m
=== fit_inj_resmass 23:41:35
