WARNING: All log messages before absl::InitializeLog() is called are written to STDERR
E0000 00:00:1789009996.143347 2805973 cuda_platform.cc:52] failed call to cuInit: INTERNAL: CUDA error: Failed call to cuInit: UNKNOWN ERROR (303)
==========================================================================
COST  (4000 tracks x 4 components = 16000 rows, 219529 group rows, 60 parameters, arm 'cf')
==========================================================================
  npz load                    12.22 s
  term build (numpy + tf)      3.23 s
  NLL                         119.7 ms      7.48 us/row     29.91 us/track
  NLL + gradient              457.8 ms     28.61 us/row    114.45 us/track
  one Hessian-vector prod    2272.1 ms    142.01 us/row
  full Hessian (60 HVPs)     136.3 s
  CF evaluations per row: nt 64 x upsample 1 = 64 quadrature points, 13.7 group rows/row

  extrapolated to 320 000 tracks (this production):
     one NLL+grad      36.6 s      one HVP    181.8 s
  extrapolated to 7 M Z legs + 34 M J/psi legs = 41 M tracks:
     one NLL+grad      1.30 h CPU   one HVP     6.47 h CPU
     (a GPU is 20-60x this hardware on the same graph; the term is a dense (chunk, nt) matmul per family)

  card datasets in memory     0.367 GB  (91.6 kB/track)

==========================================================================
EXPORT BILL per track (float32), at the measured multiplicities
  13.7 material groups and 9.0 hit classes per (track, component)
==========================================================================
variant                                    flat   per-grp   rank16  hitcls      B_b  total(r16)
q/p only (the status quo)                  1.5k     21.1k     5.3k   0.05k     1.4k        6.7k
4 reference-state components (this study)     6.1k     84.3k    21.1k   0.22k     5.4k       26.7k
5 reference-state components               7.7k    105.4k    26.3k   0.27k     6.8k       33.4k
18 per-HIT residuals                      27.6k    379.3k    94.8k   0.97k    24.5k      120.3k

  q/p only (the status quo)                0.27 TB at 41 M tracks
  4 reference-state components (this study)   1.10 TB at 41 M tracks
  5 reference-state components             1.37 TB at 41 M tracks
  18 per-HIT residuals                     4.93 TB at 41 M tracks

  (`B_b` assumes the 68 resolution blocks/track measured on this production;
   `rank16` is the tau-axis PCA of NOTES 2026-09-05 (II) s8, exact to 1e-5)
