param models: --paramModel UnbinnedParams
WARNING: All log messages before absl::InitializeLog() is called are written to STDERR
I0000 00:00:1789009835.966279 4183025 port.cc:153] oneDNN custom operations are on. You may see slightly different numerical results due to floating-point round-off errors from different computation orders. To turn them off, set the environment variable `TF_ENABLE_ONEDNN_OPTS=0`.
WARNING: All log messages before absl::InitializeLog() is called are written to STDERR
I0000 00:00:1789009842.031724 4183025 port.cc:153] oneDNN custom operations are on. You may see slightly different numerical results due to floating-point round-off errors from different computation orders. To turn them off, set the environment variable `TF_ENABLE_ONEDNN_OPTS=0`.
E0000 00:00:1789009849.349433 4183025 cuda_platform.cc:52] failed call to cuInit: INTERNAL: CUDA error: Failed call to cuInit: UNKNOWN ERROR (303)
calib_dummy {'axes': [Integer(0, 1, underflow=False, overflow=False, name='bin')], 'masked': False, 'flow': False, 'start': 0, 'stop': 1}
[38;21mINFO:unbinned.py: Loaded unbinned term 'hitres' (kind MaterialCF, channel hitres): 24000 candidates, 3 chunk(s) of 8192, parameters ['material_other', 'material_beampipe', 'material_bpix_active_L1', 'material_bpix_active_L2', 'material_bpix_active_L3', 'material_bpix_services', 'material_bpix_support6', 'material_bpix_support7', 'material_fpix_active_D1', 'material_fpix_active_D2', 'material_fpix_support', 'material_tib_active_L1', 'material_tib_active_L2', 'material_tib_active_L3', 'material_tib_active_L4', 'material_tibtid_services', 'material_tib_support', 'material_tid_active_R1', 'material_tid_active_R2', 'material_tid_active_R3', 'material_tid_support', 'material_tob_active_L1', 'material_tob_active_L2', 'material_tob_active_L3', 'material_tob_active_L4', 'material_tob_active_L5', 'material_tob_active_L6', 'material_tob_services', 'material_tob_support', 'material_tec_active_R1', 'material_tec_active_R2', 'material_tec_active_R3', 'material_tec_active_R4', 'material_tec_active_R5', 'material_tec_active_R6', 'material_tec_active_R7', 'material_tec_services', 'material_tec_structure', 'material_thermal_screen', 'material_support_tube', 'material_pp1_cables', 'material_pixel_patch', 'hitres_pix_x_q0', 'hitres_pix_x_q1', 'hitres_pix_x_q2', 'hitres_pix_x_q3', 'hitres_pix_y_q0', 'hitres_pix_y_q1', 'hitres_pix_y_q2', 'hitres_pix_y_q3', 'hitres_str_N1_lo', 'hitres_str_N1_hi', 'hitres_str_N2_lo', 'hitres_str_N2_hi', 'hitres_str_N3_lo', 'hitres_str_N3_hi', 'hitres_str_N4_lo', 'hitres_str_N4_hi', 'hitres_str_N5_lo', 'hitres_str_N5_hi'][0m
[38;21mINFO:unbinned.py: Loaded unbinned term 'mass' (kind MaterialCF, channel jpsi): 24000 candidates, 3 chunk(s) of 8192, parameters ['material_other', 'material_beampipe', 'material_bpix_active_L1', 'material_bpix_active_L2', 'material_bpix_active_L3', 'material_bpix_services', 'material_bpix_support6', 'material_bpix_support7', 'material_fpix_active_D1', 'material_fpix_active_D2', 'material_fpix_support', 'material_tib_active_L1', 'material_tib_active_L2', 'material_tib_active_L3', 'material_tib_active_L4', 'material_tibtid_services', 'material_tib_support', 'material_tid_active_R1', 'material_tid_active_R2', 'material_tid_active_R3', 'material_tid_support', 'material_tob_active_L1', 'material_tob_active_L2', 'material_tob_active_L3', 'material_tob_active_L4', 'material_tob_active_L5', 'material_tob_active_L6', 'material_tob_services', 'material_tob_support', 'material_tec_active_R1', 'material_tec_active_R2', 'material_tec_active_R3', 'material_tec_active_R4', 'material_tec_active_R5', 'material_tec_active_R6', 'material_tec_active_R7', 'material_tec_services', 'material_tec_structure', 'material_thermal_screen', 'material_support_tube', 'material_pp1_cables', 'material_pixel_patch'][0m
[38;21mINFO:unbinned_params.py: UnbinnedParams: 42 POI(s) ['material_other', 'material_beampipe', 'material_bpix_active_L1', 'material_bpix_active_L2', 'material_bpix_active_L3', 'material_bpix_services', 'material_bpix_support6', 'material_bpix_support7', 'material_fpix_active_D1', 'material_fpix_active_D2', 'material_fpix_support', 'material_tib_active_L1', 'material_tib_active_L2', 'material_tib_active_L3', 'material_tib_active_L4', 'material_tibtid_services', 'material_tib_support', 'material_tid_active_R1', 'material_tid_active_R2', 'material_tid_active_R3', 'material_tid_support', 'material_tob_active_L1', 'material_tob_active_L2', 'material_tob_active_L3', 'material_tob_active_L4', 'material_tob_active_L5', 'material_tob_active_L6', 'material_tob_services', 'material_tob_support', 'material_tec_active_R1', 'material_tec_active_R2', 'material_tec_active_R3', 'material_tec_active_R4', 'material_tec_active_R5', 'material_tec_active_R6', 'material_tec_active_R7', 'material_tec_services', 'material_tec_structure', 'material_thermal_screen', 'material_support_tube', 'material_pp1_cables', 'material_pixel_patch'], 18 nuisance(s) ['hitres_pix_x_q0', 'hitres_pix_x_q1', 'hitres_pix_x_q2', 'hitres_pix_x_q3', 'hitres_pix_y_q0', 'hitres_pix_y_q1', 'hitres_pix_y_q2', 'hitres_pix_y_q3', 'hitres_str_N1_lo', 'hitres_str_N1_hi', 'hitres_str_N2_lo', 'hitres_str_N2_hi', 'hitres_str_N3_lo', 'hitres_str_N3_hi', 'hitres_str_N4_lo', 'hitres_str_N4_hi', 'hitres_str_N5_lo', 'hitres_str_N5_hi'], 60 with a Gaussian prior[0m
[38;21mINFO:fitter.py: Unblinding 42 parameters: ['material_other', 'material_beampipe', 'material_bpix_active_L1', 'material_bpix_active_L2', 'material_bpix_active_L3', 'material_bpix_services', 'material_bpix_support6', 'material_bpix_support7', 'material_fpix_active_D1', 'material_fpix_active_D2', 'material_fpix_support', 'material_tib_active_L1', 'material_tib_active_L2', 'material_tib_active_L3', 'material_tib_active_L4', 'material_tibtid_services', 'material_tib_support', 'material_tid_active_R1', 'material_tid_active_R2', 'material_tid_active_R3', 'material_tid_support', 'material_tob_active_L1', 'material_tob_active_L2', 'material_tob_active_L3', 'material_tob_active_L4', 'material_tob_active_L5', 'material_tob_active_L6', 'material_tob_services', 'material_tob_support', 'material_tec_active_R1', 'material_tec_active_R2', 'material_tec_active_R3', 'material_tec_active_R4', 'material_tec_active_R5', 'material_tec_active_R6', 'material_tec_active_R7', 'material_tec_services', 'material_tec_structure', 'material_thermal_screen', 'material_support_tube', 'material_pp1_cables', 'material_pixel_patch'][0m
[38;21mINFO:fitter.py: [paramPriors] applying Gaussian priors to 60/60 ParamModel params:[0m
[38;21mINFO:fitter.py:     material_other: μ=0 σ=0.04[0m
[38;21mINFO:fitter.py:     material_beampipe: μ=0 σ=0.0001[0m
[38;21mINFO:fitter.py:     material_bpix_active_L1: μ=0 σ=0.0004[0m
[38;21mINFO:fitter.py:     material_bpix_active_L2: μ=0 σ=0.0004[0m
[38;21mINFO:fitter.py:     material_bpix_active_L3: μ=0 σ=0.0004[0m
[38;21mINFO:fitter.py:     material_bpix_services: μ=0 σ=0.01[0m
[38;21mINFO:fitter.py:     material_bpix_support6: μ=0 σ=0.0025[0m
[38;21mINFO:fitter.py:     material_bpix_support7: μ=0 σ=0.01[0m
[38;21mINFO:fitter.py:     material_fpix_active_D1: μ=0 σ=0.0004[0m
[38;21mINFO:fitter.py:     material_fpix_active_D2: μ=0 σ=0.0004[0m
[38;21mINFO:fitter.py:     material_fpix_support: μ=0 σ=0.0025[0m
[38;21mINFO:fitter.py:     material_tib_active_L1: μ=0 σ=0.0004[0m
[38;21mINFO:fitter.py:     material_tib_active_L2: μ=0 σ=0.0004[0m
[38;21mINFO:fitter.py:     material_tib_active_L3: μ=0 σ=0.0004[0m
[38;21mINFO:fitter.py:     material_tib_active_L4: μ=0 σ=0.0004[0m
[38;21mINFO:fitter.py:     material_tibtid_services: μ=0 σ=0.01[0m
[38;21mINFO:fitter.py:     material_tib_support: μ=0 σ=0.0025[0m
[38;21mINFO:fitter.py:     material_tid_active_R1: μ=0 σ=0.0004[0m
[38;21mINFO:fitter.py:     material_tid_active_R2: μ=0 σ=0.0004[0m
[38;21mINFO:fitter.py:     material_tid_active_R3: μ=0 σ=0.0004[0m
[38;21mINFO:fitter.py:     material_tid_support: μ=0 σ=0.0025[0m
[38;21mINFO:fitter.py:     material_tob_active_L1: μ=0 σ=0.0004[0m
[38;21mINFO:fitter.py:     material_tob_active_L2: μ=0 σ=0.0004[0m
[38;21mINFO:fitter.py:     material_tob_active_L3: μ=0 σ=0.0004[0m
[38;21mINFO:fitter.py:     material_tob_active_L4: μ=0 σ=0.0004[0m
[38;21mINFO:fitter.py:     material_tob_active_L5: μ=0 σ=0.0004[0m
[38;21mINFO:fitter.py:     material_tob_active_L6: μ=0 σ=0.0004[0m
[38;21mINFO:fitter.py:     material_tob_services: μ=0 σ=0.01[0m
[38;21mINFO:fitter.py:     material_tob_support: μ=0 σ=0.0025[0m
[38;21mINFO:fitter.py:     material_tec_active_R1: μ=0 σ=0.0004[0m
[38;21mINFO:fitter.py:     material_tec_active_R2: μ=0 σ=0.0004[0m
[38;21mINFO:fitter.py:     material_tec_active_R3: μ=0 σ=0.0004[0m
[38;21mINFO:fitter.py:     material_tec_active_R4: μ=0 σ=0.0004[0m
[38;21mINFO:fitter.py:     material_tec_active_R5: μ=0 σ=0.0004[0m
[38;21mINFO:fitter.py:     material_tec_active_R6: μ=0 σ=0.0004[0m
[38;21mINFO:fitter.py:     material_tec_active_R7: μ=0 σ=0.0004[0m
[38;21mINFO:fitter.py:     material_tec_services: μ=0 σ=0.01[0m
[38;21mINFO:fitter.py:     material_tec_structure: μ=0 σ=0.0025[0m
[38;21mINFO:fitter.py:     material_thermal_screen: μ=0 σ=0.0025[0m
[38;21mINFO:fitter.py:     material_support_tube: μ=0 σ=0.0025[0m
[38;21mINFO:fitter.py:     material_pp1_cables: μ=0 σ=0.01[0m
[38;21mINFO:fitter.py:     material_pixel_patch: μ=0 σ=0.01[0m
[38;21mINFO:fitter.py:     hitres_pix_x_q0: μ=0 σ=1[0m
[38;21mINFO:fitter.py:     hitres_pix_x_q1: μ=0 σ=1[0m
[38;21mINFO:fitter.py:     hitres_pix_x_q2: μ=0 σ=1[0m
[38;21mINFO:fitter.py:     hitres_pix_x_q3: μ=0 σ=1[0m
[38;21mINFO:fitter.py:     hitres_pix_y_q0: μ=0 σ=1[0m
[38;21mINFO:fitter.py:     hitres_pix_y_q1: μ=0 σ=1[0m
[38;21mINFO:fitter.py:     hitres_pix_y_q2: μ=0 σ=1[0m
[38;21mINFO:fitter.py:     hitres_pix_y_q3: μ=0 σ=1[0m
[38;21mINFO:fitter.py:     hitres_str_N1_lo: μ=0 σ=1[0m
[38;21mINFO:fitter.py:     hitres_str_N1_hi: μ=0 σ=1[0m
[38;21mINFO:fitter.py:     hitres_str_N2_lo: μ=0 σ=1[0m
[38;21mINFO:fitter.py:     hitres_str_N2_hi: μ=0 σ=1[0m
[38;21mINFO:fitter.py:     hitres_str_N3_lo: μ=0 σ=1[0m
[38;21mINFO:fitter.py:     hitres_str_N3_hi: μ=0 σ=1[0m
[38;21mINFO:fitter.py:     hitres_str_N4_lo: μ=0 σ=1[0m
[38;21mINFO:fitter.py:     hitres_str_N4_hi: μ=0 σ=1[0m
[38;21mINFO:fitter.py:     hitres_str_N5_lo: μ=0 σ=1[0m
[38;21mINFO:fitter.py:     hitres_str_N5_hi: μ=0 σ=1[0m
[38;21mINFO:fitter.py: unbinned term 'hitres': 24000 candidates in 3 chunk(s) of 8192, graph loop[0m
[38;21mINFO:fitter.py: unbinned term 'mass': 24000 candidates in 3 chunk(s) of 8192, graph loop[0m
[38;21mINFO:fitter.py: 2 unbinned term(s): the Hessian is assembled from Hessian-vector products rather than from the vectorised jacobian, and the HVP is revrev.[0m
[38;21mINFO:fitter.py: Perform iterative fit[0m
[38;21mINFO:fitter.py: [minimize] method=tf-trust-krylov options={}[0m
