=== card /work/submit/david_w/ZMass/calibration_studies/resolution/ksclosure/runs/ks_all.hdf5 ===
[make_card] /work/submit/david_w/ZMass/calibration_studies/resolution/ksclosure/runs/kspairs_all.npz
WARNING: All log messages before absl::InitializeLog() is called are written to STDERR
I0000 00:00:1789678928.362156 2011870 port.cc:153] oneDNN custom operations are on. You may see slightly different numerical results due to floating-point round-off errors from different computation orders. To turn them off, set the environment variable `TF_ENABLE_ONEDNN_OPTS=0`.
WARNING: All log messages before absl::InitializeLog() is called are written to STDERR
I0000 00:00:1789678939.504106 2011870 port.cc:153] oneDNN custom operations are on. You may see slightly different numerical results due to floating-point round-off errors from different computation orders. To turn them off, set the environment variable `TF_ENABLE_ONEDNN_OPTS=0`.
  selection on 887 cached candidates
  standard candidate selection on 887 candidates
      Jpsi_vtxok                       887  (100.00 %, -0)
      finite sigma_m, sigma_v          887  (100.00 %, -0)
      min leg hits >= 8                887  (100.00 %, -0)
      chi2/ndof < 3                    886  ( 99.89 %, -1)
      |z_v| < 5                        886  ( 99.89 %, -0)
      kept                             886  ( 99.89 %)
    finite m, sigma > 0                887  (100.00 %, -0)
    standard two-track selection       886  ( 99.89 %, -1)
    m_obs in [0.4, 0.6]                886  ( 99.89 %, -0)
    sigma_m/m < 0.06                   883  ( 99.55 %, -3)
    SELECTION VARIABLE: the production cut 60 < Jpsitrk_mass < 120. in-sel 637, in-obs 887, sel&~obs 0, obs&~sel 250 (28.185 % disagree)
  |m_reco - m_gen| < 0.06 GeV keeps 882 of 883 (99.887 %)
  RESIDUAL MODE: modelling m_reco - m_gen. median +0.29 MeV, RMS 8 MeV; the kernel is a delta and the FSR fold, the acceptance and K(m) are all OFF
  weights: modal |w| 1, clipped 0 above 100x, 0 negative (0.00 %), N_eff/N = 1.0000 -> sqrt(N/N_eff) = 1.0000 on every error
  a_res: median 0.01277, q99 0.04726, 0 clipped at 0.5
  jensen: f_ang median 7.072e-01 (q01 -1.733e-01, q99 9.676e-01) folded into s^2
  jensen (exact): median 1.5 s^2 = 1.2260e-04 relative -> 0.06 MeV
  882 candidates, nt = 64, tau [0, 7.8926], families ['ms', 'ioni', 'rad'] + hit, upsample 4
  sigma: min 0.0014 med 0.0060 max 0.0271 GeV -> tau needed 5676.68 1/GeV
  truncation normalisation on [0.4, 0.6], 64 class(es), 8192 t points
  residual mode: no lineshape provider (delta kernel)
E0000 00:00:1789678950.271185 2011870 cuda_platform.cc:52] failed call to cuInit: INTERNAL: CUDA error: Failed call to cuInit: UNKNOWN ERROR (303)
  parameters ['alpha', 'k_hit', 'k_ms', 'k_ioni', 'k_rad']
    POIs ['alpha']
  -> /work/submit/david_w/ZMass/calibration_studies/resolution/ksclosure/runs/ks_all.hdf5 (0.00 GB) in 0.0 s
=== fit ===
WARNING: All log messages before absl::InitializeLog() is called are written to STDERR
I0000 00:00:1789678953.987517 2014729 port.cc:153] oneDNN custom operations are on. You may see slightly different numerical results due to floating-point round-off errors from different computation orders. To turn them off, set the environment variable `TF_ENABLE_ONEDNN_OPTS=0`.
WARNING: All log messages before absl::InitializeLog() is called are written to STDERR
I0000 00:00:1789678965.322504 2014729 port.cc:153] oneDNN custom operations are on. You may see slightly different numerical results due to floating-point round-off errors from different computation orders. To turn them off, set the environment variable `TF_ENABLE_ONEDNN_OPTS=0`.
E0000 00:00:1789678979.785136 2014729 cuda_platform.cc:52] failed call to cuInit: INTERNAL: CUDA error: Failed call to cuInit: UNKNOWN ERROR (303)
[33;21mWARNING:rabbit_fit.py: No GPU is visible to TensorFlow although it was built with CUDA: the fit will run on the CPU. If that is not intended, check CUDA_VISIBLE_DEVICES and that LD_LIBRARY_PATH carries the CUDA runtime (TF reports a failed dlopen only at a log level that TF_CPP_MIN_LOG_LEVEL usually hides).[0m
ks_dummy {'axes': [Integer(0, 1, underflow=False, overflow=False, name='bin')], 'masked': False, 'flow': False, 'start': 0, 'stop': 1}
[38;21mINFO:unbinned.py: Loaded unbinned term 'ks' (kind MassCF, channel ks): 882 candidates, 1 chunk(s) of 882, parameters ['alpha', 'k_hit', 'k_ms', 'k_ioni', 'k_rad'][0m
[38;21mINFO:unbinned_params.py: UnbinnedParams: 1 POI(s) ['alpha'], 4 nuisance(s) ['k_hit', 'k_ms', 'k_ioni', 'k_rad'], 0 with a Gaussian prior[0m
[38;21mINFO:fitter.py: Unblinding 1 parameters: ['alpha'][0m
[38;21mINFO:fitter.py: unbinned term 'ks': kernel is 'delta', so the corrections move from the fluctuation form to the residual form -- exact there, and not a first-order truncation that can go negative[0m
[38;21mINFO:fitter.py: unbinned term 'ks': 882 candidates in 1 chunk(s) of 882, graph loop[0m
[38;21mINFO:fitter.py: 1 unbinned term(s): the Hessian is assembled from Hessian-vector products rather than from the vectorised jacobian, and the HVP is revrev.[0m
