=== card /work/submit/david_w/ZMass/calibration_studies/resolution/ksclosure/runs/ks_all_naive.hdf5 ===
[make_card] /work/submit/david_w/ZMass/calibration_studies/resolution/ksclosure/runs/kspairs_all.npz
WARNING: All log messages before absl::InitializeLog() is called are written to STDERR
I0000 00:00:1789678741.241240 1999691 port.cc:153] oneDNN custom operations are on. You may see slightly different numerical results due to floating-point round-off errors from different computation orders. To turn them off, set the environment variable `TF_ENABLE_ONEDNN_OPTS=0`.
WARNING: All log messages before absl::InitializeLog() is called are written to STDERR
I0000 00:00:1789678753.803702 1999691 port.cc:153] oneDNN custom operations are on. You may see slightly different numerical results due to floating-point round-off errors from different computation orders. To turn them off, set the environment variable `TF_ENABLE_ONEDNN_OPTS=0`.
  selection on 887 cached candidates
  standard candidate selection on 887 candidates
      Jpsi_vtxok                       887  (100.00 %, -0)
      finite sigma_m, sigma_v          887  (100.00 %, -0)
      min leg hits >= 8                887  (100.00 %, -0)
      chi2/ndof < 3                    886  ( 99.89 %, -1)
      |z_v| < 5                        886  ( 99.89 %, -0)
      kept                             886  ( 99.89 %)
    finite m, sigma > 0                887  (100.00 %, -0)
    standard two-track selection       886  ( 99.89 %, -1)
    m_obs in [0.4, 0.6]                886  ( 99.89 %, -0)
    sigma_m/m < 0.06                   883  ( 99.55 %, -3)
    SELECTION VARIABLE: the production cut 60 < Jpsitrk_mass < 120. in-sel 637, in-obs 887, sel&~obs 0, obs&~sel 250 (28.185 % disagree)
  |m_reco - m_gen| < 0.06 GeV keeps 882 of 883 (99.887 %)
  RESIDUAL MODE: modelling m_reco - m_gen. median +0.29 MeV, RMS 8 MeV; the kernel is a delta and the FSR fold, the acceptance and K(m) are all OFF
  weights: modal |w| 1, clipped 0 above 100x, 0 negative (0.00 %), N_eff/N = 1.0000 -> sqrt(N/N_eff) = 1.0000 on every error
  882 candidates, nt = 64, tau [0, 7.8926], families ['ms', 'ioni', 'rad'] + hit, upsample 4
  sigma: min 0.0014 med 0.0060 max 0.0271 GeV -> tau needed 5676.68 1/GeV
  truncation normalisation on [0.4, 0.6], 64 class(es), 8192 t points
  residual mode: no lineshape provider (delta kernel)
E0000 00:00:1789678764.864315 1999691 cuda_platform.cc:52] failed call to cuInit: INTERNAL: CUDA error: Failed call to cuInit: UNKNOWN ERROR (303)
  parameters ['alpha', 'k_hit', 'k_ms', 'k_ioni', 'k_rad']
    POIs ['alpha']
  -> /work/submit/david_w/ZMass/calibration_studies/resolution/ksclosure/runs/ks_all_naive.hdf5 (0.00 GB) in 0.1 s
=== fit ===
WARNING: All log messages before absl::InitializeLog() is called are written to STDERR
I0000 00:00:1789678768.295552 2001714 port.cc:153] oneDNN custom operations are on. You may see slightly different numerical results due to floating-point round-off errors from different computation orders. To turn them off, set the environment variable `TF_ENABLE_ONEDNN_OPTS=0`.
WARNING: All log messages before absl::InitializeLog() is called are written to STDERR
I0000 00:00:1789678780.167658 2001714 port.cc:153] oneDNN custom operations are on. You may see slightly different numerical results due to floating-point round-off errors from different computation orders. To turn them off, set the environment variable `TF_ENABLE_ONEDNN_OPTS=0`.
E0000 00:00:1789678794.521356 2001714 cuda_platform.cc:52] failed call to cuInit: INTERNAL: CUDA error: Failed call to cuInit: UNKNOWN ERROR (303)
[33;21mWARNING:rabbit_fit.py: No GPU is visible to TensorFlow although it was built with CUDA: the fit will run on the CPU. If that is not intended, check CUDA_VISIBLE_DEVICES and that LD_LIBRARY_PATH carries the CUDA runtime (TF reports a failed dlopen only at a log level that TF_CPP_MIN_LOG_LEVEL usually hides).[0m
ks_dummy {'axes': [Integer(0, 1, underflow=False, overflow=False, name='bin')], 'masked': False, 'flow': False, 'start': 0, 'stop': 1}
[38;21mINFO:unbinned.py: Loaded unbinned term 'ks' (kind MassCF, channel ks): 882 candidates, 1 chunk(s) of 882, parameters ['alpha', 'k_hit', 'k_ms', 'k_ioni', 'k_rad'][0m
[38;21mINFO:unbinned_params.py: UnbinnedParams: 1 POI(s) ['alpha'], 4 nuisance(s) ['k_hit', 'k_ms', 'k_ioni', 'k_rad'], 0 with a Gaussian prior[0m
[38;21mINFO:fitter.py: Unblinding 1 parameters: ['alpha'][0m
[38;21mINFO:fitter.py: unbinned term 'ks': kernel is 'delta', so the corrections move from the fluctuation form to the residual form -- exact there, and not a first-order truncation that can go negative[0m
[38;21mINFO:fitter.py: unbinned term 'ks': 882 candidates in 1 chunk(s) of 882, graph loop[0m
[38;21mINFO:fitter.py: 1 unbinned term(s): the Hessian is assembled from Hessian-vector products rather than from the vectorised jacobian, and the HVP is revrev.[0m
[38;21mINFO:fitter.py: Perform iterative fit[0m
[38;21mINFO:fitter.py: [minimize] minimising over 1 floating parameter(s); 4 frozen one(s) are removed from the vector the minimiser sees, not merely stop-gradiented, and are held at: k_hit=1, k_ms=1, k_ioni=1, k_rad=1[0m
[38;21mINFO:fitter.py: [minimize] method=trust-exact options={}[0m
[38;21mINFO:fitter.py:   - Condition number: 1.0[0m
[38;21mINFO:fitter.py:   - edmval: 0.93273342167276[0m
[38;21mINFO:fitter.py:   - Condition number: 1.0[0m
[38;21mINFO:fitter.py:   - edmval: 1.3588691169225152e-07[0m
[38;21mINFO:fitter.py:   - Condition number: 1.0[0m
[38;21mINFO:fitter.py:   - edmval: 1.7497321547094056e-20[0m
[38;21mINFO:fitter.py:   - Condition number: 1.0[0m
[38;21mINFO:fitter.py:   - edmval: 6.641949215637856e-27[0m
[38;21mINFO:rabbit_fit.py: profile beta[0m
[38;21mINFO:rabbit_fit.py: edmval: 1.7497321547094056e-20[0m
 ** On entry to DTRTRI parameter number  5 had an illegal value
[38;21mINFO:rabbit_fit.py: edmvalbeta: (np.float64(0.0), array([], shape=(0, 0), dtype=float64))[0m
[38;21mINFO:rabbit_fit.py: Unbinned likelihood terms contribute -3204.699704 to the NLL; the saturated chi2 below is for the binned likelihood only[0m
[38;21mINFO:rabbit_fit.py: Saturated chi2:[0m
[38;21mINFO:rabbit_fit.py:     ndof: 0[0m
[38;21mINFO:rabbit_fit.py:       = 1 bins - 1 free of 5 ParamModel params - 0 free of 0 systematics[0m
[38;21mINFO:rabbit_fit.py:     2*deltaNLL: 0.0[0m
[38;21mINFO:rabbit_fit.py:     p-value: nan%[0m
/work/submit/david_w/WRemnants_dev/wums/wums/ioutils.py:160: FutureWarning: .metadata was not set, returning None instead of Attribute error, boost-histogram 1.7+ will error.
  metadata = obj.metadata if hasattr(obj, "metadata") else None
Results written in file /work/submit/david_w/ZMass/calibration_studies/resolution/ksclosure/runs/results/rabbit_all_naive.hdf5
[38;21mINFO:rabbit_fit.py: 32.05 seconds total time[0m
=== result ===
5 parameters -> /work/submit/david_w/ZMass/calibration_studies/resolution/ksclosure/runs/results/all_naive.json   (EDM 1.75e-20)
edmval: 6.641949215637856e-27
edmval: 1.7497321547094056e-20
