Traceback (most recent call last):
  File "/work/submit/david_w/ZMass/calibration_studies/resolution/cgf_schedule.py", line 405, in <module>
    "identify the same leg across iterations")

  File "/work/submit/david_w/ZMass/calibration_studies/resolution/cgf_schedule.py", line 401, in main
    d.add_argument("--log", required=True,
    ^^^^^^^^^^^^^^^
  File "/work/submit/david_w/ZMass/calibration_studies/resolution/cgf_schedule.py", line 173, in cmd_run
    logger.info(f"[{lab}] rc={p.returncode} wall={dt:.1f}s")
              ^^^^^^^^^^^^^^^^^^^^^^^^^^^^^^^^^^^^^^^^^^^^^^
  File "/cvmfs/sft.cern.ch/lcg/views/LCG_106a/x86_64-el9-gcc11-opt/lib/python3.11/concurrent/futures/_base.py", line 619, in result_iterator
    yield _result_or_cancel(fs.pop())
          ^^^^^^^^^^^^^^^^^^^^^^^^^^^
  File "/cvmfs/sft.cern.ch/lcg/views/LCG_106a/x86_64-el9-gcc11-opt/lib/python3.11/concurrent/futures/_base.py", line 317, in _result_or_cancel
    return fut.result(timeout)
           ^^^^^^^^^^^^^^^^^^^
  File "/cvmfs/sft.cern.ch/lcg/views/LCG_106a/x86_64-el9-gcc11-opt/lib/python3.11/concurrent/futures/_base.py", line 456, in result
    return self.__get_result()
           ^^^^^^^^^^^^^^^^^^^
  File "/cvmfs/sft.cern.ch/lcg/views/LCG_106a/x86_64-el9-gcc11-opt/lib/python3.11/concurrent/futures/_base.py", line 401, in __get_result
    raise self._exception
  File "/cvmfs/sft.cern.ch/lcg/views/LCG_106a/x86_64-el9-gcc11-opt/lib/python3.11/concurrent/futures/thread.py", line 58, in run
    result = self.fn(*self.args, **self.kwargs)
             ^^^^^^^^^^^^^^^^^^^^^^^^^^^^^^^^^^
  File "/work/submit/david_w/ZMass/calibration_studies/resolution/cgf_schedule.py", line 173, in <lambda>
    logger.info(f"[{lab}] rc={p.returncode} wall={dt:.1f}s")
                                    ^^^^^^^^^^^^^^^^^^^^^^^^
  File "/work/submit/david_w/ZMass/calibration_studies/resolution/cgf_schedule.py", line 163, in run_one
    fh.flush()
FileNotFoundError: [Errno 2] No such file or directory: '/work/submit/david_w/ZMass/calibration_studies/resolution/runs/cgfsched/edoff_off/wall.txt'
